 spoly

 Timestamp is 64172fda (Sun Mar 19 10:52:58 2023)

 Preferred load address is 00400000

 Start         Length     Name                   Class
 0001:00000000 00017adcH .text                   CODE
 0002:00000000 00001d38H .rdata                  DATA
 0002:00001d38 00000014H .xdata                  DATA
 0002:00001d4c 00000000H .edata                  DATA
 0003:00000000 00000004H .CRT$XCA                DATA
 0003:00000008 00000004H .CRT$XCZ                DATA
 0003:00000010 00000004H .CRT$XIA                DATA
 0003:00000018 00000004H .CRT$XIC                DATA
 0003:00000020 00000004H .CRT$XIZ                DATA
 0003:00000028 00000004H .CRT$XPA                DATA
 0003:00000030 00000004H .CRT$XPX                DATA
 0003:00000038 00000004H .CRT$XPZ                DATA
 0003:00000040 00000004H .CRT$XTA                DATA
 0003:00000048 00000004H .CRT$XTZ                DATA
 0003:00000050 00001e70H .data                   DATA
 0003:00001ec0 00001760H .bss                    DATA
 0004:00000000 0000260cH .pdata                  DATA
 0005:00000000 00000064H .idata$2                DATA
 0005:00000064 00000014H .idata$3                DATA
 0005:00000078 000001f8H .idata$4                DATA
 0005:00000270 000004a8H .idata$4toc             DATA
 0005:00000718 000001f8H .idata$5                DATA
 0005:00000910 00000750H .idata$6                DATA
 0006:00000000 00000038H .reldata                DATA
 0007:00000000 00000108H .rsrc$01                DATA
 0007:00000110 00000324H .rsrc$02                DATA

  Address         Publics by Value              Rva+Base   Lib:Object

 0001:00000000       ..WinMain                  00401000 f winmain.obj
 0001:0000019c       ..?InitApplication@@YAHPAX@Z 0040119c f winmain.obj
 0001:000002e0       ..?InitInstance@@YAHPAXH@Z 004012e0 f winmain.obj
 0001:00000540       ..?FrameWndOnCreate@@YAXPAX@Z 00401540 f winmain.obj
 0001:000005f4       ..?FrameWndOnSize@@YAXPAX@Z 004015f4 f winmain.obj
 0001:00000748       ..FrameWndProc             00401748 f winmain.obj
 0001:0000093c       ..ConvertStrAtoW           0040193c f winmain.obj
 0001:000009b8       ..WideString               004019b8 f winmain.obj
 0001:000009fc       ..ConvertStrWtoA           004019fc f winmain.obj
 0001:00000a8c       ..AnsiString               00401a8c f winmain.obj
 0001:00000ad0       ..?SetHeight@CStatBar@@QAAXH@Z 00401ad0 f winmain.obj
 0001:00000b04       ..?SetText@CStatBar@@QAAXPAG@Z 00401b04 f winmain.obj
 0001:00000b88       ..?Move@CStatBar@@QAAXXZ   00401b88 f winmain.obj
 0001:00000c04       ..?SetX@CStatBar@@QAAXH@Z  00401c04 f winmain.obj
 0001:00000c38       ..?SetY@CStatBar@@QAAXH@Z  00401c38 f winmain.obj
 0001:00000c6c       ..?GetHeight@CStatBar@@QAAHXZ 00401c6c f winmain.obj
 0001:00000ca0       ..?SetWidth@CStatBar@@QAAXH@Z 00401ca0 f winmain.obj
 0001:00000cd4       ..??0CPoly@@AAA@XZ         00401cd4 f cpoly.obj
 0001:00000d94       ..?Create@CPoly@@SAPAV1@XZ 00401d94 f cpoly.obj
 0001:00000ec0       ..?QueryInterface@CPoly@@UAAJABU_GUID@@PAPAX@Z 00401ec0 f cpoly.obj
 0001:00000f80       ..?AddRef@CPoly@@UAAKXZ    00401f80 f cpoly.obj
 0001:00000fc4       ..?Release@CPoly@@UAAKXZ   00401fc4 f cpoly.obj
 0001:0000112c       ..?GetTypeInfoCount@CPoly@@UAAJPAI@Z 0040212c f cpoly.obj
 0001:0000116c       ..?GetTypeInfo@CPoly@@UAAJIKPAPAUITypeInfo@@@Z 0040216c f cpoly.obj
 0001:000011ac       ..?GetIDsOfNames@CPoly@@UAAJABU_GUID@@PAPAGIKPAJ@Z 004021ac f cpoly.obj
 0001:0000123c       ..?Invoke@CPoly@@UAAJJABU_GUID@@KGPAUtagDISPPARAMS@@PAUtagVARIANT@@PAUtagEXCEPINFO@@PAI@Z 0040223c f cpoly.obj
 0001:00001b60       ..?Draw@CPoly@@UAAXXZ      00402b60 f cpoly.obj
 0001:00001e84       ..?Reset@CPoly@@UAAXXZ     00402e84 f cpoly.obj
 0001:00001f4c       ..?AddPoint@CPoly@@UAAJFF@Z 00402f4c f cpoly.obj
 0001:000020cc       ..?EnumPoints@CPoly@@UAAJPAPAUIEnumVARIANT@@@Z 004030cc f cpoly.obj
 0001:00002320       ..?GetXOrigin@CPoly@@UAAFXZ 00403320 f cpoly.obj
 0001:00002354       ..?SetXOrigin@CPoly@@UAAXF@Z 00403354 f cpoly.obj
 0001:0000238c       ..?GetYOrigin@CPoly@@UAAFXZ 0040338c f cpoly.obj
 0001:000023c0       ..?SetYOrigin@CPoly@@UAAXF@Z 004033c0 f cpoly.obj
 0001:000023f8       ..?GetWidth@CPoly@@UAAFXZ  004033f8 f cpoly.obj
 0001:0000242c       ..?SetWidth@CPoly@@UAAXF@Z 0040342c f cpoly.obj
 0001:00002464       ..?get_red@CPoly@@UAAFXZ   00403464 f cpoly.obj
 0001:00002498       ..?set_red@CPoly@@UAAXF@Z  00403498 f cpoly.obj
 0001:000024d0       ..?get_green@CPoly@@UAAFXZ 004034d0 f cpoly.obj
 0001:00002504       ..?set_green@CPoly@@UAAXF@Z 00403504 f cpoly.obj
 0001:0000253c       ..?get_blue@CPoly@@UAAFXZ  0040353c f cpoly.obj
 0001:00002570       ..?set_blue@CPoly@@UAAXF@Z 00403570 f cpoly.obj
 0001:000025a8       ..?Dump@CPoly@@UAAXXZ      004035a8 f cpoly.obj
 0001:00002948       ..?Quit@CPoly@@UAAXXZ      00403948 f cpoly.obj
 0001:00002978       ..?PolyDraw@CPoly@@SAXXZ   00403978 f cpoly.obj
 0001:000029fc       ..?PolyTerm@CPoly@@SAXXZ   004039fc f cpoly.obj
 0001:00002aa4       ..?PolyDump@CPoly@@SAXXZ   00403aa4 f cpoly.obj
 0001:00002b74       ..??0CPolyCF@@AAA@XZ       00403b74 f cpoly.obj
 0001:00002bc8       ..?Create@CPolyCF@@SAPAUIClassFactory@@XZ 00403bc8 f cpoly.obj
 0001:00002c6c       ..?QueryInterface@CPolyCF@@UAAJABU_GUID@@PAPAX@Z 00403c6c f cpoly.obj
 0001:00002d0c       ..?AddRef@CPolyCF@@UAAKXZ  00403d0c f cpoly.obj
 0001:00002d50       ..?Release@CPolyCF@@UAAKXZ 00403d50 f cpoly.obj
 0001:00002dc4       ..?CreateInstance@CPolyCF@@UAAJPAUIUnknown@@ABU_GUID@@PAPAX@Z 00403dc4 f cpoly.obj
 0001:00002e9c       ..?LockServer@CPolyCF@@UAAJH@Z 00403e9c f cpoly.obj
 0001:00002ed0       ..??0IDispatch@@QAA@XZ     00403ed0 f cpoly.obj
 0001:00002f18       ..??0IUnknown@@QAA@XZ      00403f18 f cpoly.obj
 0001:00002f58       ..?IsEqualGUID@@YAHABU_GUID@@0@Z 00403f58 f cpoly.obj
 0001:00002fb4       ..??0IClassFactory@@QAA@XZ 00403fb4 f cpoly.obj
 0001:00002ffc       ..??0CPoint@@AAA@XZ        00403ffc f cpoint.obj
 0001:00003068       ..?Create@CPoint@@SAPAV1@XZ 00404068 f cpoint.obj
 0001:0000310c       ..?QueryInterface@CPoint@@UAAJABU_GUID@@PAPAX@Z 0040410c f cpoint.obj
 0001:000031cc       ..?AddRef@CPoint@@UAAKXZ   004041cc f cpoint.obj
 0001:00003210       ..?Release@CPoint@@UAAKXZ  00404210 f cpoint.obj
 0001:00003284       ..?GetTypeInfoCount@CPoint@@UAAJPAI@Z 00404284 f cpoint.obj
 0001:000032c4       ..?GetTypeInfo@CPoint@@UAAJIKPAPAUITypeInfo@@@Z 004042c4 f cpoint.obj
 0001:00003304       ..?GetIDsOfNames@CPoint@@UAAJABU_GUID@@PAPAGIKPAJ@Z 00404304 f cpoint.obj
 0001:00003394       ..?Invoke@CPoint@@UAAJJABU_GUID@@KGPAUtagDISPPARAMS@@PAUtagVARIANT@@PAUtagEXCEPINFO@@PAI@Z 00404394 f cpoint.obj
 0001:000036c8       ..?GetX@CPoint@@UAAFXZ     004046c8 f cpoint.obj
 0001:000036fc       ..?SetX@CPoint@@UAAXF@Z    004046fc f cpoint.obj
 0001:00003734       ..?GetY@CPoint@@UAAFXZ     00404734 f cpoint.obj
 0001:00003768       ..?SetY@CPoint@@UAAXF@Z    00404768 f cpoint.obj
 0001:000037a0       ..??0CPointCF@@AAA@XZ      004047a0 f cpoint.obj
 0001:000037f4       ..?Create@CPointCF@@SAPAUIClassFactory@@XZ 004047f4 f cpoint.obj
 0001:00003898       ..?QueryInterface@CPointCF@@UAAJABU_GUID@@PAPAX@Z 00404898 f cpoint.obj
 0001:00003938       ..?AddRef@CPointCF@@UAAKXZ 00404938 f cpoint.obj
 0001:0000397c       ..?Release@CPointCF@@UAAKXZ 0040497c f cpoint.obj
 0001:000039f0       ..?CreateInstance@CPointCF@@UAAJPAUIUnknown@@ABU_GUID@@PAPAX@Z 004049f0 f cpoint.obj
 0001:00003ac8       ..?LockServer@CPointCF@@UAAJH@Z 00404ac8 f cpoint.obj
 0001:00003afc       ..??0CEnumPoint@@QAA@XZ    00404afc f cenumpt.obj
 0001:00003b74       ..?Create@CEnumPoint@@SAJPAUtagSAFEARRAY@@PAPAV1@@Z 00404b74 f cenumpt.obj
 0001:00003d84       ..?QueryInterface@CEnumPoint@@UAAJABU_GUID@@PAPAX@Z 00404d84 f cenumpt.obj
 0001:00003e44       ..?AddRef@CEnumPoint@@UAAKXZ 00404e44 f cenumpt.obj
 0001:00003e88       ..?Release@CEnumPoint@@UAAKXZ 00404e88 f cenumpt.obj
 0001:00003f44       ..?Next@CEnumPoint@@UAAJKPAUtagVARIANT@@PAK@Z 00404f44 f cenumpt.obj
 0001:0000414c       ..?Skip@CEnumPoint@@UAAJK@Z 0040514c f cenumpt.obj
 0001:000041d8       ..?Reset@CEnumPoint@@UAAJXZ 004051d8 f cenumpt.obj
 0001:00004214       ..?Clone@CEnumPoint@@UAAJPAPAUIEnumVARIANT@@@Z 00405214 f cenumpt.obj
 0001:00004318       ..??0IEnumVARIANT@@QAA@XZ  00405318 f cenumpt.obj
 0001:00004360       ..??0CStatBar@@AAA@XZ      00405360 f statbar.obj
 0001:000043fc       ..??1CStatBar@@AAA@XZ      004053fc f statbar.obj
 0001:0000445c       ..?Create@CStatBar@@SAPAV1@PAX0@Z 0040545c f statbar.obj
 0001:00004614       ..?QueryInterface@CStatBar@@UAAJABU_GUID@@PAPAX@Z 00405614 f statbar.obj
 0001:000046bc       ..?AddRef@CStatBar@@UAAKXZ 004056bc f statbar.obj
 0001:00004700       ..?Release@CStatBar@@UAAKXZ 00405700 f statbar.obj
 0001:000047c4       ..?Register@CStatBar@@QAAHPAX@Z 004057c4 f statbar.obj
 0001:0000493c       ..?Show@CStatBar@@QAAXXZ   0040593c f statbar.obj
 0001:00004998       ..?SetFont@CStatBar@@QAAXPAX@Z 00405998 f statbar.obj
 0001:00004ae8       ..?WMPaint@CStatBar@@QAAXXZ 00405ae8 f statbar.obj
 0001:000051ac       ..StatBarWndProc           004061ac f statbar.obj
 0001:00005298       ..SBprintf                 00406298 f statbar.obj
 0001:0000534c       ..??_GCStatBar@@AAAPAXI@Z  0040634c f statbar.obj
 0001:000053a8       ..?Update@CStatBar@@QAAXXZ 004063a8 f statbar.obj
 0001:00005438       ..InitOle                  00406438 f misc.obj
 0001:000056ac       ..Revoke                   004066ac f misc.obj
 0001:00005770       ..UninitOle                00406770 f misc.obj
 0001:000057c8       ..SPolyGetIDsOfNames       004067c8 f misc.obj
 0001:000059cc       ..Assert                   004069cc f misc.obj
 0001:00005aa8       ..?IncObjectCount@@YAXXZ   00406aa8 f misc.obj
 0001:00005adc       ..?DecObjectCount@@YAXXZ   00406adc f misc.obj
 0001:00005b60       ..CoRegisterClassObject    00406b60 f ole32:ole32.dll
 0001:00005b78       ..OleInitialize            00406b78 f ole32:ole32.dll
 0001:00005b90       ..CoRevokeClassObject      00406b90 f ole32:ole32.dll
 0001:00005ba8       ..OleUninitialize          00406ba8 f ole32:ole32.dll
 0001:00005bc0       ..SysAllocString           00406bc0 f oleaut32:OLEAUT32.dll
 0001:00005bd8       ..SysFreeString            00406bd8 f oleaut32:OLEAUT32.dll
 0001:00005bf0       ..DispGetParam             00406bf0 f oleaut32:OLEAUT32.dll
 0001:00005c08       ..VariantInit              00406c08 f oleaut32:OLEAUT32.dll
 0001:00005c20       ..SafeArrayDestroy         00406c20 f oleaut32:OLEAUT32.dll
 0001:00005c38       ..VariantClear             00406c38 f oleaut32:OLEAUT32.dll
 0001:00005c50       ..SafeArrayPutElement      00406c50 f oleaut32:OLEAUT32.dll
 0001:00005c68       ..SafeArrayCreate          00406c68 f oleaut32:OLEAUT32.dll
 0001:00005c80       ..SafeArrayGetUBound       00406c80 f oleaut32:OLEAUT32.dll
 0001:00005c98       ..SafeArrayGetLBound       00406c98 f oleaut32:OLEAUT32.dll
 0001:00005cb0       ..SafeArrayGetDim          00406cb0 f oleaut32:OLEAUT32.dll
 0001:00005cc8       ..SafeArrayGetElement      00406cc8 f oleaut32:OLEAUT32.dll
 0001:00005ce0       ..SafeArrayCopy            00406ce0 f oleaut32:OLEAUT32.dll
 0001:00005cf8       ..SysStringLen             00406cf8 f oleaut32:OLEAUT32.dll
 0001:00005d10       ..__restgpr_All            00406d10 f libcmt:restgpr.obj
 0001:00005d44       ..__restgpr_14             00406d44   libcmt:restgpr.obj
 0001:00005d48       ..__restgpr_15             00406d48   libcmt:restgpr.obj
 0001:00005d4c       ..__restgpr_16             00406d4c   libcmt:restgpr.obj
 0001:00005d50       ..__restgpr_17             00406d50   libcmt:restgpr.obj
 0001:00005d54       ..__restgpr_18             00406d54   libcmt:restgpr.obj
 0001:00005d58       ..__restgpr_19             00406d58   libcmt:restgpr.obj
 0001:00005d5c       ..__restgpr_20             00406d5c   libcmt:restgpr.obj
 0001:00005d60       ..__restgpr_21             00406d60   libcmt:restgpr.obj
 0001:00005d64       ..__restgpr_22             00406d64   libcmt:restgpr.obj
 0001:00005d68       ..__restgpr_23             00406d68   libcmt:restgpr.obj
 0001:00005d6c       ..__restgpr_24             00406d6c   libcmt:restgpr.obj
 0001:00005d70       ..__restgpr_25             00406d70   libcmt:restgpr.obj
 0001:00005d74       ..__restgpr_26             00406d74   libcmt:restgpr.obj
 0001:00005d78       ..__restgpr_27             00406d78   libcmt:restgpr.obj
 0001:00005d7c       ..__restgpr_28             00406d7c   libcmt:restgpr.obj
 0001:00005d80       ..__restgpr_29             00406d80   libcmt:restgpr.obj
 0001:00005d84       ..__restgpr_30             00406d84   libcmt:restgpr.obj
 0001:00005d88       ..__restgpr_31             00406d88   libcmt:restgpr.obj
 0001:00005d90       .._purecall                00406d90 f libcmt:purevirt.obj
 0001:00005db8       ..??2@YAPAXI@Z             00406db8 f libcmt:new.obj
 0001:00005de0       ..memcmp                   00406de0   libcmt:memcmpp.obj
 0001:00005e18       ..??3@YAXPAX@Z             00406e18 f libcmt:delete.obj
 0001:00005e3c       ..sprintf                  00406e3c f libcmt:sprintf.obj
 0001:00005efc       ..WinMainCRTStartup        00406efc f libcmt:wincrt0.obj
 0001:000061c0       .._amsg_exit               004071c0 f libcmt:wincrt0.obj
 0001:00006228       ..malloc                   00407228 f libcmt:malloc.obj
 0001:00006250       .._nh_malloc               00407250 f libcmt:malloc.obj
 0001:000062d8       .._heap_alloc              004072d8 f libcmt:malloc.obj
 0001:00006324       ..free                     00407324 f libcmt:free.obj
 0001:00006378       .._flsbuf                  00407378 f libcmt:_flsbuf.obj
 0001:00006594       .._output                  00407594 f libcmt:output.obj
 0001:00007300       .._cinit                   00408300 f libcmt:crt0dat.obj
 0001:0000733c       ..exit                     0040833c f libcmt:crt0dat.obj
 0001:00007364       .._exit                    00408364 f libcmt:crt0dat.obj
 0001:0000738c       .._cexit                   0040838c f libcmt:crt0dat.obj
 0001:000073b8       .._c_exit                  004083b8 f libcmt:crt0dat.obj
 0001:00007520       .._lockexit                00408520 f libcmt:crt0dat.obj
 0001:00007548       .._unlockexit              00408548 f libcmt:crt0dat.obj
 0001:000075d4       ..__C_specific_handler     004085d4 f libcmt:chandler.obj
 0001:00007790       ..__savegpr_All            00408790 f libcmt:savegpr.obj
 0001:000077c4       ..__savegpr_14             004087c4   libcmt:savegpr.obj
 0001:000077c8       ..__savegpr_15             004087c8   libcmt:savegpr.obj
 0001:000077cc       ..__savegpr_16             004087cc   libcmt:savegpr.obj
 0001:000077d0       ..__savegpr_17             004087d0   libcmt:savegpr.obj
 0001:000077d4       ..__savegpr_18             004087d4   libcmt:savegpr.obj
 0001:000077d8       ..__savegpr_19             004087d8   libcmt:savegpr.obj
 0001:000077dc       ..__savegpr_20             004087dc   libcmt:savegpr.obj
 0001:000077e0       ..__savegpr_21             004087e0   libcmt:savegpr.obj
 0001:000077e4       ..__savegpr_22             004087e4   libcmt:savegpr.obj
 0001:000077e8       ..__savegpr_23             004087e8   libcmt:savegpr.obj
 0001:000077ec       ..__savegpr_24             004087ec   libcmt:savegpr.obj
 0001:000077f0       ..__savegpr_25             004087f0   libcmt:savegpr.obj
 0001:000077f4       ..__savegpr_26             004087f4   libcmt:savegpr.obj
 0001:000077f8       ..__savegpr_27             004087f8   libcmt:savegpr.obj
 0001:000077fc       ..__savegpr_28             004087fc   libcmt:savegpr.obj
 0001:00007800       ..__savegpr_29             00408800   libcmt:savegpr.obj
 0001:00007804       ..__savegpr_30             00408804   libcmt:savegpr.obj
 0001:00007808       ..__savegpr_31             00408808   libcmt:savegpr.obj
 0001:00007810       .._XcptFilter              00408810 f libcmt:winxfltr.obj
 0001:00007a8c       .._ismbbkalnum             00408a8c f libcmt:ismbbyte.obj
 0001:00007ab4       .._ismbbkprint             00408ab4 f libcmt:ismbbyte.obj
 0001:00007adc       .._ismbbkpunct             00408adc f libcmt:ismbbyte.obj
 0001:00007b04       .._ismbbalnum              00408b04 f libcmt:ismbbyte.obj
 0001:00007b2c       .._ismbbalpha              00408b2c f libcmt:ismbbyte.obj
 0001:00007b54       .._ismbbgraph              00408b54 f libcmt:ismbbyte.obj
 0001:00007b7c       .._ismbbprint              00408b7c f libcmt:ismbbyte.obj
 0001:00007ba4       .._ismbbpunct              00408ba4 f libcmt:ismbbyte.obj
 0001:00007bcc       .._ismbblead               00408bcc f libcmt:ismbbyte.obj
 0001:00007bf4       .._ismbbtrail              00408bf4 f libcmt:ismbbyte.obj
 0001:00007c1c       .._ismbbkana               00408c1c f libcmt:ismbbyte.obj
 0001:00007ccc       .._setenvp                 00408ccc f libcmt:stdenvp.obj
 0001:00007e24       .._setargv                 00408e24 f libcmt:stdargv.obj
 0001:000082d0       ..__crtGetEnvironmentStringsW 004092d0 f libcmt:aw_env.obj
 0001:000086d8       ..__crtGetEnvironmentStringsA 004096d8 f libcmt:aw_env.obj
 0001:00008a18       .._setmbcp                 00409a18 f libcmt:mbctype.obj
 0001:00008f94       .._getmbcp                 00409f94 f libcmt:mbctype.obj
 0001:00008fa0       ..__initmbctable           00409fa0 f libcmt:mbctype.obj
 0001:00008fc4       .._ioinit                  00409fc4 f libcmt:ioinit.obj
 0001:00009350       .._ioterm                  0040a350 f libcmt:ioinit.obj
 0001:000093e8       .._mtinit                  0040a3e8 f libcmt:tidtable.obj
 0001:000094e4       .._mtterm                  0040a4e4 f libcmt:tidtable.obj
 0001:00009544       .._initptd                 0040a544 f libcmt:tidtable.obj
 0001:00009558       .._getptd                  0040a558 f libcmt:tidtable.obj
 0001:00009670       .._freeptd                 0040a670 f libcmt:tidtable.obj
 0001:00009788       ..__threadid               0040a788 f libcmt:tidtable.obj
 0001:000097c4       ..__threadhandle           0040a7c4 f libcmt:tidtable.obj
 0001:00009800       .._heap_init               0040a800 f libcmt:heapinit.obj
 0001:00009850       .._heap_term               0040a850 f libcmt:heapinit.obj
 0001:00009894       .._FF_MSGBANNER            0040a894 f libcmt:crt0msg.obj
 0001:00009918       .._NMSG_WRITE              0040a918 f libcmt:crt0msg.obj
 0001:00009c14       .._GET_RTERRMSG            0040ac14 f libcmt:crt0msg.obj
 0001:00009c68       ..?_set_new_handler@@YAP6AHI@ZP6AHI@Z@Z 0040ac68 f libcmt:handler.obj
 0001:00009cb4       ..?_query_new_handler@@YAP6AHI@ZXZ 0040acb4 f libcmt:handler.obj
 0001:00009cc0       .._callnewh                0040acc0 f libcmt:handler.obj
 0001:00009d54       .._lseek                   0040ad54 f libcmt:lseek.obj
 0001:00009e1c       .._lseek_lk                0040ae1c f libcmt:lseek.obj
 0001:00009f28       .._write                   0040af28 f libcmt:write.obj
 0001:00009ff0       .._write_lk                0040aff0 f libcmt:write.obj
 0001:0000a280       .._getbuf                  0040b280 f libcmt:_getbuf.obj
 0001:0000a30c       .._isatty                  0040b30c f libcmt:isatty.obj
 0001:0000a350       ..__initstdio              0040b350 f libcmt:_file.obj
 0001:0000a490       ..__endstdio               0040b490 f libcmt:_file.obj
 0001:0000a4d0       ..__u64div                 0040b4d0 f libcmt:u64div.obj
 0001:0000a610       ..__u64rem                 0040b610 f libcmt:u64rem.obj
 0001:0000a734       ..wctomb                   0040b734 f libcmt:wctomb.obj
 0001:0000a7d4       .._wctomb_lk               0040b7d4 f libcmt:wctomb.obj
 0001:0000a90c       .._fpmath                  0040b90c f libcmt:fpinit.obj
 0001:0000a92c       .._fpclear                 0040b92c f libcmt:fpinit.obj
 0001:0000a930       .._cfltcvt_init            0040b930 f libcmt:fpinit.obj
 0001:0000a964       ..__setfflag               0040b964 f libcmt:fpinit.obj
 0001:0000a978       .._mtinitlocks             0040b978 f libcmt:mlock.obj
 0001:0000aa18       .._mtdeletelocks           0040ba18 f libcmt:mlock.obj
 0001:0000ab28       .._lock                    0040bb28 f libcmt:mlock.obj
 0001:0000abf8       .._unlock                  0040bbf8 f libcmt:mlock.obj
 0001:0000ac40       .._lock_file               0040bc40 f libcmt:mlock.obj
 0001:0000acb0       .._lock_file2              0040bcb0 f libcmt:mlock.obj
 0001:0000ad08       .._unlock_file             0040bd08 f libcmt:mlock.obj
 0001:0000ad78       .._unlock_file2            0040bd78 f libcmt:mlock.obj
 0001:0000add0       .._lockerr_exit            0040bdd0 f libcmt:mlock.obj
 0001:0000ae38       ..__C_ExecuteExceptionFilter 0040be38   libcmt:jmpuwind.obj
 0001:0000ae60       ..__C_ExecuteTerminationHandler 0040be60   libcmt:jmpuwind.obj
 0001:0000ae78       __NLG_Return2              0040be78   libcmt:jmpuwind.obj
 0001:0000ae88       ..__jump_unwind            0040be88   libcmt:jmpuwind.obj
 0001:0000aeb8       .._NLG_Notify              0040beb8 f libcmt:exsup.obj
 0001:0000aec8       __NLG_Dispatch             0040bec8   libcmt:exsup.obj
 0001:0000aecc       ..wcslen                   0040becc f libcmt:wcslen.obj
 0001:0000aef4       ..calloc                   0040bef4 f libcmt:calloc.obj
 0001:0000afa8       ..__crtMessageBoxA         0040bfa8 f libcmt:crtmbox.obj
 0001:0000b144       ..strncpy                  0040c144 f libcmt:strncpy.obj
 0001:0000b1b8       .._dosmaperr               0040c1b8 f libcmt:dosmap.obj
 0001:0000b284       .._errno                   0040c284 f libcmt:dosmap.obj
 0001:0000b2ac       ..__doserrno               0040c2ac f libcmt:dosmap.obj
 0001:0000b2d4       .._alloc_osfhnd            0040c2d4 f libcmt:osfinfo.obj
 0001:0000b4d4       .._set_osfhnd              0040c4d4 f libcmt:osfinfo.obj
 0001:0000b60c       .._free_osfhnd             0040c60c f libcmt:osfinfo.obj
 0001:0000b75c       .._get_osfhandle           0040c75c f libcmt:osfinfo.obj
 0001:0000b7e4       .._open_osfhandle          0040c7e4 f libcmt:osfinfo.obj
 0001:0000b938       .._lock_fhandle            0040c938 f libcmt:osfinfo.obj
 0001:0000b9fc       .._unlock_fhandle          0040c9fc f libcmt:osfinfo.obj
 0001:0000ba58       .._fcloseall               0040ca58 f libcmt:closeall.obj
 0001:0000bb44       ..fflush                   0040cb44 f libcmt:fflush.obj
 0001:0000bbac       .._fflush_lk               0040cbac f libcmt:fflush.obj
 0001:0000bc24       .._flush                   0040cc24 f libcmt:fflush.obj
 0001:0000bccc       .._flushall                0040cccc f libcmt:fflush.obj
 0001:0000bdfc       ..setlocale                0040cdfc f libcmt:setlocal.obj
 0001:0000c538       .._expandlocale            0040d538 f libcmt:setlocal.obj
 0001:0000c7a8       ..__init_dummy             0040d7a8 f libcmt:setlocal.obj
 0001:0000c7b0       .._strcats                 0040d7b0 f libcmt:setlocal.obj
 0001:0000c848       ..__lc_strtolc             0040d848 f libcmt:setlocal.obj
 0001:0000c9e0       ..__lc_lctostr             0040d9e0 f libcmt:setlocal.obj
 0001:0000ca60       .._fptrap                  0040da60 f libcmt:crt0fp.obj
 0001:0000ca88       .._forcdecpt               0040da88 f libcmt:cvt.obj
 0001:0000cb5c       .._cropzeros               0040db5c f libcmt:cvt.obj
 0001:0000cc1c       .._positive                0040dc1c f libcmt:cvt.obj
 0001:0000cc3c       .._fassign                 0040dc3c f libcmt:cvt.obj
 0001:0000ccf0       .._cftoe                   0040dcf0 f libcmt:cvt.obj
 0001:0000cf6c       .._cftof                   0040df6c f libcmt:cvt.obj
 0001:0000d138       .._cftog                   0040e138 f libcmt:cvt.obj
 0001:0000d234       .._cfltcvt                 0040e234 f libcmt:cvt.obj
 0001:0000d2f0       ..fclose                   0040e2f0 f libcmt:fclose.obj
 0001:0000d358       .._fclose_lk               0040e358 f libcmt:fclose.obj
 0001:0000d3f4       .._commit                  0040e3f4 f libcmt:commit.obj
 0001:0000d530       ..__init_time              0040e530 f libcmt:inittime.obj
 0001:0000e03c       ..__init_numeric           0040f03c f libcmt:initnum.obj
 0001:0000e360       ..__init_monetary          0040f360 f libcmt:initmon.obj
 0001:0000e7fc       ..__init_ctype             0040f7fc f libcmt:initctyp.obj
 0001:0000eb74       ..__init_collate           0040fb74 f libcmt:initcoll.obj
 0001:0000eb7c       ..strcspn                  0040fb7c f libcmt:strcspn.obj
 0001:0000ec4c       ..strncmp                  0040fc4c f libcmt:strncmp.obj
 0001:0000eca4       ..strpbrk                  0040fca4 f libcmt:strpbrk.obj
 0001:0000ed60       ..__get_qualified_locale   0040fd60 f libcmt:getqloc.obj
 0001:0000f43c       .._isctype                 0041043c f libcmt:isctype.obj
 0001:0000f50c       .._tolower                 0041050c f libcmt:tolower.obj
 0001:0000f514       ..tolower                  00410514 f libcmt:tolower.obj
 0001:0000f5d8       .._tolower_lk              004105d8 f libcmt:tolower.obj
 0001:0000f74c       .._ZeroTail                0041074c f libcmt:intrncvt.obj
 0001:0000f7e8       .._IncMan                  004107e8 f libcmt:intrncvt.obj
 0001:0000f898       .._RoundMan                00410898 f libcmt:intrncvt.obj
 0001:0000f980       .._CopyMan                 00410980 f libcmt:intrncvt.obj
 0001:0000f99c       .._FillZeroMan             0041099c f libcmt:intrncvt.obj
 0001:0000f9b0       .._IsZeroMan               004109b0 f libcmt:intrncvt.obj
 0001:0000f9ec       .._ShrMan                  004109ec f libcmt:intrncvt.obj
 0001:0000fabc       .._ld12cvt                 00410abc f libcmt:intrncvt.obj
 0001:0000fce4       .._ld12tod                 00410ce4 f libcmt:intrncvt.obj
 0001:0000fd0c       .._ld12tof                 00410d0c f libcmt:intrncvt.obj
 0001:0000fd34       .._ld12told                00410d34 f libcmt:intrncvt.obj
 0001:0000fe18       .._atodbl                  00410e18 f libcmt:intrncvt.obj
 0001:0000fe70       .._atoldbl                 00410e70 f libcmt:intrncvt.obj
 0001:0000fec8       .._atoflt                  00410ec8 f libcmt:intrncvt.obj
 0001:0000ff20       .._fptostr                 00410f20 f libcmt:_fptostr.obj
 0001:0000fff4       .._fltout2                 00410ff4 f libcmt:cfout.obj
 0001:000100e8       ..__dtold                  004110e8 f libcmt:cfout.obj
 0001:000101c8       ..memmove                  004111c8 f libcmt:memcpyp.obj
 0001:00010280       ..memcpy                   00411280 f libcmt:memcpyp.obj
 0001:00010328       .._close                   00411328 f libcmt:close.obj
 0001:000103dc       .._close_lk                004113dc f libcmt:close.obj
 0001:000104ec       .._freebuf                 004114ec f libcmt:_freebuf.obj
 0001:0001054c       ..strftime                 0041154c f libcmt:strftime.obj
 0001:00011420       ..__getlocaleinfo          00412420 f libcmt:inithelp.obj
 0001:00011680       ..localeconv               00412680 f libcmt:lconv.obj
 0001:0001168c       ..__crtGetStringTypeW      0041268c f libcmt:aw_str.obj
 0001:00011968       ..__crtGetStringTypeA      00412968 f libcmt:aw_str.obj
 0001:00011ba0       .._itoa                    00412ba0 f libcmt:xtoa.obj
 0001:00011c9c       .._ltoa                    00412c9c f libcmt:xtoa.obj
 0001:00011ce4       .._ultoa                   00412ce4 f libcmt:xtoa.obj
 0001:00011d14       ..__crtGetLocaleInfoW      00412d14 f libcmt:aw_loc.obj
 0001:00011fa0       ..__crtGetLocaleInfoA      00412fa0 f libcmt:aw_loc.obj
 0001:0001223c       ..wcstol                   0041323c f libcmt:wcstol.obj
 0001:000124f8       ..wcstoul                  004134f8 f libcmt:wcstol.obj
 0001:0001251c       ..atol                     0041351c f libcmt:atox.obj
 0001:00012648       ..atoi                     00413648 f libcmt:atox.obj
 0001:00012668       .._strcmpi                 00413668   libcmt:stricmpp.obj
 0001:00012668       .._stricmp                 00413668   libcmt:stricmpp.obj
 0001:000126bc       ..__crtLCMapStringW        004136bc f libcmt:aw_map.obj
 0001:00012ad8       ..__crtLCMapStringA        00413ad8 f libcmt:aw_map.obj
 0001:00012f0c       ..__addl                   00413f0c f libcmt:mantold.obj
 0001:00012f30       ..__add_12                 00413f30 f libcmt:mantold.obj
 0001:00012fc8       ..__shl_12                 00413fc8 f libcmt:mantold.obj
 0001:00013000       ..__shr_12                 00414000 f libcmt:mantold.obj
 0001:00013038       ..__mtold12                00414038 f libcmt:mantold.obj
 0001:00013168       ..__strgtold12             00414168 f libcmt:strgtold.obj
 0001:00013cd4       ..__STRINGTOLD             00414cd4 f libcmt:strgtold.obj
 0001:00013d38       ..$I10_OUTPUT              00414d38 f libcmt:x10fout.obj
 0001:000142c4       ..__tzset                  004152c4 f libcmt:tzset.obj
 0001:00014324       .._tzset                   00415324 f libcmt:tzset.obj
 0001:0001470c       .._isindst                 0041570c f libcmt:tzset.obj
 0001:00014cdc       ..towupper                 00415cdc f libcmt:towupper.obj
 0001:00014da4       .._towupper_lk             00415da4 f libcmt:towupper.obj
 0001:00014eb8       ..iswctype                 00415eb8 f libcmt:iswctype.obj
 0001:00014f90       ..is_wctype                00415f90 f libcmt:iswctype.obj
 0001:00014fb8       ..__ld12mul                00415fb8 f libcmt:tenpow.obj
 0001:000153f8       ..__multtenpow12           004163f8 f libcmt:tenpow.obj
 0001:000154f8       ..wcstombs                 004164f8 f libcmt:wcstombs.obj
 0001:00015598       .._wcstombs_lk             00416598 f libcmt:wcstombs.obj
 0001:00015a14       ..getenv                   00416a14 f libcmt:getenv.obj
 0001:00015a5c       .._getenv_lk               00416a5c f libcmt:getenv.obj
 0001:00015b88       .._mbsnbicoll              00416b88 f libcmt:mbsnbico.obj
 0001:00015c18       ..__wtomb_environ          00416c18 f libcmt:wtombenv.obj
 0001:00015d38       ..__crtCompareStringW      00416d38 f libcmt:aw_cmp.obj
 0001:00016130       ..__crtCompareStringA      00417130 f libcmt:aw_cmp.obj
 0001:0001664c       ..__crtsetenv              0041764c f libcmt:setenv.obj
 0001:00016b20       ..realloc                  00417b20 f libcmt:realloc.obj
 0001:00016c0c       .._mbschr                  00417c0c f libcmt:mbschr.obj
 0001:00016d24       .._strdup                  00417d24 f libcmt:strdup.obj
 0001:00016db8       ..strchr                   00417db8   libcmt:strchrp.obj
 0001:00016e00       ..MultiByteToWideChar      00417e00 f kernel32:KERNEL32.dll
 0001:00016e18       ..WideCharToMultiByte      00417e18 f kernel32:KERNEL32.dll
 0001:00016e30       ..OutputDebugStringA       00417e30 f kernel32:KERNEL32.dll
 0001:00016e48       ..DebugBreak               00417e48 f kernel32:KERNEL32.dll
 0001:00016e60       ..GetModuleHandleA         00417e60 f kernel32:KERNEL32.dll
 0001:00016e78       ..GetStartupInfoA          00417e78 f kernel32:KERNEL32.dll
 0001:00016e90       ..GetCommandLineA          00417e90 f kernel32:KERNEL32.dll
 0001:00016ea8       ..GetVersion               00417ea8 f kernel32:KERNEL32.dll
 0001:00016ec0       ..HeapAlloc                00417ec0 f kernel32:KERNEL32.dll
 0001:00016ed8       ..HeapFree                 00417ed8 f kernel32:KERNEL32.dll
 0001:00016ef0       ..ExitProcess              00417ef0 f kernel32:KERNEL32.dll
 0001:00016f08       ..GetCurrentProcess        00417f08 f kernel32:KERNEL32.dll
 0001:00016f20       ..TerminateProcess         00417f20 f kernel32:KERNEL32.dll
 0001:00016f38       ..RtlUnwind                00417f38 f kernel32:KERNEL32.dll
 0001:00016f50       ..UnhandledExceptionFilter 00417f50 f kernel32:KERNEL32.dll
 0001:00016f68       ..GetModuleFileNameA       00417f68 f kernel32:KERNEL32.dll
 0001:00016f80       ..FreeEnvironmentStringsA  00417f80 f kernel32:KERNEL32.dll
 0001:00016f98       ..FreeEnvironmentStringsW  00417f98 f kernel32:KERNEL32.dll
 0001:00016fb0       ..GetEnvironmentStrings    00417fb0 f kernel32:KERNEL32.dll
 0001:00016fc8       ..GetEnvironmentStringsW   00417fc8 f kernel32:KERNEL32.dll
 0001:00016fe0       ..GetCPInfo                00417fe0 f kernel32:KERNEL32.dll
 0001:00016ff8       ..GetACP                   00417ff8 f kernel32:KERNEL32.dll
 0001:00017010       ..GetOEMCP                 00418010 f kernel32:KERNEL32.dll
 0001:00017028       ..SetHandleCount           00418028 f kernel32:KERNEL32.dll
 0001:00017040       ..GetStdHandle             00418040 f kernel32:KERNEL32.dll
 0001:00017058       ..GetFileType              00418058 f kernel32:KERNEL32.dll
 0001:00017070       ..DeleteCriticalSection    00418070 f kernel32:KERNEL32.dll
 0001:00017088       ..GetCurrentThreadId       00418088 f kernel32:KERNEL32.dll
 0001:000170a0       ..TlsSetValue              004180a0 f kernel32:KERNEL32.dll
 0001:000170b8       ..TlsAlloc                 004180b8 f kernel32:KERNEL32.dll
 0001:000170d0       ..TlsFree                  004180d0 f kernel32:KERNEL32.dll
 0001:000170e8       ..SetLastError             004180e8 f kernel32:KERNEL32.dll
 0001:00017100       ..TlsGetValue              00418100 f kernel32:KERNEL32.dll
 0001:00017118       ..GetLastError             00418118 f kernel32:KERNEL32.dll
 0001:00017130       ..GetCurrentThread         00418130 f kernel32:KERNEL32.dll
 0001:00017148       ..HeapCreate               00418148 f kernel32:KERNEL32.dll
 0001:00017160       ..HeapDestroy              00418160 f kernel32:KERNEL32.dll
 0001:00017178       ..WriteFile                00418178 f kernel32:KERNEL32.dll
 0001:00017190       ..SetFilePointer           00418190 f kernel32:KERNEL32.dll
 0001:000171a8       ..InitializeCriticalSection 004181a8 f kernel32:KERNEL32.dll
 0001:000171c0       ..EnterCriticalSection     004181c0 f kernel32:KERNEL32.dll
 0001:000171d8       ..LeaveCriticalSection     004181d8 f kernel32:KERNEL32.dll
 0001:000171f0       ..FatalAppExitA            004181f0 f kernel32:KERNEL32.dll
 0001:00017208       ..GetProcAddress           00418208 f kernel32:KERNEL32.dll
 0001:00017220       ..LoadLibraryA             00418220 f kernel32:KERNEL32.dll
 0001:00017238       ..SetStdHandle             00418238 f kernel32:KERNEL32.dll
 0001:00017250       ..Sleep                    00418250 f kernel32:KERNEL32.dll
 0001:00017268       ..FlushFileBuffers         00418268 f kernel32:KERNEL32.dll
 0001:00017280       ..IsValidLocale            00418280 f kernel32:KERNEL32.dll
 0001:00017298       ..IsValidCodePage          00418298 f kernel32:KERNEL32.dll
 0001:000172b0       ..GetUserDefaultLCID       004182b0 f kernel32:KERNEL32.dll
 0001:000172c8       ..CloseHandle              004182c8 f kernel32:KERNEL32.dll
 0001:000172e0       ..GetStringTypeA           004182e0 f kernel32:KERNEL32.dll
 0001:000172f8       ..GetStringTypeW           004182f8 f kernel32:KERNEL32.dll
 0001:00017310       ..GetLocaleInfoA           00418310 f kernel32:KERNEL32.dll
 0001:00017328       ..GetLocaleInfoW           00418328 f kernel32:KERNEL32.dll
 0001:00017340       ..LCMapStringA             00418340 f kernel32:KERNEL32.dll
 0001:00017358       ..LCMapStringW             00418358 f kernel32:KERNEL32.dll
 0001:00017370       ..GetTimeZoneInformation   00418370 f kernel32:KERNEL32.dll
 0001:00017388       ..CompareStringA           00418388 f kernel32:KERNEL32.dll
 0001:000173a0       ..CompareStringW           004183a0 f kernel32:KERNEL32.dll
 0001:000173b8       ..SetEnvironmentVariableA  004183b8 f kernel32:KERNEL32.dll
 0001:000173d0       ..HeapReAlloc              004183d0 f kernel32:KERNEL32.dll
 0001:000173e8       ..DispatchMessageA         004183e8 f user32:USER32.dll
 0001:00017400       ..TranslateMessage         00418400 f user32:USER32.dll
 0001:00017418       ..GetMessageA              00418418 f user32:USER32.dll
 0001:00017430       ..RegisterClassA           00418430 f user32:USER32.dll
 0001:00017448       ..LoadCursorA              00418448 f user32:USER32.dll
 0001:00017460       ..LoadIconA                00418460 f user32:USER32.dll
 0001:00017478       ..UpdateWindow             00418478 f user32:USER32.dll
 0001:00017490       ..ShowWindow               00418490 f user32:USER32.dll
 0001:000174a8       ..GetSystemMetrics         004184a8 f user32:USER32.dll
 0001:000174c0       ..GetWindow                004184c0 f user32:USER32.dll
 0001:000174d8       ..CreateWindowExA          004184d8 f user32:USER32.dll
 0001:000174f0       ..MoveWindow               004184f0 f user32:USER32.dll
 0001:00017508       ..GetClientRect            00418508 f user32:USER32.dll
 0001:00017520       ..DefFrameProcA            00418520 f user32:USER32.dll
 0001:00017538       ..PostQuitMessage          00418538 f user32:USER32.dll
 0001:00017550       ..DestroyWindow            00418550 f user32:USER32.dll
 0001:00017568       ..InvalidateRect           00418568 f user32:USER32.dll
 0001:00017580       ..ReleaseDC                00418580 f user32:USER32.dll
 0001:00017598       ..GetDC                    00418598 f user32:USER32.dll
 0001:000175b0       ..wsprintfA                004185b0 f user32:USER32.dll
 0001:000175c8       ..SetWindowLongA           004185c8 f user32:USER32.dll
 0001:000175e0       ..SendMessageA             004185e0 f user32:USER32.dll
 0001:000175f8       ..GetClassInfoA            004185f8 f user32:USER32.dll
 0001:00017610       ..EndPaint                 00418610 f user32:USER32.dll
 0001:00017628       ..GetSysColor              00418628 f user32:USER32.dll
 0001:00017640       ..BeginPaint               00418640 f user32:USER32.dll
 0001:00017658       ..DefWindowProcA           00418658 f user32:USER32.dll
 0001:00017670       ..GetWindowLongA           00418670 f user32:USER32.dll
 0001:00017688       ..wvsprintfA               00418688 f user32:USER32.dll
 0001:000176a0       ..GetStockObject           004186a0 f gdi32:GDI32.dll
 0001:000176b8       ..DeleteObject             004186b8 f gdi32:GDI32.dll
 0001:000176d0       ..LineTo                   004186d0 f gdi32:GDI32.dll
 0001:000176e8       ..MoveToEx                 004186e8 f gdi32:GDI32.dll
 0001:00017700       ..SelectObject             00418700 f gdi32:GDI32.dll
 0001:00017718       ..CreatePen                00418718 f gdi32:GDI32.dll
 0001:00017730       ..GetTextMetricsA          00418730 f gdi32:GDI32.dll
 0001:00017748       ..TextOutA                 00418748 f gdi32:GDI32.dll
 0001:00017760       ..SelectClipRgn            00418760 f gdi32:GDI32.dll
 0001:00017778       ..CreateRectRgn            00418778 f gdi32:GDI32.dll
 0001:00017790       ..SetBkMode                00418790 f gdi32:GDI32.dll
 0001:000177a8       .._wcsicmp                 004187a8 f libcmt:wcsicmp.obj
 0001:000177a8       ..wcsicmp                  004187a8 f libcmt:wcsicmp.obj
 0001:000178ec       ..towlower                 004188ec f libcmt:towlower.obj
 0001:000179c8       .._towlower_lk             004189c8 f libcmt:towlower.obj
 0002:00000058       WinMain                    00419058   winmain.obj
 0002:00000060       ?InitApplication@@YAHPAX@Z 00419060   winmain.obj
 0002:00000068       FrameWndProc               00419068   winmain.obj
 0002:00000070       ?InitInstance@@YAHPAXH@Z   00419070   winmain.obj
 0002:00000078       ?FrameWndOnCreate@@YAXPAX@Z 00419078   winmain.obj
 0002:00000080       ?FrameWndOnSize@@YAXPAX@Z  00419080   winmain.obj
 0002:00000088       ConvertStrAtoW             00419088   winmain.obj
 0002:00000090       WideString                 00419090   winmain.obj
 0002:00000098       ConvertStrWtoA             00419098   winmain.obj
 0002:000000a0       AnsiString                 004190a0   winmain.obj
 0002:000000a8       ?SetHeight@CStatBar@@QAAXH@Z 004190a8   winmain.obj
 0002:000000b0       ?SetText@CStatBar@@QAAXPAG@Z 004190b0   winmain.obj
 0002:000000b8       ?Move@CStatBar@@QAAXXZ     004190b8   winmain.obj
 0002:000000c0       ?SetX@CStatBar@@QAAXH@Z    004190c0   winmain.obj
 0002:000000c8       ?SetY@CStatBar@@QAAXH@Z    004190c8   winmain.obj
 0002:000000d0       ?GetHeight@CStatBar@@QAAHXZ 004190d0   winmain.obj
 0002:000000d8       ?SetWidth@CStatBar@@QAAXH@Z 004190d8   winmain.obj
 0002:000000e0       ??0CPoly@@AAA@XZ           004190e0   cpoly.obj
 0002:000000e8       ?QueryInterface@CPoly@@UAAJABU_GUID@@PAPAX@Z 004190e8   cpoly.obj
 0002:000000f0       ?AddRef@CPoly@@UAAKXZ      004190f0   cpoly.obj
 0002:000000f8       ?Release@CPoly@@UAAKXZ     004190f8   cpoly.obj
 0002:00000100       ?GetTypeInfoCount@CPoly@@UAAJPAI@Z 00419100   cpoly.obj
 0002:00000108       ?GetTypeInfo@CPoly@@UAAJIKPAPAUITypeInfo@@@Z 00419108   cpoly.obj
 0002:00000110       ?GetIDsOfNames@CPoly@@UAAJABU_GUID@@PAPAGIKPAJ@Z 00419110   cpoly.obj
 0002:00000118       ?Invoke@CPoly@@UAAJJABU_GUID@@KGPAUtagDISPPARAMS@@PAUtagVARIANT@@PAUtagEXCEPINFO@@PAI@Z 00419118   cpoly.obj
 0002:00000120       ?Draw@CPoly@@UAAXXZ        00419120   cpoly.obj
 0002:00000128       ?Reset@CPoly@@UAAXXZ       00419128   cpoly.obj
 0002:00000130       ?AddPoint@CPoly@@UAAJFF@Z  00419130   cpoly.obj
 0002:00000138       ?EnumPoints@CPoly@@UAAJPAPAUIEnumVARIANT@@@Z 00419138   cpoly.obj
 0002:00000140       ?GetXOrigin@CPoly@@UAAFXZ  00419140   cpoly.obj
 0002:00000148       ?SetXOrigin@CPoly@@UAAXF@Z 00419148   cpoly.obj
 0002:00000150       ?GetYOrigin@CPoly@@UAAFXZ  00419150   cpoly.obj
 0002:00000158       ?SetYOrigin@CPoly@@UAAXF@Z 00419158   cpoly.obj
 0002:00000160       ?GetWidth@CPoly@@UAAFXZ    00419160   cpoly.obj
 0002:00000168       ?SetWidth@CPoly@@UAAXF@Z   00419168   cpoly.obj
 0002:00000170       ?get_red@CPoly@@UAAFXZ     00419170   cpoly.obj
 0002:00000178       ?set_red@CPoly@@UAAXF@Z    00419178   cpoly.obj
 0002:00000180       ?get_green@CPoly@@UAAFXZ   00419180   cpoly.obj
 0002:00000188       ?set_green@CPoly@@UAAXF@Z  00419188   cpoly.obj
 0002:00000190       ?get_blue@CPoly@@UAAFXZ    00419190   cpoly.obj
 0002:00000198       ?set_blue@CPoly@@UAAXF@Z   00419198   cpoly.obj
 0002:000001a0       ?Dump@CPoly@@UAAXXZ        004191a0   cpoly.obj
 0002:000001a8       ?Quit@CPoly@@UAAXXZ        004191a8   cpoly.obj
 0002:000001b0       ?Create@CPoly@@SAPAV1@XZ   004191b0   cpoly.obj
 0002:000001b8       ?PolyDraw@CPoly@@SAXXZ     004191b8   cpoly.obj
 0002:000001c0       ?PolyTerm@CPoly@@SAXXZ     004191c0   cpoly.obj
 0002:000001c8       ?PolyDump@CPoly@@SAXXZ     004191c8   cpoly.obj
 0002:000001d0       ??0CPolyCF@@AAA@XZ         004191d0   cpoly.obj
 0002:000001d8       ?QueryInterface@CPolyCF@@UAAJABU_GUID@@PAPAX@Z 004191d8   cpoly.obj
 0002:000001e0       ?AddRef@CPolyCF@@UAAKXZ    004191e0   cpoly.obj
 0002:000001e8       ?Release@CPolyCF@@UAAKXZ   004191e8   cpoly.obj
 0002:000001f0       ?CreateInstance@CPolyCF@@UAAJPAUIUnknown@@ABU_GUID@@PAPAX@Z 004191f0   cpoly.obj
 0002:000001f8       ?LockServer@CPolyCF@@UAAJH@Z 004191f8   cpoly.obj
 0002:00000200       ?Create@CPolyCF@@SAPAUIClassFactory@@XZ 00419200   cpoly.obj
 0002:00000208       ??_7CPoly@@6B@             00419208   cpoly.obj
 0002:0000026c       ??0IDispatch@@QAA@XZ       0041926c   cpoly.obj
 0002:00000278       ??_7IDispatch@@6B@         00419278   cpoly.obj
 0002:00000294       ??0IUnknown@@QAA@XZ        00419294   cpoly.obj
 0002:000002a0       ??_7IUnknown@@6B@          004192a0   cpoly.obj
 0002:000002ac       ?IsEqualGUID@@YAHABU_GUID@@0@Z 004192ac   cpoly.obj
 0002:000002b8       ??_7CPolyCF@@6B@           004192b8   cpoly.obj
 0002:000002cc       ??0IClassFactory@@QAA@XZ   004192cc   cpoly.obj
 0002:000002d8       ??_7IClassFactory@@6B@     004192d8   cpoly.obj
 0002:000002f0       ??0CPoint@@AAA@XZ          004192f0   cpoint.obj
 0002:000002f8       ?QueryInterface@CPoint@@UAAJABU_GUID@@PAPAX@Z 004192f8   cpoint.obj
 0002:00000300       ?AddRef@CPoint@@UAAKXZ     00419300   cpoint.obj
 0002:00000308       ?Release@CPoint@@UAAKXZ    00419308   cpoint.obj
 0002:00000310       ?GetTypeInfoCount@CPoint@@UAAJPAI@Z 00419310   cpoint.obj
 0002:00000318       ?GetTypeInfo@CPoint@@UAAJIKPAPAUITypeInfo@@@Z 00419318   cpoint.obj
 0002:00000320       ?GetIDsOfNames@CPoint@@UAAJABU_GUID@@PAPAGIKPAJ@Z 00419320   cpoint.obj
 0002:00000328       ?Invoke@CPoint@@UAAJJABU_GUID@@KGPAUtagDISPPARAMS@@PAUtagVARIANT@@PAUtagEXCEPINFO@@PAI@Z 00419328   cpoint.obj
 0002:00000330       ?GetX@CPoint@@UAAFXZ       00419330   cpoint.obj
 0002:00000338       ?SetX@CPoint@@UAAXF@Z      00419338   cpoint.obj
 0002:00000340       ?GetY@CPoint@@UAAFXZ       00419340   cpoint.obj
 0002:00000348       ?SetY@CPoint@@UAAXF@Z      00419348   cpoint.obj
 0002:00000350       ?Create@CPoint@@SAPAV1@XZ  00419350   cpoint.obj
 0002:00000358       ??0CPointCF@@AAA@XZ        00419358   cpoint.obj
 0002:00000360       ?QueryInterface@CPointCF@@UAAJABU_GUID@@PAPAX@Z 00419360   cpoint.obj
 0002:00000368       ?AddRef@CPointCF@@UAAKXZ   00419368   cpoint.obj
 0002:00000370       ?Release@CPointCF@@UAAKXZ  00419370   cpoint.obj
 0002:00000378       ?CreateInstance@CPointCF@@UAAJPAUIUnknown@@ABU_GUID@@PAPAX@Z 00419378   cpoint.obj
 0002:00000380       ?LockServer@CPointCF@@UAAJH@Z 00419380   cpoint.obj
 0002:00000388       ?Create@CPointCF@@SAPAUIClassFactory@@XZ 00419388   cpoint.obj
 0002:00000390       ??_7CPoint@@6B@            00419390   cpoint.obj
 0002:000003c0       ??_7CPointCF@@6B@          004193c0   cpoint.obj
 0002:000003d8       ??0CEnumPoint@@QAA@XZ      004193d8   cenumpt.obj
 0002:000003e0       ?QueryInterface@CEnumPoint@@UAAJABU_GUID@@PAPAX@Z 004193e0   cenumpt.obj
 0002:000003e8       ?AddRef@CEnumPoint@@UAAKXZ 004193e8   cenumpt.obj
 0002:000003f0       ?Release@CEnumPoint@@UAAKXZ 004193f0   cenumpt.obj
 0002:000003f8       ?Next@CEnumPoint@@UAAJKPAUtagVARIANT@@PAK@Z 004193f8   cenumpt.obj
 0002:00000400       ?Skip@CEnumPoint@@UAAJK@Z  00419400   cenumpt.obj
 0002:00000408       ?Reset@CEnumPoint@@UAAJXZ  00419408   cenumpt.obj
 0002:00000410       ?Clone@CEnumPoint@@UAAJPAPAUIEnumVARIANT@@@Z 00419410   cenumpt.obj
 0002:00000418       ?Create@CEnumPoint@@SAJPAUtagSAFEARRAY@@PAPAV1@@Z 00419418   cenumpt.obj
 0002:00000420       ??_7CEnumPoint@@6B@        00419420   cenumpt.obj
 0002:0000043c       ??0IEnumVARIANT@@QAA@XZ    0041943c   cenumpt.obj
 0002:00000448       ??_7IEnumVARIANT@@6B@      00419448   cenumpt.obj
 0002:00000468       ??0CStatBar@@AAA@XZ        00419468   statbar.obj
 0002:00000470       ?QueryInterface@CStatBar@@UAAJABU_GUID@@PAPAX@Z 00419470   statbar.obj
 0002:00000478       ?AddRef@CStatBar@@UAAKXZ   00419478   statbar.obj
 0002:00000480       ?Release@CStatBar@@UAAKXZ  00419480   statbar.obj
 0002:00000488       ??1CStatBar@@AAA@XZ        00419488   statbar.obj
 0002:00000490       ?Create@CStatBar@@SAPAV1@PAX0@Z 00419490   statbar.obj
 0002:00000498       ?Register@CStatBar@@QAAHPAX@Z 00419498   statbar.obj
 0002:000004a0       StatBarWndProc             004194a0   statbar.obj
 0002:000004a8       ?Show@CStatBar@@QAAXXZ     004194a8   statbar.obj
 0002:000004b0       ?SetFont@CStatBar@@QAAXPAX@Z 004194b0   statbar.obj
 0002:000004b8       ?WMPaint@CStatBar@@QAAXXZ  004194b8   statbar.obj
 0002:000004c0       SBprintf                   004194c0   statbar.obj
 0002:000004c8       ??_7CStatBar@@6B@          004194c8   statbar.obj
 0002:000004d4       ??_GCStatBar@@AAAPAXI@Z    004194d4   statbar.obj
 0002:000004dc       ?Update@CStatBar@@QAAXXZ   004194dc   statbar.obj
 0002:000004e8       CLSID_CPoly                004194e8   clsid.obj
 0002:000004f8       CLSID_CPoint               004194f8   clsid.obj
 0002:00000508       InitOle                    00419508   misc.obj
 0002:00000510       Revoke                     00419510   misc.obj
 0002:00000518       UninitOle                  00419518   misc.obj
 0002:00000520       SPolyGetIDsOfNames         00419520   misc.obj
 0002:00000528       Assert                     00419528   misc.obj
 0002:00000530       ?IncObjectCount@@YAXXZ     00419530   misc.obj
 0002:00000538       ?DecObjectCount@@YAXXZ     00419538   misc.obj
 0002:00000540       CoRegisterClassObject      00419540   ole32:ole32.dll
 0002:00000548       OleInitialize              00419548   ole32:ole32.dll
 0002:00000550       CoRevokeClassObject        00419550   ole32:ole32.dll
 0002:00000558       OleUninitialize            00419558   ole32:ole32.dll
 0002:00000560       IID_IDispatch              00419560   uuid:oaidl_i_guid4.obj
 0002:00000570       IID_IUnknown               00419570   uuid:unknwn_i_guid0.obj
 0002:00000580       GUID_NULL                  00419580   uuid:cguid_i_guid0.obj
 0002:00000590       IID_IClassFactory          00419590   uuid:unknwn_i_guid1.obj
 0002:000005a0       IID_IEnumVARIANT           004195a0   uuid:oaidl_i_guid5.obj
 0002:000005b0       SysAllocString             004195b0   oleaut32:OLEAUT32.dll
 0002:000005b8       SysFreeString              004195b8   oleaut32:OLEAUT32.dll
 0002:000005c0       DispGetParam               004195c0   oleaut32:OLEAUT32.dll
 0002:000005c8       VariantInit                004195c8   oleaut32:OLEAUT32.dll
 0002:000005d0       SafeArrayDestroy           004195d0   oleaut32:OLEAUT32.dll
 0002:000005d8       VariantClear               004195d8   oleaut32:OLEAUT32.dll
 0002:000005e0       SafeArrayPutElement        004195e0   oleaut32:OLEAUT32.dll
 0002:000005e8       SafeArrayCreate            004195e8   oleaut32:OLEAUT32.dll
 0002:000005f0       SafeArrayGetUBound         004195f0   oleaut32:OLEAUT32.dll
 0002:000005f8       SafeArrayGetLBound         004195f8   oleaut32:OLEAUT32.dll
 0002:00000600       SafeArrayGetDim            00419600   oleaut32:OLEAUT32.dll
 0002:00000608       SafeArrayGetElement        00419608   oleaut32:OLEAUT32.dll
 0002:00000610       SafeArrayCopy              00419610   oleaut32:OLEAUT32.dll
 0002:00000618       SysStringLen               00419618   oleaut32:OLEAUT32.dll
 0002:00000620       _purecall                  00419620   libcmt:purevirt.obj
 0002:00000628       ??2@YAPAXI@Z               00419628   libcmt:new.obj
 0002:00000630       ??3@YAXPAX@Z               00419630   libcmt:delete.obj
 0002:00000638       sprintf                    00419638   libcmt:sprintf.obj
 0002:00000640       WinMainCRTStartup          00419640   libcmt:wincrt0.obj
 0002:00000648       _amsg_exit                 00419648   libcmt:wincrt0.obj
 0002:00000650       malloc                     00419650   libcmt:malloc.obj
 0002:00000658       _nh_malloc                 00419658   libcmt:malloc.obj
 0002:00000660       _heap_alloc                00419660   libcmt:malloc.obj
 0002:00000668       free                       00419668   libcmt:free.obj
 0002:00000670       _flsbuf                    00419670   libcmt:_flsbuf.obj
 0002:00000678       ??_C@_1O@POHA@?$AA?$CI?$AAn?$AAu?$AAl?$AAl?$AA?$CJ?$AA?$AA?$AA?$AA?$AA?$AH?$AA?$AA?$AA?$AA?$AA?$AA?$AA?$9A?$AE?$;K@ 00419678   libcmt:output.obj
 0002:00000688       ??_C@_06ONKE@?$CInull?$CJ?$AA@ 00419688   libcmt:output.obj
 0002:00000690       __lookuptable              00419690   libcmt:output.obj
 0002:000006ec       _output                    004196ec   libcmt:output.obj
 0002:000006f4       _cinit                     004196f4   libcmt:crt0dat.obj
 0002:000006fc       exit                       004196fc   libcmt:crt0dat.obj
 0002:00000704       _exit                      00419704   libcmt:crt0dat.obj
 0002:0000070c       _cexit                     0041970c   libcmt:crt0dat.obj
 0002:00000714       _c_exit                    00419714   libcmt:crt0dat.obj
 0002:0000071c       _lockexit                  0041971c   libcmt:crt0dat.obj
 0002:00000724       _unlockexit                00419724   libcmt:crt0dat.obj
 0002:0000072c       __C_specific_handler       0041972c   libcmt:chandler.obj
 0002:00000734       _XcptFilter                00419734   libcmt:winxfltr.obj
 0002:0000073c       _ismbbkalnum               0041973c   libcmt:ismbbyte.obj
 0002:00000744       _ismbbkprint               00419744   libcmt:ismbbyte.obj
 0002:0000074c       _ismbbkpunct               0041974c   libcmt:ismbbyte.obj
 0002:00000754       _ismbbalnum                00419754   libcmt:ismbbyte.obj
 0002:0000075c       _ismbbalpha                0041975c   libcmt:ismbbyte.obj
 0002:00000764       _ismbbgraph                00419764   libcmt:ismbbyte.obj
 0002:0000076c       _ismbbprint                0041976c   libcmt:ismbbyte.obj
 0002:00000774       _ismbbpunct                00419774   libcmt:ismbbyte.obj
 0002:0000077c       _ismbblead                 0041977c   libcmt:ismbbyte.obj
 0002:00000784       _ismbbtrail                00419784   libcmt:ismbbyte.obj
 0002:0000078c       _ismbbkana                 0041978c   libcmt:ismbbyte.obj
 0002:00000794       _setenvp                   00419794   libcmt:stdenvp.obj
 0002:0000079c       _setargv                   0041979c   libcmt:stdargv.obj
 0002:000007a4       __crtGetEnvironmentStringsW 004197a4   libcmt:aw_env.obj
 0002:000007ac       __crtGetEnvironmentStringsA 004197ac   libcmt:aw_env.obj
 0002:000007b4       _setmbcp                   004197b4   libcmt:mbctype.obj
 0002:000007bc       _getmbcp                   004197bc   libcmt:mbctype.obj
 0002:000007c4       __initmbctable             004197c4   libcmt:mbctype.obj
 0002:000007cc       _ioinit                    004197cc   libcmt:ioinit.obj
 0002:000007d4       _ioterm                    004197d4   libcmt:ioinit.obj
 0002:000007dc       _mtinit                    004197dc   libcmt:tidtable.obj
 0002:000007e4       _mtterm                    004197e4   libcmt:tidtable.obj
 0002:000007ec       _initptd                   004197ec   libcmt:tidtable.obj
 0002:000007f4       _getptd                    004197f4   libcmt:tidtable.obj
 0002:000007fc       _freeptd                   004197fc   libcmt:tidtable.obj
 0002:00000804       __threadid                 00419804   libcmt:tidtable.obj
 0002:0000080c       __threadhandle             0041980c   libcmt:tidtable.obj
 0002:00000814       _heap_init                 00419814   libcmt:heapinit.obj
 0002:0000081c       _heap_term                 0041981c   libcmt:heapinit.obj
 0002:00000828       ??_C@_0P@GGKG@runtime?5error?5?$AA@ 00419828   libcmt:crt0msg.obj
 0002:00000838       ??_C@_02PIMC@?$AN?6?$AA@   00419838   libcmt:crt0msg.obj
 0002:00000840       ??_C@_0O@DELO@TLOSS?5error?$AN?6?$AA@ 00419840   libcmt:crt0msg.obj
 0002:00000850       ??_C@_0N@OMLL@SING?5error?$AN?6?$AA@ 00419850   libcmt:crt0msg.obj
 0002:00000860       ??_C@_0P@OJAK@DOMAIN?5error?$AN?6?$AA@ 00419860   libcmt:crt0msg.obj
 0002:00000870       ??_C@_0DF@ECGN@R6027?$AN?6?9?5not?5enough?5space?5for?5lo@ 00419870   libcmt:crt0msg.obj
 0002:000008a8       ??_C@_0DF@FKAC@R6026?$AN?6?9?5not?5enough?5space?5for?5st@ 004198a8   libcmt:crt0msg.obj
 0002:000008e0       ??_C@_0CG@DPMN@R6025?$AN?6?9?5pure?5virtual?5function?5c@ 004198e0   libcmt:crt0msg.obj
 0002:00000908       ??_C@_0DF@CKIP@R6024?$AN?6?9?5not?5enough?5space?5for?5_o@ 00419908   libcmt:crt0msg.obj
 0002:00000940       ??_C@_0CJ@GGOE@R6019?$AN?6?9?5unable?5to?5open?5console?5@ 00419940   libcmt:crt0msg.obj
 0002:00000970       ??_C@_0CB@LBOB@R6018?$AN?6?9?5unexpected?5heap?5error?$AN?6@ 00419970   libcmt:crt0msg.obj
 0002:00000998       ??_C@_0CN@FPEG@R6017?$AN?6?9?5unexpected?5multithread?5@ 00419998   libcmt:crt0msg.obj
 0002:000009c8       ??_C@_0CM@OBIC@R6016?$AN?6?9?5not?5enough?5space?5for?5th@ 004199c8   libcmt:crt0msg.obj
 0002:000009f8       ??_C@_0CB@HPAL@?$AN?6abnormal?5program?5termination?$AN?6@ 004199f8   libcmt:crt0msg.obj
 0002:00000a20       ??_C@_0CM@JOOB@R6009?$AN?6?9?5not?5enough?5space?5for?5en@ 00419a20   libcmt:crt0msg.obj
 0002:00000a50       ??_C@_0CK@OIBL@R6008?$AN?6?9?5not?5enough?5space?5for?5ar@ 00419a50   libcmt:crt0msg.obj
 0002:00000a80       ??_C@_0CF@LKPB@R6002?$AN?6?9?5floating?5point?5not?5load@ 00419a80   libcmt:crt0msg.obj
 0002:00000aa8       _FF_MSGBANNER              00419aa8   libcmt:crt0msg.obj
 0002:00000ab0       _NMSG_WRITE                00419ab0   libcmt:crt0msg.obj
 0002:00000ab8       ??_C@_0CF@JPDF@Microsoft?5Visual?5C?$CL?$CL?5Runtime?5Lib@ 00419ab8   libcmt:crt0msg.obj
 0002:00000ae0       ??_C@_02JJJH@?6?6?$AA@     00419ae0   libcmt:crt0msg.obj
 0002:00000ae8       ??_C@_0BK@DEOK@Runtime?5Error?$CB?6?6Program?3?5?$AA@ 00419ae8   libcmt:crt0msg.obj
 0002:00000b08       ??_C@_03NAME@?4?4?4?$AA@   00419b08   libcmt:crt0msg.obj
 0002:00000b10       ??_C@_0BH@NNCD@?$DMprogram?5name?5unknown?$DO?$AA@ 00419b10   libcmt:crt0msg.obj
 0002:00000b28       _GET_RTERRMSG              00419b28   libcmt:crt0msg.obj
 0002:00000b30       ?_set_new_handler@@YAP6AHI@ZP6AHI@Z@Z 00419b30   libcmt:handler.obj
 0002:00000b38       ?_query_new_handler@@YAP6AHI@ZXZ 00419b38   libcmt:handler.obj
 0002:00000b40       _callnewh                  00419b40   libcmt:handler.obj
 0002:00000b48       _lseek                     00419b48   libcmt:lseek.obj
 0002:00000b50       _lseek_lk                  00419b50   libcmt:lseek.obj
 0002:00000b58       _write                     00419b58   libcmt:write.obj
 0002:00000b60       _write_lk                  00419b60   libcmt:write.obj
 0002:00000b68       _getbuf                    00419b68   libcmt:_getbuf.obj
 0002:00000b70       _isatty                    00419b70   libcmt:isatty.obj
 0002:00000b78       __endstdio                 00419b78   libcmt:_file.obj
 0002:00000b80       __initstdio                00419b80   libcmt:_file.obj
 0002:00000b88       wctomb                     00419b88   libcmt:wctomb.obj
 0002:00000b90       _wctomb_lk                 00419b90   libcmt:wctomb.obj
 0002:00000b98       _fpclear                   00419b98   libcmt:fpinit.obj
 0002:00000ba0       _fpmath                    00419ba0   libcmt:fpinit.obj
 0002:00000ba8       _cfltcvt_init              00419ba8   libcmt:fpinit.obj
 0002:00000bb0       __setfflag                 00419bb0   libcmt:fpinit.obj
 0002:00000bb8       _mtinitlocks               00419bb8   libcmt:mlock.obj
 0002:00000bc0       _mtdeletelocks             00419bc0   libcmt:mlock.obj
 0002:00000bc8       _lock                      00419bc8   libcmt:mlock.obj
 0002:00000bd0       _unlock                    00419bd0   libcmt:mlock.obj
 0002:00000bd8       _lock_file                 00419bd8   libcmt:mlock.obj
 0002:00000be0       _lock_file2                00419be0   libcmt:mlock.obj
 0002:00000be8       _unlock_file               00419be8   libcmt:mlock.obj
 0002:00000bf0       _unlock_file2              00419bf0   libcmt:mlock.obj
 0002:00000bf8       _lockerr_exit              00419bf8   libcmt:mlock.obj
 0002:00000c00       wcslen                     00419c00   libcmt:wcslen.obj
 0002:00000c08       calloc                     00419c08   libcmt:calloc.obj
 0002:00000c10       __crtMessageBoxA           00419c10   libcmt:crtmbox.obj
 0002:00000c18       ??_C@_0BD@NJFP@GetLastActivePopup?$AA@ 00419c18   libcmt:crtmbox.obj
 0002:00000c30       ??_C@_0BA@GILI@GetActiveWindow?$AA@ 00419c30   libcmt:crtmbox.obj
 0002:00000c40       ??_C@_0M@PKCK@MessageBoxA?$AA@ 00419c40   libcmt:crtmbox.obj
 0002:00000c50       ??_C@_0L@HKL@user32?4dll?$AA@ 00419c50   libcmt:crtmbox.obj
 0002:00000c5c       strncpy                    00419c5c   libcmt:strncpy.obj
 0002:00000c64       _dosmaperr                 00419c64   libcmt:dosmap.obj
 0002:00000c6c       _errno                     00419c6c   libcmt:dosmap.obj
 0002:00000c74       __doserrno                 00419c74   libcmt:dosmap.obj
 0002:00000c7c       _alloc_osfhnd              00419c7c   libcmt:osfinfo.obj
 0002:00000c84       _set_osfhnd                00419c84   libcmt:osfinfo.obj
 0002:00000c8c       _free_osfhnd               00419c8c   libcmt:osfinfo.obj
 0002:00000c94       _get_osfhandle             00419c94   libcmt:osfinfo.obj
 0002:00000c9c       _open_osfhandle            00419c9c   libcmt:osfinfo.obj
 0002:00000ca4       _lock_fhandle              00419ca4   libcmt:osfinfo.obj
 0002:00000cac       _unlock_fhandle            00419cac   libcmt:osfinfo.obj
 0002:00000cb4       _fcloseall                 00419cb4   libcmt:closeall.obj
 0002:00000cbc       fflush                     00419cbc   libcmt:fflush.obj
 0002:00000cc4       _fflush_lk                 00419cc4   libcmt:fflush.obj
 0002:00000ccc       _flush                     00419ccc   libcmt:fflush.obj
 0002:00000cd4       _flushall                  00419cd4   libcmt:fflush.obj
 0002:00000cdc       __init_dummy               00419cdc   libcmt:setlocal.obj
 0002:00000ce8       ??_C@_07PCLE@LC_TIME?$AA@  00419ce8   libcmt:setlocal.obj
 0002:00000cf0       ??_C@_0L@NKG@LC_NUMERIC?$AA@ 00419cf0   libcmt:setlocal.obj
 0002:00000d00       ??_C@_0M@CBIH@LC_MONETARY?$AA@ 00419d00   libcmt:setlocal.obj
 0002:00000d10       ??_C@_08LFGE@LC_CTYPE?$AA@ 00419d10   libcmt:setlocal.obj
 0002:00000d20       ??_C@_0L@CFLC@LC_COLLATE?$AA@ 00419d20   libcmt:setlocal.obj
 0002:00000d30       ??_C@_06GCPK@LC_ALL?$AA@   00419d30   libcmt:setlocal.obj
 0002:00000d38       setlocale                  00419d38   libcmt:setlocal.obj
 0002:00000d40       ??_C@_01FAJB@?$DL?$AA@     00419d40   libcmt:setlocal.obj
 0002:00000d48       ??_C@_02BGDO@?$DN?$DL?$AA@ 00419d48   libcmt:setlocal.obj
 0002:00000d50       ??_C@_01KPOD@?$DN?$AA@     00419d50   libcmt:setlocal.obj
 0002:00000d54       _expandlocale              00419d54   libcmt:setlocal.obj
 0002:00000d5c       _strcats                   00419d5c   libcmt:setlocal.obj
 0002:00000d64       __lc_strtolc               00419d64   libcmt:setlocal.obj
 0002:00000d70       ??_C@_03DBOJ@_?4?0?$AA@    00419d70   libcmt:setlocal.obj
 0002:00000d74       __lc_lctostr               00419d74   libcmt:setlocal.obj
 0002:00000d80       ??_C@_01PJCK@?4?$AA@       00419d80   libcmt:setlocal.obj
 0002:00000d88       ??_C@_01NON@_?$AA@         00419d88   libcmt:setlocal.obj
 0002:00000d8c       _fptrap                    00419d8c   libcmt:crt0fp.obj
 0002:00000d94       _forcdecpt                 00419d94   libcmt:cvt.obj
 0002:00000d9c       _cropzeros                 00419d9c   libcmt:cvt.obj
 0002:00000db0       _positive                  00419db0   libcmt:cvt.obj
 0002:00000db8       _fassign                   00419db8   libcmt:cvt.obj
 0002:00000dc0       _cftoe                     00419dc0   libcmt:cvt.obj
 0002:00000dc8       ??_C@_05OFLO@e?$CL000?$AA@ 00419dc8   libcmt:cvt.obj
 0002:00000dd0       _cftof                     00419dd0   libcmt:cvt.obj
 0002:00000dd8       _cftog                     00419dd8   libcmt:cvt.obj
 0002:00000de0       _cfltcvt                   00419de0   libcmt:cvt.obj
 0002:00000de8       fclose                     00419de8   libcmt:fclose.obj
 0002:00000df0       _fclose_lk                 00419df0   libcmt:fclose.obj
 0002:00000df8       _commit                    00419df8   libcmt:commit.obj
 0002:00000e00       __init_time                00419e00   libcmt:inittime.obj
 0002:00000e08       __init_numeric             00419e08   libcmt:initnum.obj
 0002:00000e10       __init_monetary            00419e10   libcmt:initmon.obj
 0002:00000e18       __init_ctype               00419e18   libcmt:initctyp.obj
 0002:00000e20       __init_collate             00419e20   libcmt:initcoll.obj
 0002:00000e28       strcspn                    00419e28   libcmt:strcspn.obj
 0002:00000e30       strncmp                    00419e30   libcmt:strncmp.obj
 0002:00000e38       strpbrk                    00419e38   libcmt:strpbrk.obj
 0002:00000e40       ??_C@_0O@GLHB@united?9states?$AA@ 00419e40   libcmt:getqloc.obj
 0002:00000e50       ??_C@_0P@IIKK@united?9kingdom?$AA@ 00419e50   libcmt:getqloc.obj
 0002:00000e60       ??_C@_0O@ILBP@united?5states?$AA@ 00419e60   libcmt:getqloc.obj
 0002:00000e70       ??_C@_0P@KBEK@united?5kingdom?$AA@ 00419e70   libcmt:getqloc.obj
 0002:00000e80       ??_C@_03IGKO@twn?$AA@      00419e80   libcmt:getqloc.obj
 0002:00000e88       ??_C@_06CMKP@turkey?$AA@   00419e88   libcmt:getqloc.obj
 0002:00000e90       ??_C@_03PMGP@tur?$AA@      00419e90   libcmt:getqloc.obj
 0002:00000e98       ??_C@_06OBJC@taiwan?$AA@   00419e98   libcmt:getqloc.obj
 0002:00000ea0       ??_C@_0M@EKGN@switzerland?$AA@ 00419ea0   libcmt:getqloc.obj
 0002:00000eb0       ??_C@_06PJFL@sweden?$AA@   00419eb0   libcmt:getqloc.obj
 0002:00000eb8       ??_C@_03JDMO@swe?$AA@      00419eb8   libcmt:getqloc.obj
 0002:00000ec0       ??_C@_03COKO@svk?$AA@      00419ec0   libcmt:getqloc.obj
 0002:00000ec8       ??_C@_05FBKI@spain?$AA@    00419ec8   libcmt:getqloc.obj
 0002:00000ed0       ??_C@_0M@BDFM@south?9korea?$AA@ 00419ed0   libcmt:getqloc.obj
 0002:00000ee0       ??_C@_0M@HNHN@south?5korea?$AA@ 00419ee0   libcmt:getqloc.obj
 0002:00000ef0       ??_C@_03FANM@sgp?$AA@      00419ef0   libcmt:getqloc.obj
 0002:00000ef8       ??_C@_09EOGO@singapore?$AA@ 00419ef8   libcmt:getqloc.obj
 0002:00000f08       ??_C@_06NHNE@russia?$AA@   00419f08   libcmt:getqloc.obj
 0002:00000f10       ??_C@_03CKBC@prt?$AA@      00419f10   libcmt:getqloc.obj
 0002:00000f18       ??_C@_08EJOH@pr?9china?$AA@ 00419f18   libcmt:getqloc.obj
 0002:00000f28       ??_C@_08CHMG@pr?5china?$AA@ 00419f28   libcmt:getqloc.obj
 0002:00000f38       ??_C@_08GGAN@portugal?$AA@ 00419f38   libcmt:getqloc.obj
 0002:00000f48       ??_C@_06NOHH@poland?$AA@   00419f48   libcmt:getqloc.obj
 0002:00000f50       ??_C@_03EECH@pol?$AA@      00419f50   libcmt:getqloc.obj
 0002:00000f58       ??_C@_03DPCG@nzl?$AA@      00419f58   libcmt:getqloc.obj
 0002:00000f60       ??_C@_02OCJK@nz?$AA@       00419f60   libcmt:getqloc.obj
 0002:00000f68       ??_C@_06BAPG@norway?$AA@   00419f68   libcmt:getqloc.obj
 0002:00000f70       ??_C@_0M@MMKA@new?9zealand?$AA@ 00419f70   libcmt:getqloc.obj
 0002:00000f80       ??_C@_0M@OFEA@new?5zealand?$AA@ 00419f80   libcmt:getqloc.obj
 0002:00000f90       ??_C@_0M@POGE@netherlands?$AA@ 00419f90   libcmt:getqloc.obj
 0002:00000fa0       ??_C@_06KJLN@mexico?$AA@   00419fa0   libcmt:getqloc.obj
 0002:00000fa8       ??_C@_03HEJJ@mex?$AA@      00419fa8   libcmt:getqloc.obj
 0002:00000fb0       ??_C@_05OOCK@korea?$AA@    00419fb0   libcmt:getqloc.obj
 0002:00000fb8       ??_C@_05EEKJ@japan?$AA@    00419fb8   libcmt:getqloc.obj
 0002:00000fc0       ??_C@_05DHEA@italy?$AA@    00419fc0   libcmt:getqloc.obj
 0002:00000fc8       ??_C@_03DEBD@irl?$AA@      00419fc8   libcmt:getqloc.obj
 0002:00000fd0       ??_C@_07JJLD@ireland?$AA@  00419fd0   libcmt:getqloc.obj
 0002:00000fd8       ??_C@_07FGBB@iceland?$AA@  00419fd8   libcmt:getqloc.obj
 0002:00000fe0       ??_C@_07IDDB@hungary?$AA@  00419fe0   libcmt:getqloc.obj
 0002:00000fe8       ??_C@_09MGEH@hong?9kong?$AA@ 00419fe8   libcmt:getqloc.obj
 0002:00000ff8       ??_C@_09OHNN@hong?5kong?$AA@ 00419ff8   libcmt:getqloc.obj
 0002:00001008       ??_C@_07CCAK@holland?$AA@  0041a008   libcmt:getqloc.obj
 0002:00001010       ??_C@_03EFD@hkg?$AA@       0041a010   libcmt:getqloc.obj
 0002:00001018       ??_C@_06FLIB@greece?$AA@   0041a018   libcmt:getqloc.obj
 0002:00001020       ??_C@_0O@MEPL@great?5britain?$AA@ 0041a020   libcmt:getqloc.obj
 0002:00001030       ??_C@_03EJIM@grc?$AA@      0041a030   libcmt:getqloc.obj
 0002:00001038       ??_C@_07CPP@germany?$AA@   0041a038   libcmt:getqloc.obj
 0002:00001040       ??_C@_03CAMC@gbr?$AA@      0041a040   libcmt:getqloc.obj
 0002:00001048       ??_C@_06DNOH@france?$AA@   0041a048   libcmt:getqloc.obj
 0002:00001050       ??_C@_07IMFA@finland?$AA@  0041a050   libcmt:getqloc.obj
 0002:00001058       ??_C@_07LGIB@england?$AA@  0041a058   libcmt:getqloc.obj
 0002:00001060       ??_C@_03GOFI@dnk?$AA@      0041a060   libcmt:getqloc.obj
 0002:00001068       ??_C@_07ILKC@denmark?$AA@  0041a068   libcmt:getqloc.obj
 0002:00001070       ??_C@_03ELPA@cze?$AA@      0041a070   libcmt:getqloc.obj
 0002:00001078       ??_C@_03KHAN@chn?$AA@      0041a078   libcmt:getqloc.obj
 0002:00001080       ??_C@_05NMPB@china?$AA@    0041a080   libcmt:getqloc.obj
 0002:00001088       ??_C@_03MAM@che?$AA@       0041a088   libcmt:getqloc.obj
 0002:00001090       ??_C@_06CJAO@canada?$AA@   0041a090   libcmt:getqloc.obj
 0002:00001098       ??_C@_03EPD@can?$AA@       0041a098   libcmt:getqloc.obj
 0002:000010a0       ??_C@_07GN@britain?$AA@    0041a0a0   libcmt:getqloc.obj
 0002:000010a8       ??_C@_06GEHJ@brazil?$AA@   0041a0a8   libcmt:getqloc.obj
 0002:000010b0       ??_C@_03GOO@bra?$AA@       0041a0b0   libcmt:getqloc.obj
 0002:000010b8       ??_C@_07ECDD@belgium?$AA@  0041a0b8   libcmt:getqloc.obj
 0002:000010c0       ??_C@_03FJGB@bel?$AA@      0041a0c0   libcmt:getqloc.obj
 0002:000010c8       ??_C@_03DIDL@aut?$AA@      0041a0c8   libcmt:getqloc.obj
 0002:000010d0       ??_C@_07OIK@austria?$AA@   0041a0d0   libcmt:getqloc.obj
 0002:000010d8       ??_C@_09MKKB@australia?$AA@ 0041a0d8   libcmt:getqloc.obj
 0002:000010e8       ??_C@_03GNNO@aus?$AA@      0041a0e8   libcmt:getqloc.obj
 0002:000010f0       ??_C@_07DLAK@america?$AA@  0041a0f0   libcmt:getqloc.obj
 0002:000010f8       ??_C@_03IPEP@usa?$AA@      0041a0f8   libcmt:getqloc.obj
 0002:00001100       ??_C@_02PILH@us?$AA@       0041a100   libcmt:getqloc.obj
 0002:00001108       ??_C@_02FHP@uk?$AA@        0041a108   libcmt:getqloc.obj
 0002:00001110       ??_C@_07BNFK@turkish?$AA@  0041a110   libcmt:getqloc.obj
 0002:00001118       ??_C@_03MKGF@trk?$AA@      0041a118   libcmt:getqloc.obj
 0002:00001120       ??_C@_05DEAI@swiss?$AA@    0041a120   libcmt:getqloc.obj
 0002:00001128       ??_C@_07ENHD@swedish?$AA@  0041a128   libcmt:getqloc.obj
 0002:00001130       ??_C@_03IFGE@sve?$AA@      0041a130   libcmt:getqloc.obj
 0002:00001138       ??_C@_0P@NJBN@spanish?9modern?$AA@ 0041a138   libcmt:getqloc.obj
 0002:00001148       ??_C@_0BA@NHDN@spanish?9mexican?$AA@ 0041a148   libcmt:getqloc.obj
 0002:00001158       ??_C@_07EFLC@spanish?$AA@  0041a158   libcmt:getqloc.obj
 0002:00001160       ??_C@_06KFFJ@slovak?$AA@   0041a160   libcmt:getqloc.obj
 0002:00001168       ??_C@_03EBAN@sky?$AA@      0041a168   libcmt:getqloc.obj
 0002:00001170       ??_C@_07JNDN@russian?$AA@  0041a170   libcmt:getqloc.obj
 0002:00001178       ??_C@_03LKIP@rus?$AA@      0041a178   libcmt:getqloc.obj
 0002:00001180       ??_C@_03LCE@ptg?$AA@       0041a180   libcmt:getqloc.obj
 0002:00001188       ??_C@_03LOP@ptb?$AA@       0041a188   libcmt:getqloc.obj
 0002:00001190       ??_C@_0BF@KMMM@portuguese?9brazilian?$AA@ 0041a190   libcmt:getqloc.obj
 0002:000011a8       ??_C@_0L@HNPF@portuguese?$AA@ 0041a1a8   libcmt:getqloc.obj
 0002:000011b8       ??_C@_06CDNL@polish?$AA@   0041a1b8   libcmt:getqloc.obj
 0002:000011c0       ??_C@_03CKDN@plk?$AA@      0041a1c0   libcmt:getqloc.obj
 0002:000011c8       ??_C@_0BC@BAAE@norwegian?9nynorsk?$AA@ 0041a1c8   libcmt:getqloc.obj
 0002:000011e0       ??_C@_0BB@PBHK@norwegian?9bokmal?$AA@ 0041a1e0   libcmt:getqloc.obj
 0002:000011f8       ??_C@_09EHKL@norwegian?$AA@ 0041a1f8   libcmt:getqloc.obj
 0002:00001208       ??_C@_03BLDF@nor?$AA@      0041a208   libcmt:getqloc.obj
 0002:00001210       ??_C@_03EMKB@non?$AA@      0041a210   libcmt:getqloc.obj
 0002:00001218       ??_C@_03HGMI@nld?$AA@      0041a218   libcmt:getqloc.obj
 0002:00001220       ??_C@_03IJLK@nlb?$AA@      0041a220   libcmt:getqloc.obj
 0002:00001228       ??_C@_06KKAE@korean?$AA@   0041a228   libcmt:getqloc.obj
 0002:00001230       ??_C@_03BHJ@kor?$AA@       0041a230   libcmt:getqloc.obj
 0002:00001238       ??_C@_03LKFD@jpn?$AA@      0041a238   libcmt:getqloc.obj
 0002:00001240       ??_C@_08KCAB@japanese?$AA@ 0041a240   libcmt:getqloc.obj
 0002:00001250       ??_C@_03OLMB@its?$AA@      0041a250   libcmt:getqloc.obj
 0002:00001258       ??_C@_0O@BEAN@italian?9swiss?$AA@ 0041a258   libcmt:getqloc.obj
 0002:00001268       ??_C@_07CBME@italian?$AA@  0041a268   libcmt:getqloc.obj
 0002:00001270       ??_C@_03BHJP@ita?$AA@      0041a270   libcmt:getqloc.obj
 0002:00001278       ??_C@_03CCLJ@isl?$AA@      0041a278   libcmt:getqloc.obj
 0002:00001280       ??_C@_0O@OIFK@irish?9english?$AA@ 0041a280   libcmt:getqloc.obj
 0002:00001290       ??_C@_09OEEF@icelandic?$AA@ 0041a290   libcmt:getqloc.obj
 0002:000012a0       ??_C@_09IBNG@hungarian?$AA@ 0041a2a0   libcmt:getqloc.obj
 0002:000012b0       ??_C@_03FCHO@hun?$AA@      0041a2b0   libcmt:getqloc.obj
 0002:000012b8       ??_C@_05DOKD@greek?$AA@    0041a2b8   libcmt:getqloc.obj
 0002:000012c0       ??_C@_0N@NBPL@german?9swiss?$AA@ 0041a2c0   libcmt:getqloc.obj
 0002:000012d0       ??_C@_0BA@MKDC@german?9austrian?$AA@ 0041a2d0   libcmt:getqloc.obj
 0002:000012e0       ??_C@_06IAFA@german?$AA@   0041a2e0   libcmt:getqloc.obj
 0002:000012e8       ??_C@_03LCOK@frs?$AA@      0041a2e8   libcmt:getqloc.obj
 0002:000012f0       ??_C@_0N@ODNB@french?9swiss?$AA@ 0041a2f0   libcmt:getqloc.obj
 0002:00001300       ??_C@_0BA@NABK@french?9canadian?$AA@ 0041a300   libcmt:getqloc.obj
 0002:00001310       ??_C@_0P@CJNO@french?9belgian?$AA@ 0041a310   libcmt:getqloc.obj
 0002:00001320       ??_C@_06PMNM@french?$AA@   0041a320   libcmt:getqloc.obj
 0002:00001328       ??_C@_03BLJK@frc?$AA@      0041a328   libcmt:getqloc.obj
 0002:00001330       ??_C@_03LBAN@frb?$AA@      0041a330   libcmt:getqloc.obj
 0002:00001338       ??_C@_03EOLE@fra?$AA@      0041a338   libcmt:getqloc.obj
 0002:00001340       ??_C@_07DLFI@finnish?$AA@  0041a340   libcmt:getqloc.obj
 0002:00001348       ??_C@_03KLOL@fin?$AA@      0041a348   libcmt:getqloc.obj
 0002:00001350       ??_C@_03KNMC@esp?$AA@      0041a350   libcmt:getqloc.obj
 0002:00001358       ??_C@_03KPHI@esn?$AA@      0041a358   libcmt:getqloc.obj
 0002:00001360       ??_C@_03FAMB@esm?$AA@      0041a360   libcmt:getqloc.obj
 0002:00001368       ??_C@_03DPKJ@enz?$AA@      0041a368   libcmt:getqloc.obj
 0002:00001370       ??_C@_03DOPE@enu?$AA@      0041a370   libcmt:getqloc.obj
 0002:00001378       ??_C@_03GJGA@eni?$AA@      0041a378   libcmt:getqloc.obj
 0002:00001380       ??_C@_0M@LJOL@english?9usa?$AA@ 0041a380   libcmt:getqloc.obj
 0002:00001390       ??_C@_0L@FMNC@english?9us?$AA@ 0041a390   libcmt:getqloc.obj
 0002:000013a0       ??_C@_0L@KBBK@english?9uk?$AA@ 0041a3a0   libcmt:getqloc.obj
 0002:000013b0       ??_C@_0L@EGPP@english?9nz?$AA@ 0041a3b0   libcmt:getqloc.obj
 0002:000013c0       ??_C@_0M@PMJI@english?9ire?$AA@ 0041a3c0   libcmt:getqloc.obj
 0002:000013d0       ??_C@_0M@DCFH@english?9can?$AA@ 0041a3d0   libcmt:getqloc.obj
 0002:000013e0       ??_C@_0M@FLHK@english?9aus?$AA@ 0041a3e0   libcmt:getqloc.obj
 0002:000013f0       ??_C@_0BB@HNCK@english?9american?$AA@ 0041a3f0   libcmt:getqloc.obj
 0002:00001408       ??_C@_07ELCN@english?$AA@  0041a408   libcmt:getqloc.obj
 0002:00001410       ??_C@_03MCKK@eng?$AA@      0041a410   libcmt:getqloc.obj
 0002:00001418       ??_C@_03GIPG@enc?$AA@      0041a418   libcmt:getqloc.obj
 0002:00001420       ??_C@_03DNNI@ena?$AA@      0041a420   libcmt:getqloc.obj
 0002:00001428       ??_C@_03EEPO@ell?$AA@      0041a428   libcmt:getqloc.obj
 0002:00001430       ??_C@_0O@PAMI@dutch?9belgian?$AA@ 0041a430   libcmt:getqloc.obj
 0002:00001440       ??_C@_05NPEI@dutch?$AA@    0041a440   libcmt:getqloc.obj
 0002:00001448       ??_C@_03OCEJ@deu?$AA@      0041a448   libcmt:getqloc.obj
 0002:00001450       ??_C@_03BNDL@des?$AA@      0041a450   libcmt:getqloc.obj
 0002:00001458       ??_C@_03OBGF@dea?$AA@      0041a458   libcmt:getqloc.obj
 0002:00001460       ??_C@_06KEAI@danish?$AA@   0041a460   libcmt:getqloc.obj
 0002:00001468       ??_C@_03LKJC@dan?$AA@      0041a468   libcmt:getqloc.obj
 0002:00001470       ??_C@_05BMOA@czech?$AA@    0041a470   libcmt:getqloc.obj
 0002:00001478       ??_C@_03LPJK@csy?$AA@      0041a478   libcmt:getqloc.obj
 0002:00001480       ??_C@_03POL@cht?$AA@       0041a480   libcmt:getqloc.obj
 0002:00001488       ??_C@_03FKAO@chs?$AA@      0041a488   libcmt:getqloc.obj
 0002:00001490       ??_C@_0BE@FPEJ@chinese?9traditional?$AA@ 0041a490   libcmt:getqloc.obj
 0002:000014a8       ??_C@_0BC@CHFL@chinese?9singapore?$AA@ 0041a4a8   libcmt:getqloc.obj
 0002:000014c0       ??_C@_0BD@DCMH@chinese?9simplified?$AA@ 0041a4c0   libcmt:getqloc.obj
 0002:000014d8       ??_C@_0BB@JMOE@chinese?9hongkong?$AA@ 0041a4d8   libcmt:getqloc.obj
 0002:000014f0       ??_C@_07NGFN@chinese?$AA@  0041a4f0   libcmt:getqloc.obj
 0002:000014f8       ??_C@_03PCOI@chi?$AA@      0041a4f8   libcmt:getqloc.obj
 0002:00001500       ??_C@_03FIHP@chh?$AA@      0041a500   libcmt:getqloc.obj
 0002:00001508       ??_C@_08HFLO@canadian?$AA@ 0041a508   libcmt:getqloc.obj
 0002:00001518       ??_C@_07INIJ@belgian?$AA@  0041a518   libcmt:getqloc.obj
 0002:00001520       ??_C@_0L@LCCA@australian?$AA@ 0041a520   libcmt:getqloc.obj
 0002:00001530       ??_C@_0BB@BJIO@american?9english?$AA@ 0041a530   libcmt:getqloc.obj
 0002:00001548       ??_C@_0BB@DAGO@american?5english?$AA@ 0041a548   libcmt:getqloc.obj
 0002:00001560       ??_C@_08HENB@american?$AA@ 0041a560   libcmt:getqloc.obj
 0002:00001570       ??_C@_00A@?$AA@            0041a570   libcmt:getqloc.obj
 0002:00001574       __get_qualified_locale     0041a574   libcmt:getqloc.obj
 0002:00001580       ??_C@_03DGJE@OCP?$AA@      0041a580   libcmt:getqloc.obj
 0002:00001588       ??_C@_03EKFG@ACP?$AA@      0041a588   libcmt:getqloc.obj
 0002:0000158c       _isctype                   0041a58c   libcmt:isctype.obj
 0002:00001594       _tolower                   0041a594   libcmt:tolower.obj
 0002:0000159c       tolower                    0041a59c   libcmt:tolower.obj
 0002:000015a4       _tolower_lk                0041a5a4   libcmt:tolower.obj
 0002:000015ac       _ZeroTail                  0041a5ac   libcmt:intrncvt.obj
 0002:000015b4       _IncMan                    0041a5b4   libcmt:intrncvt.obj
 0002:000015bc       _RoundMan                  0041a5bc   libcmt:intrncvt.obj
 0002:000015c4       _CopyMan                   0041a5c4   libcmt:intrncvt.obj
 0002:000015cc       _FillZeroMan               0041a5cc   libcmt:intrncvt.obj
 0002:000015d4       _IsZeroMan                 0041a5d4   libcmt:intrncvt.obj
 0002:000015dc       _ShrMan                    0041a5dc   libcmt:intrncvt.obj
 0002:000015e4       _ld12cvt                   0041a5e4   libcmt:intrncvt.obj
 0002:000015ec       _ld12tod                   0041a5ec   libcmt:intrncvt.obj
 0002:000015f4       _ld12tof                   0041a5f4   libcmt:intrncvt.obj
 0002:000015fc       _ld12told                  0041a5fc   libcmt:intrncvt.obj
 0002:00001604       _atodbl                    0041a604   libcmt:intrncvt.obj
 0002:0000160c       _atoldbl                   0041a60c   libcmt:intrncvt.obj
 0002:00001614       _atoflt                    0041a614   libcmt:intrncvt.obj
 0002:0000161c       _fptostr                   0041a61c   libcmt:_fptostr.obj
 0002:00001624       _fltout2                   0041a624   libcmt:cfout.obj
 0002:0000162c       __dtold                    0041a62c   libcmt:cfout.obj
 0002:00001638       memmove                    0041a638   libcmt:memcpyp.obj
 0002:00001640       memcpy                     0041a640   libcmt:memcpyp.obj
 0002:00001648       _close                     0041a648   libcmt:close.obj
 0002:00001650       _close_lk                  0041a650   libcmt:close.obj
[...]
 0005:00000834       __imp_LCMapStringA         00422834   kernel32:KERNEL32.dll
 0005:00000838       __imp_GetLocaleInfoA       00422838   kernel32:KERNEL32.dll
 0005:0000083c       __imp_GetLocaleInfoW       0042283c   kernel32:KERNEL32.dll
 0005:00000840       __imp_LCMapStringW         00422840   kernel32:KERNEL32.dll
 0005:00000844       \177KERNEL32_NULL_THUNK_DATA 00422844   kernel32:KERNEL32.dll
 0005:00000848       __imp_SafeArrayGetUBound   00422848   oleaut32:OLEAUT32.dll
 0005:0000084c       __imp_SafeArrayGetDim      0042284c   oleaut32:OLEAUT32.dll
 0005:00000850       __imp_SysStringLen         00422850   oleaut32:OLEAUT32.dll
 0005:00000854       __imp_SafeArrayCopy        00422854   oleaut32:OLEAUT32.dll
 0005:00000858       __imp_SafeArrayGetElement  00422858   oleaut32:OLEAUT32.dll
 0005:0000085c       __imp_SafeArrayGetLBound   0042285c   oleaut32:OLEAUT32.dll
 0005:00000860       __imp_SysFreeString        00422860   oleaut32:OLEAUT32.dll
 0005:00000864       __imp_DispGetParam         00422864   oleaut32:OLEAUT32.dll
 0005:00000868       __imp_VariantInit          00422868   oleaut32:OLEAUT32.dll
 0005:0000086c       __imp_SafeArrayDestroy     0042286c   oleaut32:OLEAUT32.dll
 0005:00000870       __imp_VariantClear         00422870   oleaut32:OLEAUT32.dll
 0005:00000874       __imp_SafeArrayPutElement  00422874   oleaut32:OLEAUT32.dll
 0005:00000878       __imp_SafeArrayCreate      00422878   oleaut32:OLEAUT32.dll
 0005:0000087c       __imp_SysAllocString       0042287c   oleaut32:OLEAUT32.dll
 0005:00000880       \177OLEAUT32_NULL_THUNK_DATA 00422880   oleaut32:OLEAUT32.dll
 0005:00000884       __imp_GetSystemMetrics     00422884   user32:USER32.dll
 0005:00000888       __imp_GetWindow            00422888   user32:USER32.dll
 0005:0000088c       __imp_CreateWindowExA      0042288c   user32:USER32.dll
 0005:00000890       __imp_ShowWindow           00422890   user32:USER32.dll
 0005:00000894       __imp_UpdateWindow         00422894   user32:USER32.dll
 0005:00000898       __imp_MoveWindow           00422898   user32:USER32.dll
 0005:0000089c       __imp_DefFrameProcA        0042289c   user32:USER32.dll
 0005:000008a0       __imp_PostQuitMessage      004228a0   user32:USER32.dll
 0005:000008a4       __imp_DestroyWindow        004228a4   user32:USER32.dll
 0005:000008a8       __imp_InvalidateRect       004228a8   user32:USER32.dll
 0005:000008ac       __imp_GetClientRect        004228ac   user32:USER32.dll
 0005:000008b0       __imp_LoadIconA            004228b0   user32:USER32.dll
 0005:000008b4       __imp_wsprintfA            004228b4   user32:USER32.dll
 0005:000008b8       __imp_LoadCursorA          004228b8   user32:USER32.dll
 0005:000008bc       __imp_SendMessageA         004228bc   user32:USER32.dll
 0005:000008c0       __imp_GetClassInfoA        004228c0   user32:USER32.dll
 0005:000008c4       __imp_EndPaint             004228c4   user32:USER32.dll
 0005:000008c8       __imp_GetSysColor          004228c8   user32:USER32.dll
 0005:000008cc       __imp_BeginPaint           004228cc   user32:USER32.dll
 0005:000008d0       __imp_DefWindowProcA       004228d0   user32:USER32.dll
 0005:000008d4       __imp_GetWindowLongA       004228d4   user32:USER32.dll
 0005:000008d8       __imp_wvsprintfA           004228d8   user32:USER32.dll
 0005:000008dc       __imp_RegisterClassA       004228dc   user32:USER32.dll
 0005:000008e0       __imp_GetMessageA          004228e0   user32:USER32.dll
 0005:000008e4       __imp_TranslateMessage     004228e4   user32:USER32.dll
 0005:000008e8       __imp_DispatchMessageA     004228e8   user32:USER32.dll
 0005:000008ec       __imp_GetDC                004228ec   user32:USER32.dll
 0005:000008f0       __imp_ReleaseDC            004228f0   user32:USER32.dll
 0005:000008f4       __imp_SetWindowLongA       004228f4   user32:USER32.dll
 0005:000008f8       \177USER32_NULL_THUNK_DATA 004228f8   user32:USER32.dll
 0005:000008fc       __imp_OleUninitialize      004228fc   ole32:ole32.dll
 0005:00000900       __imp_CoRevokeClassObject  00422900   ole32:ole32.dll
 0005:00000904       __imp_OleInitialize        00422904   ole32:ole32.dll
 0005:00000908       __imp_CoRegisterClassObject 00422908   ole32:ole32.dll
 0005:0000090c       \177ole32_NULL_THUNK_DATA  0042290c   ole32:ole32.dll
 0006:00000000       memcmp                     00424000   libcmt:memcmpp.obj
 0006:00000008       __C_ExecuteExceptionFilter 00424008   libcmt:jmpuwind.obj
 0006:00000010       __C_ExecuteTerminationHandler 00424010   libcmt:jmpuwind.obj
 0006:00000018       __jump_unwind              00424018   libcmt:jmpuwind.obj
 0006:00000020       _stricmp                   00424020   libcmt:stricmpp.obj
 0006:00000028       _strcmpi                   00424028   libcmt:stricmpp.obj
 0006:00000030       strchr                     00424030   libcmt:strchrp.obj
 0005:00008270       .toc                       0042a270   <linker-defined>

 entry point at        0002:00000640

 Static symbols

 0001:000169a0       ..findenv                  004179a0 f libcmt:setenv.obj
 0001:00016a54       ..copy_environ             00417a54 f libcmt:setenv.obj
 0001:000160e0       ..wcsncnt                  004170e0 f libcmt:aw_cmp.obj
 0001:00016600       ..strncnt                  00417600 f libcmt:aw_cmp.obj
 0001:000159b8       ..wcsncnt                  004169b8 f libcmt:wcstombs.obj
 0001:0001435c       .._tzset_lk                0041535c f libcmt:tzset.obj
 0001:00014754       .._isindst_lk              00415754 f libcmt:tzset.obj
 0001:00014acc       ..cvtdate                  00415acc f libcmt:tzset.obj
 0001:00012a88       ..wcsncnt                  00413a88 f libcmt:aw_map.obj
 0001:00012ec0       ..strncnt                  00413ec0 f libcmt:aw_map.obj
 0001:00012260       ..wcstoxl                  00413260 f libcmt:wcstol.obj
 0001:00011bf0       ..xtoa                     00412bf0 f libcmt:xtoa.obj
 0001:00010718       .._expandtime              00411718 f libcmt:strftime.obj
 0001:00010da4       .._store_str               00411da4 f libcmt:strftime.obj
 0001:00010dec       .._store_num               00411dec f libcmt:strftime.obj
 0001:00010ebc       .._store_number            00411ebc f libcmt:strftime.obj
 0001:00010f50       .._store_winword           00411f50 f libcmt:strftime.obj
 0001:0000f1c8       ..trans_lang_lang          004101c8 f libcmt:getqloc.obj
 0001:0000f258       ..trans_ctry_ctry          00410258 f libcmt:getqloc.obj
 0001:0000f2e8       ..trans_ctry_lang          004102e8 f libcmt:getqloc.obj
 0001:0000f374       ..testSpecialCtry          00410374 f libcmt:getqloc.obj
 0001:0000f390       ..match_ctry_lang          00410390 f libcmt:getqloc.obj
 0001:0000e4a0       .._get_lc_lconv            0040f4a0 f libcmt:initmon.obj
 0001:0000e6fc       ..fix_grouping             0040f6fc f libcmt:initmon.obj
 0001:0000e774       .._free_lc_lconv           0040f774 f libcmt:initmon.obj
 0001:0000e2e8       ..fix_grouping             0040f2e8 f libcmt:initnum.obj
 0001:0000d620       .._get_lc_time             0040e620 f libcmt:inittime.obj
 0001:0000dc54       .._free_lc_time            0040ec54 f libcmt:inittime.obj
 0001:0000de80       ..storeTimeFmt             0040ee80 f libcmt:inittime.obj
 0001:0000cd8c       .._cftoe2                  0040dd8c f libcmt:cvt.obj
 0001:0000cff8       .._cftof2                  0040dff8 f libcmt:cvt.obj
 0001:0000d290       .._shift                   0040e290 f libcmt:cvt.obj
 0001:0000c1ec       .._setlocale_set_cat       0040d1ec f libcmt:setlocal.obj
 0001:0000c3d0       .._setlocale_get_all       0040d3d0 f libcmt:setlocal.obj
 0001:0000bcf0       ..flsall                   0040ccf0 f libcmt:fflush.obj
 0001:00008dac       ..getSystemCP              00409dac f libcmt:mbctype.obj
 0001:00008e70       ..CPtoLCID                 00409e70 f libcmt:mbctype.obj
 0001:00008f38       ..setSBCS                  00409f38 f libcmt:mbctype.obj
 0001:00007f20       ..parse_cmdline            00408f20 f libcmt:stdargv.obj
 0001:00007c74       ..x_ismbbtype              00408c74 f libcmt:ismbbyte.obj
 0001:00007a44       ..xcptlookup               00408a44 f libcmt:winxfltr.obj
 0001:000073e4       ..doexit                   004083e4 f libcmt:crt0dat.obj
 0001:00007570       .._initterm                00408570 f libcmt:crt0dat.obj
 0001:0000716c       ..write_char               0040816c f libcmt:output.obj
 0001:000071f0       ..write_multi_char         004081f0 f libcmt:output.obj
 0001:00007244       ..write_string             00408244 f libcmt:output.obj
 0001:000072a8       ..get_int_arg              004082a8 f libcmt:output.obj
 0001:000072c4       ..get_int64_arg            004082c4 f libcmt:output.obj
 0001:000072e4       ..get_short_arg            004082e4 f libcmt:output.obj

 Offset   Rva+Base   Publics by TOC Offset

  8000    00422270   __imp_OleInitialize
  8004    00422274   ?g_ppointCF@@3PAUIClassFactory@@A
  8008    00422278   __imp_CoRegisterClassObject
  800c    0042227c   CLSID_CPoint
  8010    00422280   ?g_dwPointCF@@3KA
  8014    00422284   ?g_ppolyCF@@3PAUIClassFactory@@A
  8018    00422288   CLSID_CPoly
  801c    0042228c   ?g_dwPolyCF@@3KA
  8020    00422290   ?g_fObjectsRevoked@@3IA
  8024    00422294   __imp_CoRevokeClassObject
  8028    00422298   __imp_OleUninitialize
  8030    004222a0   __imp_OutputDebugStringA
  8034    004222a4   __imp_DebugBreak
  8038    004222a8   ?g_cObjects@@3KA
  803c    004222ac   ?g_fQuit@@3IA
  8040    004222b0   __imp_PostQuitMessage
  8044    004222b4   ??_7CStatBar@@6B@
  8048    004222b8   __imp_SysFreeString
  804c    004222bc   ?m_szWndClass@CStatBar@@0PADA
  8050    004222c0   __imp_CreateWindowExA
  8054    004222c4   __imp_SetWindowLongA
  8058    004222c8   IID_IUnknown
  805c    004222cc   __imp_SendMessageA
  8060    004222d0   __imp_GetClassInfoA
  8064    004222d4   StatBarWndProc
  8068    004222d8   __imp_LoadCursorA
  806c    004222dc   __imp_GetStockObject
  8070    004222e0   __imp_RegisterClassA
  8074    004222e4   __imp_ShowWindow
  8078    004222e8   __imp_GetDC
  807c    004222ec   __imp_SelectObject
  8080    004222f0   __imp_GetTextMetricsA
  8084    004222f4   __imp_ReleaseDC
  8088    004222f8   __imp_BeginPaint
  808c    004222fc   __imp_GetSysColor
  8090    00422300   __imp_CreatePen
  8094    00422304   __imp_MoveToEx
  8098    00422308   __imp_LineTo
  809c    0042230c   __imp_SetBkMode
  80a0    00422310   __imp_CreateRectRgn
  80a4    00422314   __imp_SelectClipRgn
  80a8    00422318   __imp_TextOutA
  80ac    0042231c   __imp_SysStringLen
  80b0    00422320   __imp_DeleteObject
  80b4    00422324   __imp_EndPaint
  80b8    00422328   __imp_GetWindowLongA
  80bc    0042232c   __imp_DefWindowProcA
  80c0    00422330   __imp_wvsprintfA
  80c8    00422338   __imp_InvalidateRect
  80cc    0042233c   __imp_UpdateWindow
  80d0    00422340   ??_7CEnumPoint@@6B@
  80d4    00422344   __imp_SafeArrayGetDim
  80d8    00422348   __imp_SafeArrayGetLBound
  80dc    0042234c   __imp_SafeArrayGetUBound
  80e0    00422350   IID_IEnumVARIANT
  80e4    00422354   __imp_SafeArrayDestroy
  80e8    00422358   __imp_VariantInit
  80ec    0042235c   __imp_SafeArrayGetElement
  80f0    00422360   __imp_VariantClear
  80f4    00422364   __imp_SafeArrayCopy
  80f8    00422368   ??_7IEnumVARIANT@@6B@
  80fc    0042236c   ??_7CPoint@@6B@
  8100    00422370   IID_IDispatch
  8104    00422374   GUID_NULL
  810c    0042237c   __imp_DispGetParam
  8110    00422380   ??_7CPointCF@@6B@
  8114    00422384   IID_IClassFactory
  8118    00422388   ??_7CPoly@@6B@
  811c    0042238c   ?g_cPoly@@3HA
  8120    00422390   ?g_ppolylink@@3PAUPOLYLINK@@A
  8124    00422394   ?g_psb@@3PAVCStatBar@@A
  812c    0042239c   __imp_GetClientRect
  8130    004223a0   ?g_hwndClient@@3PAXA
  8134    004223a4   __imp_SafeArrayCreate
  8138    004223a8   __imp_SafeArrayPutElement
  813c    004223ac   __imp_wsprintfA
  8140    004223b0   ??_7CPolyCF@@6B@
  8144    004223b4   ??_7IDispatch@@6B@
  8148    004223b8   ??_7IUnknown@@6B@
  814c    004223bc   ??_7IClassFactory@@6B@
  8150    004223c0   __imp_GetMessageA
  8154    004223c4   __imp_TranslateMessage
  8158    004223c8   __imp_DispatchMessageA
  815c    004223cc   FrameWndProc
  8164    004223d4   __imp_LoadIconA
  8168    004223d8   ?g_szFrameWndClass@@3PADA
  816c    004223dc   ?g_hinst@@3PAXA
  8170    004223e0   ?g_hwndFrame@@3PAXA
  8174    004223e4   __imp_GetWindow
  8178    004223e8   __imp_GetSystemMetrics
  817c    004223ec   __imp_MoveWindow
  8180    004223f0   __imp_DestroyWindow
  8184    004223f4   __imp_DefFrameProcA
  8188    004223f8   __imp_MultiByteToWideChar
  8190    00422400   __imp_WideCharToMultiByte
  8194    00422404   __imp_SysAllocString
  8198    00422408   __lc_handle
  819c    0042240c   __setlc_active
  81a0    00422410   __unguarded_readlc_active
  81a4    00422414   __mbcodepage
  81a8    00422418   _mbctype
  81ac    0042241c   _crtheap
  81b0    00422420   _newmode
  81b4    00422424   __imp_HeapReAlloc
  81b8    00422428   __initenv
  81bc    0042242c   _environ
  81c0    00422430   _wenviron
  81c4    00422434   __imp_SetEnvironmentVariableA
  81cc    0042243c   ??_C@_13A@?$AA?$AA?$AA?$AA?$AA?$AA?$AA?$AA@
  81d0    00422440   __imp_CompareStringW
  81d4    00422444   ??_C@_01A@?$AA?$AA@
  81d8    00422448   __imp_CompareStringA
  81dc    0042244c   __lc_codepage
  81e0    00422450   __imp_GetCPInfo
  81e4    00422454   __mblcid
  81e8    00422458   __mb_cur_max
  81ec    0042245c   __imp_GetLastError
  81f0    00422460   _pow10pos
  81f4    00422464   _pow10neg
  81f8    00422468   _pwctype
  8204    00422474   ??_C@_02JHIA@TZ?$AA@
  8208    00422478   __imp_GetTimeZoneInformation
  820c    0042247c   _timezone
  8210    00422480   _daylight
  8214    00422484   _dstbias
  8218    00422488   _tzname
  821c    0042248c   _lpdays
  8220    00422490   _days
  8224    00422494   ??_C@_06LKFM@1?$CDSNAN?$AA@
  8228    00422498   ??_C@_05EDPF@1?$CDIND?$AA@
  822c    0042249c   ??_C@_05BGNL@1?$CDINF?$AA@
  8230    004224a0   ??_C@_06PAPI@1?$CDQNAN?$AA@
  8234    004224a4   __decimal_point
  8238    004224a8   _pctype
  8240    004224b0   __imp_LCMapStringW
  8244    004224b4   __imp_LCMapStringA
  824c    004224bc   __imp_GetLocaleInfoW
  8250    004224c0   __imp_GetLocaleInfoA
  8258    004224c8   __imp_GetStringTypeW
  825c    004224cc   __imp_GetStringTypeA
  8260    004224d0   __lconv
  8268    004224d8   _alternate_form
  826c    004224dc   __lc_time_curr
  8270    004224e0   _no_lead_zeros
  8274    004224e4   ??_C@_05BDJK@am?1pm?$AA@
  8278    004224e8   ??_C@_03MKGK@a?1p?$AA@
  827c    004224ec   _nhandle
  8280    004224f0   __pioinfo
  8284    004224f4   __imp_CloseHandle
  828c    004224fc   ??_C@_03EKFG@ACP?$AA@
  8290    00422500   ??_C@_03DGJE@OCP?$AA@
  8294    00422504   __imp_GetUserDefaultLCID
  8298    00422508   __imp_IsValidCodePage
  829c    0042250c   __imp_IsValidLocale
  82a0    00422510   __rg_lang_rec
  82a4    00422514   __rg_ctry_rec
  82a8    00422518   __rgrgwlang
  82ac    0042251c   __lc_id
  82b4    00422524   _ctype
  82bc    0042252c   __lconv_c
  82c0    00422530   __lconv_static_null
  82c8    00422538   __lconv_static_decimal
  82cc    0042253c   __decimal_point_length
  82d0    00422540   ??_C@_01PJCK@?4?$AA@
  82d4    00422544   __lc_time_intl
  82d8    00422548   __lc_time_c
  82dc    0042254c   __imp_FlushFileBuffers
  82e4    00422554   ??_C@_05OFLO@e?$CL000?$AA@
  82e8    00422558   __imp_Sleep
  82f0    00422560   ??_C@_02BGDO@?$DN?$DL?$AA@
  82f4    00422564   ??_C@_01FAJB@?$DL?$AA@
  82f8    00422568   ??_C@_01KPOD@?$DN?$AA@
  82fc    0042256c   ??_C@_03DBOJ@_?4?0?$AA@
  8300    00422570   ??_C@_01NON@_?$AA@
  8304    00422574   _nstream
  8308    00422578   __piob
  830c    0042257c   __imp_DeleteCriticalSection
  8310    00422580   __imp_InitializeCriticalSection
  8314    00422584   __imp_EnterCriticalSection
  8318    00422588   __imp_LeaveCriticalSection
  831c    0042258c   __app_type
  8320    00422590   __imp_SetStdHandle
  8324    00422594   __imp_GetFileType
  8330    004225a0   ??_C@_0L@HKL@user32?4dll?$AA@
  8334    004225a4   __imp_LoadLibraryA
  8338    004225a8   ??_C@_0M@PKCK@MessageBoxA?$AA@
  833c    004225ac   __imp_GetProcAddress
  8340    004225b0   ??_C@_0BA@GILI@GetActiveWindow?$AA@
  8344    004225b4   ??_C@_0BD@NJFP@GetLastActivePopup?$AA@
  8348    004225b8   __imp_HeapAlloc
  834c    004225bc   __NLG_Destination
  8350    004225c0   _locktable
  8354    004225c4   _iob
  8358    004225c8   __imp_FatalAppExitA
  835c    004225cc   __imp_ExitProcess
  8360    004225d0   _cfltcvt_tab
  8364    004225d4   _cfltcvt
  8368    004225d8   _cropzeros
  836c    004225dc   _fassign
  8370    004225e0   _forcdecpt
  8374    004225e4   _positive
  8378    004225e8   __fastflag
  837c    004225ec   _exitflag
  8380    004225f0   _cflush
  8384    004225f4   __imp_WriteFile
  8388    004225f8   __imp_SetFilePointer
  838c    004225fc   ?_pnhHeap@@3P6AHI@ZA
  8390    00422600   __error_mode
  8394    00422604   _adbgmsg
  839c    0042260c   __imp_GetModuleFileNameA
  83a0    00422610   ??_C@_0BH@NNCD@?$DMprogram?5name?5unknown?$DO?$AA@
  83a4    00422614   ??_C@_03NAME@?4?4?4?$AA@
  83a8    00422618   ??_C@_0BK@DEOK@Runtime?5Error?$CB?6?6Program?3?5?$AA@
  83ac    0042261c   ??_C@_02JJJH@?6?6?$AA@
  83b0    00422620   ??_C@_0CF@JPDF@Microsoft?5Visual?5C?$CL?$CL?5Runtime?5Lib@
  83b4    00422624   __imp_GetStdHandle
  83b8    00422628   __imp_HeapCreate
  83bc    0042262c   __imp_HeapDestroy
  83c0    00422630   __imp_TlsAlloc
  83c4    00422634   __tlsindex
  83c8    00422638   __imp_TlsSetValue
  83cc    0042263c   __imp_GetCurrentThreadId
  83d0    00422640   __imp_TlsFree
  83d4    00422644   _XcptActTab
  83d8    00422648   __imp_TlsGetValue
  83dc    0042264c   __imp_SetLastError
  83e0    00422650   __imp_GetCurrentThread
  83e4    00422654   __imp_GetStartupInfoA
  83e8    00422658   __imp_SetHandleCount
  83f0    00422660   __mbulinfo
  83f4    00422664   __imp_GetOEMCP
  83f8    00422668   __imp_GetACP
  8400    00422670   __imp_GetEnvironmentStringsW
  8404    00422674   __imp_GetEnvironmentStrings
  8408    00422678   __imp_FreeEnvironmentStringsW
  840c    0042267c   __imp_FreeEnvironmentStringsA
  8414    00422684   _acmdln
  8418    00422688   _pgmptr
  841c    0042268c   __argc
  8420    00422690   __argv
  8424    00422694   _aenvptr
  8428    00422698   _First_FPE_Indx
  842c    0042269c   _Num_FPE
  8430    004226a0   __imp_UnhandledExceptionFilter
  8434    004226a4   _XcptActTabCount
  8438    004226a8   __imp_RtlUnwind
  843c    004226ac   __xi_a
  8440    004226b0   __xi_z
  8444    004226b4   __xc_a
  8448    004226b8   __xc_z
  844c    004226bc   _C_Exit_Done
  8450    004226c0   __imp_TerminateProcess
  8454    004226c4   __imp_GetCurrentProcess
  8458    004226c8   _C_Termination_Done
  845c    004226cc   __onexitbegin
  8460    004226d0   __onexitend
  8464    004226d4   __xp_a
  8468    004226d8   __xp_z
  846c    004226dc   __xt_a
  8470    004226e0   __xt_z
  8474    004226e4   __lookuptable
  8478    004226e8   __nullstring
  847c    004226ec   __wnullstring
  8480    004226f0   __badioinfo
  8484    004226f4   __imp_HeapFree
  8488    004226f8   __imp_GetVersion
  848c    004226fc   _osver
  8490    00422700   _winminor
  8494    00422704   _winmajor
  8498    00422708   _winver
  849c    0042270c   __imp_GetCommandLineA
  84a0    00422710   __imp_GetModuleHandleA
  84a4    00422714   _aexit_rtn

