 client

 Timestamp is 64173b36 (Sun Mar 19 11:41:26 2023)

 Preferred load address is 00400000

 Start         Length     Name                   Class
 0001:00000000 00000ed4H .text                   CODE
 0002:00000000 00000218H .rdata                  DATA
 0002:00000218 00000050H .xdata                  DATA
 0002:00000268 00000000H .edata                  DATA
 0003:00000000 00000004H .CRT$XCA                DATA
 0003:00000008 00000004H .CRT$XCZ                DATA
 0003:00000010 00000004H .CRT$XIA                DATA
 0003:00000018 00000004H .CRT$XIZ                DATA
 0003:00000020 00000294H .data                   DATA
 0003:000002b4 0000000cH .bss                    DATA
 0004:00000000 00000320H .pdata                  DATA
 0005:00000000 00000028H .idata$2                DATA
 0005:00000028 00000014H .idata$3                DATA
 0005:0000003c 00000074H .idata$4                DATA
 0005:000000b0 00000070H .idata$4toc             DATA
 0005:00000120 00000074H .idata$5                DATA
 0005:00000194 000001dcH .idata$6                DATA

  Address         Publics by Value              Rva+Base   Lib:Object

 0001:00000000       ..Usage                    00401000 f client.obj
 0001:00000138       ..main                     00401138 f client.obj
 0001:00000650       ..ClientMessage            00401650 f msg_c.obj
 0001:0000078c       ..ShutdownServer           0040178c f msg_c.obj
 0001:00000880       ..MIDL_user_allocate       00401880 f midluser.obj
 0001:000008d0       ..MIDL_user_free           004018d0 f midluser.obj
 0001:0000091c       ..RpcBindingFree           0040191c f rpcrt4:RPCRT4.dll
 0001:00000934       ..RpcStringFreeA           00401934 f rpcrt4:RPCRT4.dll
 0001:0000094c       ..RpcBindingFromStringBindingA 0040194c f rpcrt4:RPCRT4.dll
 0001:00000964       ..RpcStringBindingComposeA 00401964 f rpcrt4:RPCRT4.dll
 0001:0000097c       ..NdrFreeBuffer            0040197c f rpcrt4:RPCRT4.dll
 0001:00000994       ..NdrSendReceive           00401994 f rpcrt4:RPCRT4.dll
 0001:000009ac       ..NdrConformantStringMarshall 004019ac f rpcrt4:RPCRT4.dll
 0001:000009c4       ..NdrGetBuffer             004019c4 f rpcrt4:RPCRT4.dll
 0001:000009dc       ..NdrConformantStringBufferSize 004019dc f rpcrt4:RPCRT4.dll
 0001:000009f4       ..NdrClientInitializeNew   004019f4 f rpcrt4:RPCRT4.dll
 0001:00000a0c       ..exit                     00401a0c f msvcrt:MSVCRT40.dll
 0001:00000a24       ..printf                   00401a24 f msvcrt:MSVCRT40.dll
 0001:00000a3c       ..__C_specific_handler     00401a3c f msvcrt:MSVCRT40.dll
 0001:00000a58       ..__restgpr_All            00401a58 f msvcrt:restgpr.obj
 0001:00000a8c       ..__restgpr_14             00401a8c   msvcrt:restgpr.obj
 0001:00000a90       ..__restgpr_15             00401a90   msvcrt:restgpr.obj
 0001:00000a94       ..__restgpr_16             00401a94   msvcrt:restgpr.obj
 0001:00000a98       ..__restgpr_17             00401a98   msvcrt:restgpr.obj
 0001:00000a9c       ..__restgpr_18             00401a9c   msvcrt:restgpr.obj
 0001:00000aa0       ..__restgpr_19             00401aa0   msvcrt:restgpr.obj
 0001:00000aa4       ..__restgpr_20             00401aa4   msvcrt:restgpr.obj
 0001:00000aa8       ..__restgpr_21             00401aa8   msvcrt:restgpr.obj
 0001:00000aac       ..__restgpr_22             00401aac   msvcrt:restgpr.obj
 0001:00000ab0       ..__restgpr_23             00401ab0   msvcrt:restgpr.obj
 0001:00000ab4       ..__restgpr_24             00401ab4   msvcrt:restgpr.obj
 0001:00000ab8       ..__restgpr_25             00401ab8   msvcrt:restgpr.obj
 0001:00000abc       ..__restgpr_26             00401abc   msvcrt:restgpr.obj
 0001:00000ac0       ..__restgpr_27             00401ac0   msvcrt:restgpr.obj
 0001:00000ac4       ..__restgpr_28             00401ac4   msvcrt:restgpr.obj
 0001:00000ac8       ..__restgpr_29             00401ac8   msvcrt:restgpr.obj
 0001:00000acc       ..__restgpr_30             00401acc   msvcrt:restgpr.obj
 0001:00000ad0       ..__restgpr_31             00401ad0   msvcrt:restgpr.obj
 0001:00000ad8       ..tolower                  00401ad8 f msvcrt:MSVCRT40.dll
 0001:00000af0       ..malloc                   00401af0 f msvcrt:MSVCRT40.dll
 0001:00000b08       ..free                     00401b08 f msvcrt:MSVCRT40.dll
 0001:00000b20       ..mainCRTStartup           00401b20 f msvcrt:crtexe.obj
 0001:00000d04       .._matherr                 00401d04 f msvcrt:merr.obj
 0001:00000d10       ..__savegpr_All            00401d10 f msvcrt:savegpr.obj
 0001:00000d44       ..__savegpr_14             00401d44   msvcrt:savegpr.obj
 0001:00000d48       ..__savegpr_15             00401d48   msvcrt:savegpr.obj
 0001:00000d4c       ..__savegpr_16             00401d4c   msvcrt:savegpr.obj
 0001:00000d50       ..__savegpr_17             00401d50   msvcrt:savegpr.obj
 0001:00000d54       ..__savegpr_18             00401d54   msvcrt:savegpr.obj
 0001:00000d58       ..__savegpr_19             00401d58   msvcrt:savegpr.obj
 0001:00000d5c       ..__savegpr_20             00401d5c   msvcrt:savegpr.obj
 0001:00000d60       ..__savegpr_21             00401d60   msvcrt:savegpr.obj
 0001:00000d64       ..__savegpr_22             00401d64   msvcrt:savegpr.obj
 0001:00000d68       ..__savegpr_23             00401d68   msvcrt:savegpr.obj
 0001:00000d6c       ..__savegpr_24             00401d6c   msvcrt:savegpr.obj
 0001:00000d70       ..__savegpr_25             00401d70   msvcrt:savegpr.obj
 0001:00000d74       ..__savegpr_26             00401d74   msvcrt:savegpr.obj
 0001:00000d78       ..__savegpr_27             00401d78   msvcrt:savegpr.obj
 0001:00000d7c       ..__savegpr_28             00401d7c   msvcrt:savegpr.obj
 0001:00000d80       ..__savegpr_29             00401d80   msvcrt:savegpr.obj
 0001:00000d84       ..__savegpr_30             00401d84   msvcrt:savegpr.obj
 0001:00000d88       ..__savegpr_31             00401d88   msvcrt:savegpr.obj
 0001:00000d90       .._exit                    00401d90 f msvcrt:MSVCRT40.dll
 0001:00000da8       .._XcptFilter              00401da8 f msvcrt:MSVCRT40.dll
 0001:00000dc0       ..__getmainargs            00401dc0 f msvcrt:MSVCRT40.dll
 0001:00000dd8       .._initterm                00401dd8 f msvcrt:MSVCRT40.dll
 0001:00000df0       ..__setusermatherr         00401df0 f msvcrt:MSVCRT40.dll
 0001:00000e08       .._setargv                 00401e08 f msvcrt:dllargv.obj
 0001:00000e0c       .._onexit                  00401e0c f msvcrt:atonexit.obj
 0001:00000e74       ..atexit                   00401e74 f msvcrt:atonexit.obj
 0001:00000ea4       ..__set_app_type           00401ea4 f msvcrt:MSVCRT40.dll
 0001:00000ebc       ..__dllonexit              00401ebc f msvcrt:MSVCRT40.dll
 0002:00000058       Usage                      00402058   client.obj
 0002:00000060       main                       00402060   client.obj
 0002:00000118       ClientMessage              00402118   msg_c.obj
 0002:00000120       ShutdownServer             00402120   msg_c.obj
 0002:00000128       MIDL_user_allocate         00402128   midluser.obj
 0002:00000130       MIDL_user_free             00402130   midluser.obj
 0002:00000138       RpcBindingFree             00402138   rpcrt4:RPCRT4.dll
 0002:00000140       RpcStringFreeA             00402140   rpcrt4:RPCRT4.dll
 0002:00000148       RpcBindingFromStringBindingA 00402148   rpcrt4:RPCRT4.dll
 0002:00000150       RpcStringBindingComposeA   00402150   rpcrt4:RPCRT4.dll
 0002:00000158       NdrFreeBuffer              00402158   rpcrt4:RPCRT4.dll
 0002:00000160       NdrSendReceive             00402160   rpcrt4:RPCRT4.dll
 0002:00000168       NdrConformantStringMarshall 00402168   rpcrt4:RPCRT4.dll
 0002:00000170       NdrGetBuffer               00402170   rpcrt4:RPCRT4.dll
 0002:00000178       NdrConformantStringBufferSize 00402178   rpcrt4:RPCRT4.dll
 0002:00000180       NdrClientInitializeNew     00402180   rpcrt4:RPCRT4.dll
 0002:00000188       exit                       00402188   msvcrt:MSVCRT40.dll
 0002:00000190       printf                     00402190   msvcrt:MSVCRT40.dll
 0002:00000198       __C_specific_handler       00402198   msvcrt:MSVCRT40.dll
 0002:000001a0       tolower                    004021a0   msvcrt:MSVCRT40.dll
 0002:000001a8       malloc                     004021a8   msvcrt:MSVCRT40.dll
 0002:000001b0       free                       004021b0   msvcrt:MSVCRT40.dll
 0002:000001b8       mainCRTStartup             004021b8   msvcrt:crtexe.obj
 0002:000001c0       _matherr                   004021c0   msvcrt:merr.obj
 0002:000001c8       _exit                      004021c8   msvcrt:MSVCRT40.dll
 0002:000001d0       _XcptFilter                004021d0   msvcrt:MSVCRT40.dll
 0002:000001d8       __getmainargs              004021d8   msvcrt:MSVCRT40.dll
 0002:000001e0       _initterm                  004021e0   msvcrt:MSVCRT40.dll
 0002:000001e8       __setusermatherr           004021e8   msvcrt:MSVCRT40.dll
 0002:000001f0       _setargv                   004021f0   msvcrt:dllargv.obj
 0002:000001f8       _onexit                    004021f8   msvcrt:atonexit.obj
 0002:00000200       atexit                     00402200   msvcrt:atonexit.obj
 0002:00000208       __set_app_type             00402208   msvcrt:MSVCRT40.dll
 0002:00000210       __dllonexit                00402210   msvcrt:MSVCRT40.dll
 0003:00000000       __xc_a                     00403000   msvcrt:cinitexe.obj
 0003:00000008       __xc_z                     00403008   msvcrt:cinitexe.obj
 0003:00000010       __xi_a                     00403010   msvcrt:cinitexe.obj
 0003:00000018       __xi_z                     00403018   msvcrt:cinitexe.obj
 0003:00000288       interop_v1_0_c_ifspec      00403288   msg_c.obj
 0003:00000290       __defaultmatherr           00403290   msvcrt:merr.obj
 0003:00000298       _dowildcard                00403298   msvcrt:wildcard.obj
 0003:000002a0       _newmode                   004032a0   msvcrt:_newmode.obj
 0003:000002a8       _commode                   004032a8   msvcrt:xncommod.obj
 0003:000002b0       _fmode                     004032b0   msvcrt:xtxtmode.obj
 0003:000002b4       interop_binding_handle     004032b4   <common>
 0003:000002b8       __onexitend                004032b8   <common>
 0003:000002bc       __onexitbegin              004032bc   <common>
 0005:00000000       __IMPORT_DESCRIPTOR_RPCRT4 00405000   rpcrt4:RPCRT4.dll
 0005:00000014       __IMPORT_DESCRIPTOR_MSVCRT40 00405014   msvcrt:MSVCRT40.dll
 0005:00000028       __NULL_IMPORT_DESCRIPTOR   00405028   rpcrt4:RPCRT4.dll
 0005:00000120       __imp_tolower              00405120   msvcrt:MSVCRT40.dll
 0005:00000124       __imp_malloc               00405124   msvcrt:MSVCRT40.dll
 0005:00000128       __imp___dllonexit          00405128   msvcrt:MSVCRT40.dll
 0005:0000012c       __imp__onexit              0040512c   msvcrt:MSVCRT40.dll
 0005:00000130       __imp__fmode               00405130   msvcrt:MSVCRT40.dll
 0005:00000134       __imp__commode             00405134   msvcrt:MSVCRT40.dll
 0005:00000138       __imp___set_app_type       00405138   msvcrt:MSVCRT40.dll
 0005:0000013c       __imp__initterm            0040513c   msvcrt:MSVCRT40.dll
 0005:00000140       __imp___getmainargs        00405140   msvcrt:MSVCRT40.dll
 0005:00000144       __imp___setusermatherr     00405144   msvcrt:MSVCRT40.dll
 0005:00000148       __imp_exit                 00405148   msvcrt:MSVCRT40.dll
 0005:0000014c       __imp_printf               0040514c   msvcrt:MSVCRT40.dll
 0005:00000150       __imp___C_specific_handler 00405150   msvcrt:MSVCRT40.dll
 0005:00000154       __imp__XcptFilter          00405154   msvcrt:MSVCRT40.dll
 0005:00000158       __imp_free                 00405158   msvcrt:MSVCRT40.dll
 0005:0000015c       __imp__exit                0040515c   msvcrt:MSVCRT40.dll
 0005:00000160       __imp___initenv            00405160   msvcrt:MSVCRT40.dll
 0005:00000164       \177MSVCRT40_NULL_THUNK_DATA 00405164   msvcrt:MSVCRT40.dll
 0005:00000168       __imp_NdrClientInitializeNew 00405168   rpcrt4:RPCRT4.dll
 0005:0000016c       __imp_NdrConformantStringMarshall 0040516c   rpcrt4:RPCRT4.dll
 0005:00000170       __imp_NdrConformantStringBufferSize 00405170   rpcrt4:RPCRT4.dll
 0005:00000174       __imp_NdrGetBuffer         00405174   rpcrt4:RPCRT4.dll
 0005:00000178       __imp_RpcStringBindingComposeA 00405178   rpcrt4:RPCRT4.dll
 0005:0000017c       __imp_NdrSendReceive       0040517c   rpcrt4:RPCRT4.dll
 0005:00000180       __imp_NdrFreeBuffer        00405180   rpcrt4:RPCRT4.dll
 0005:00000184       __imp_RpcBindingFree       00405184   rpcrt4:RPCRT4.dll
 0005:00000188       __imp_RpcBindingFromStringBindingA 00405188   rpcrt4:RPCRT4.dll
 0005:0000018c       __imp_RpcStringFreeA       0040518c   rpcrt4:RPCRT4.dll
 0005:00000190       \177RPCRT4_NULL_THUNK_DATA 00405190   rpcrt4:RPCRT4.dll
 0005:000080b0       .toc                       0040d0b0   <linker-defined>

 entry point at        0002:000001b8

 Static symbols

 0001:00000754       $L22847                    00401754 f msg_c.obj
 0001:00000844       $L22868                    00401844 f msg_c.obj
 0001:0000062c       $L23017                    0040162c f client.obj

 Offset   Rva+Base   Publics by TOC Offset

  8000    004050b0   __imp_malloc
  8004    004050b4   __imp_free
  800c    004050bc   interop_binding_handle
  8010    004050c0   __imp_printf
  8018    004050c8   __imp_exit
  801c    004050cc   __imp_tolower
  8020    004050d0   __onexitbegin
  8024    004050d4   __imp__onexit
  8028    004050d8   __onexitend
  802c    004050dc   __imp___set_app_type
  8030    004050e0   __imp__fmode
  8034    004050e4   _fmode
  8038    004050e8   __imp__commode
  803c    004050ec   _commode
  8040    004050f0   __defaultmatherr
  8044    004050f4   __imp___setusermatherr
  8048    004050f8   _matherr
  804c    004050fc   __xi_a
  8050    00405100   __xi_z
  8054    00405104   _newmode
  8058    00405108   _dowildcard
  805c    0040510c   __imp___getmainargs
  8060    00405110   __xc_a
  8064    00405114   __xc_z
  8068    00405118   __imp___initenv
  806c    0040511c   __imp__exit

