 comuser

 Timestamp is 64172a64 (Sun Mar 19 10:29:40 2023)

 Preferred load address is 00400000

 Start         Length     Name                   Class
 0001:00000000 00013c44H .text                   CODE
 0002:00000000 00000f00H .rdata                  DATA
 0002:00000f00 00000014H .xdata                  DATA
 0002:00000f14 00000000H .edata                  DATA
 0003:00000000 00000004H .CRT$XCA                DATA
 0003:00000008 00000004H .CRT$XCZ                DATA
 0003:00000010 00000004H .CRT$XIA                DATA
 0003:00000018 00000004H .CRT$XIZ                DATA
 0003:00000020 00000004H .CRT$XPA                DATA
 0003:00000028 00000004H .CRT$XPZ                DATA
 0003:00000030 00000004H .CRT$XTA                DATA
 0003:00000038 00000004H .CRT$XTZ                DATA
 0003:00000040 0000275cH .data                   DATA
 0003:000027a0 00000270H .bss                    DATA
 0004:00000000 000019a0H .pdata                  DATA
 0005:00000000 0000008cH .idata$2                DATA
 0005:0000008c 00000014H .idata$3                DATA
 0005:000000a0 000001f8H .idata$4                DATA
 0005:00000298 00000378H .idata$4toc             DATA
 0005:00000610 000001f8H .idata$5                DATA
 0005:00000808 00000804H .idata$6                DATA
 0006:00000000 00000020H .reldata                DATA
 0007:00000000 000002e8H .rsrc$01                DATA
 0007:000002f0 00000f7cH .rsrc$02                DATA

  Address         Publics by Value              Rva+Base   Lib:Object

 0001:00000000       ..??0CMainWindow@@QAA@XZ   00401000 f comuser.obj
 0001:000002fc       ..??1CMainWindow@@UAA@XZ   004012fc f comuser.obj
 0001:000004ec       ..?InitInstance@CMainWindow@@QAAHPAXH@Z 004014ec f comuser.obj
 0001:00000930       ..?GetInterface@CMainWindow@@QAAHPAUIUnknown@@ABU_GUID@@PAPAX@Z 00401930 f comuser.obj
 0001:00000cb4       ..?DoMenu@CMainWindow@@AAAJIJ@Z 00401cb4 f comuser.obj
 0001:00006138       ..?WindowProc@CMainWindow@@MAAJIIJ@Z 00407138 f comuser.obj
 0001:00006374       ..?UnicodeOk@@YAHXZ        00407374 f comuser.obj
 0001:00006430       ..?InitApplication@@YAHPAX@Z 00407430 f comuser.obj
 0001:00006600       ..WinMain                  00407600 f comuser.obj
 0001:00006aa0       ..??0CVirWindow@@QAA@XZ    00407aa0 f comuser.obj
 0001:00006af4       ..??_GCVirWindow@@UAAPAXI@Z 00407af4 f comuser.obj
 0001:00006b50       ..??1CVirWindow@@UAA@XZ    00407b50 f comuser.obj
 0001:00006b80       ..??_GCMainWindow@@UAAPAXI@Z 00407b80 f comuser.obj
 0001:00006bdc       ..??0CMsgBox@@QAA@XZ       00407bdc f comuser.obj
 0001:00006c28       ..??0CMsgLog@@QAA@XZ       00407c28 f comuser.obj
 0001:00006c98       ..??0CAboutBox@@QAA@XZ     00407c98 f comuser.obj
 0001:00006ce0       ..??1CAboutBox@@UAA@XZ     00407ce0 f comuser.obj
 0001:00006d10       ..??1CVirDialog@@UAA@XZ    00407d10 f comuser.obj
 0001:00006d40       ..??_GCVirDialog@@UAAPAXI@Z 00407d40 f comuser.obj
 0001:00006d9c       ..??_GCAboutBox@@UAAPAXI@Z 00407d9c f comuser.obj
 0001:00006df8       ..??0CVirDialog@@QAA@XZ    00407df8 f comuser.obj
 0001:00006e38       ..?GetHwnd@CVirWindow@@QAAPAXXZ 00407e38 f comuser.obj
 0001:00006e6c       ..??0COUtilityCruiseCar@@QAA@PAUIUnknown@@@Z 00407e6c f utcrucar.obj
 0001:00006fa4       ..??1COUtilityCruiseCar@@QAA@XZ 00407fa4 f utcrucar.obj
 0001:000070d0       ..?Init@COUtilityCruiseCar@@QAAJXZ 004080d0 f utcrucar.obj
 0001:00007218       ..?QueryInterface@COUtilityCruiseCar@@UAAJABU_GUID@@PAPAX@Z 00408218 f utcrucar.obj
 0001:0000766c       ..?AddRef@COUtilityCruiseCar@@UAAKXZ 0040866c f utcrucar.obj
 0001:0000775c       ..?Release@COUtilityCruiseCar@@UAAKXZ 0040875c f utcrucar.obj
 0001:0000789c       ..??0CImpIUtility@COUtilityCruiseCar@@QAA@PAV1@PAUIUnknown@@@Z 0040889c f utcrucar.obj
 0001:00007a6c       ..??1CImpIUtility@COUtilityCruiseCar@@QAA@XZ 00408a6c f utcrucar.obj
 0001:00007b3c       ..?QueryInterface@CImpIUtility@COUtilityCruiseCar@@UAAJABU_GUID@@PAPAX@Z 00408b3c f utcrucar.obj
 0001:00007c60       ..?AddRef@CImpIUtility@COUtilityCruiseCar@@UAAKXZ 00408c60 f utcrucar.obj
 0001:00007d7c       ..?Release@CImpIUtility@COUtilityCruiseCar@@UAAKXZ 00408d7c f utcrucar.obj
 0001:00007e98       ..?Offroad@CImpIUtility@COUtilityCruiseCar@@UAAJF@Z 00408e98 f utcrucar.obj
 0001:000080b4       ..?Winch@CImpIUtility@COUtilityCruiseCar@@UAAJF@Z 004090b4 f utcrucar.obj
 0001:00008194       ..?CreateUtilityCruiseCar@@YAJPAUIUnknown@@ABU_GUID@@PAPAX@Z 00409194 f utcrucar.obj
 0001:000083f8       ..??0IUnknown@@QAA@XZ      004093f8 f utcrucar.obj
 0001:00008438       ..??8@YAHABU_GUID@@0@Z     00409438 f utcrucar.obj
 0001:00008494       ..??_GCOUtilityCruiseCar@@QAAPAXI@Z 00409494 f utcrucar.obj
 0001:000084f0       ..??0IUtility@@QAA@XZ      004094f0 f utcrucar.obj
 0001:00008538       ..??9@YAHABU_GUID@@0@Z     00409538 f utcrucar.obj
 0001:0000858c       ..CoUninitialize           0040958c f ole32:ole32.dll
 0001:000085a4       ..CoInitialize             004095a4 f ole32:ole32.dll
 0001:000085bc       .._purecall                004095bc f libc:purevirt.obj
 0001:000085e4       ..??3@YAXPAX@Z             004095e4 f libc:delete.obj
 0001:00008608       ..??2@YAPAXI@Z             00409608 f libc:new.obj
 0001:00008630       ..memcmp                   00409630   libc:memcmpp.obj
 0001:00008668       ..WinMainCRTStartup        00409668 f libc:wincrt0.obj
 0001:00008914       .._amsg_exit               00409914 f libc:wincrt0.obj
 0001:0000897c       ..free                     0040997c f libc:free.obj
 0001:000089d0       ..malloc                   004099d0 f libc:malloc.obj
 0001:000089f8       .._nh_malloc               004099f8 f libc:malloc.obj
 0001:00008a80       .._heap_alloc              00409a80 f libc:malloc.obj
 0001:00008acc       .._cinit                   00409acc f libc:crt0dat.obj
 0001:00008b08       ..exit                     00409b08 f libc:crt0dat.obj
 0001:00008b30       .._exit                    00409b30 f libc:crt0dat.obj
 0001:00008b58       .._cexit                   00409b58 f libc:crt0dat.obj
 0001:00008b84       .._c_exit                  00409b84 f libc:crt0dat.obj
 0001:00008d44       ..__C_specific_handler     00409d44 f libc:chandler.obj
 0001:00008f00       ..__restgpr_All            00409f00 f libc:restgpr.obj
 0001:00008f34       ..__restgpr_14             00409f34   libc:restgpr.obj
 0001:00008f38       ..__restgpr_15             00409f38   libc:restgpr.obj
 0001:00008f3c       ..__restgpr_16             00409f3c   libc:restgpr.obj
 0001:00008f40       ..__restgpr_17             00409f40   libc:restgpr.obj
 0001:00008f44       ..__restgpr_18             00409f44   libc:restgpr.obj
 0001:00008f48       ..__restgpr_19             00409f48   libc:restgpr.obj
 0001:00008f4c       ..__restgpr_20             00409f4c   libc:restgpr.obj
 0001:00008f50       ..__restgpr_21             00409f50   libc:restgpr.obj
 0001:00008f54       ..__restgpr_22             00409f54   libc:restgpr.obj
 0001:00008f58       ..__restgpr_23             00409f58   libc:restgpr.obj
 0001:00008f5c       ..__restgpr_24             00409f5c   libc:restgpr.obj
 0001:00008f60       ..__restgpr_25             00409f60   libc:restgpr.obj
 0001:00008f64       ..__restgpr_26             00409f64   libc:restgpr.obj
 0001:00008f68       ..__restgpr_27             00409f68   libc:restgpr.obj
 0001:00008f6c       ..__restgpr_28             00409f6c   libc:restgpr.obj
 0001:00008f70       ..__restgpr_29             00409f70   libc:restgpr.obj
 0001:00008f74       ..__restgpr_30             00409f74   libc:restgpr.obj
 0001:00008f78       ..__restgpr_31             00409f78   libc:restgpr.obj
 0001:00008f80       ..__savegpr_All            00409f80 f libc:savegpr.obj
 0001:00008fb4       ..__savegpr_14             00409fb4   libc:savegpr.obj
 0001:00008fb8       ..__savegpr_15             00409fb8   libc:savegpr.obj
 0001:00008fbc       ..__savegpr_16             00409fbc   libc:savegpr.obj
 0001:00008fc0       ..__savegpr_17             00409fc0   libc:savegpr.obj
 0001:00008fc4       ..__savegpr_18             00409fc4   libc:savegpr.obj
 0001:00008fc8       ..__savegpr_19             00409fc8   libc:savegpr.obj
 0001:00008fcc       ..__savegpr_20             00409fcc   libc:savegpr.obj
 0001:00008fd0       ..__savegpr_21             00409fd0   libc:savegpr.obj
 0001:00008fd4       ..__savegpr_22             00409fd4   libc:savegpr.obj
 0001:00008fd8       ..__savegpr_23             00409fd8   libc:savegpr.obj
 0001:00008fdc       ..__savegpr_24             00409fdc   libc:savegpr.obj
 0001:00008fe0       ..__savegpr_25             00409fe0   libc:savegpr.obj
 0001:00008fe4       ..__savegpr_26             00409fe4   libc:savegpr.obj
 0001:00008fe8       ..__savegpr_27             00409fe8   libc:savegpr.obj
 0001:00008fec       ..__savegpr_28             00409fec   libc:savegpr.obj
 0001:00008ff0       ..__savegpr_29             00409ff0   libc:savegpr.obj
 0001:00008ff4       ..__savegpr_30             00409ff4   libc:savegpr.obj
 0001:00008ff8       ..__savegpr_31             00409ff8   libc:savegpr.obj
 0001:00009000       .._XcptFilter              0040a000 f libc:winxfltr.obj
 0001:00009284       .._ismbbkalnum             0040a284 f libc:ismbbyte.obj
 0001:000092ac       .._ismbbkprint             0040a2ac f libc:ismbbyte.obj
 0001:000092d4       .._ismbbkpunct             0040a2d4 f libc:ismbbyte.obj
 0001:000092fc       .._ismbbalnum              0040a2fc f libc:ismbbyte.obj
 0001:00009324       .._ismbbalpha              0040a324 f libc:ismbbyte.obj
 0001:0000934c       .._ismbbgraph              0040a34c f libc:ismbbyte.obj
 0001:00009374       .._ismbbprint              0040a374 f libc:ismbbyte.obj
 0001:0000939c       .._ismbbpunct              0040a39c f libc:ismbbyte.obj
 0001:000093c4       .._ismbblead               0040a3c4 f libc:ismbbyte.obj
 0001:000093ec       .._ismbbtrail              0040a3ec f libc:ismbbyte.obj
 0001:00009414       .._ismbbkana               0040a414 f libc:ismbbyte.obj
 0001:000094c4       .._setenvp                 0040a4c4 f libc:stdenvp.obj
 0001:0000961c       .._setargv                 0040a61c f libc:stdargv.obj
 0001:00009ac8       ..__crtGetEnvironmentStringsW 0040aac8 f libc:aw_env.obj
 0001:00009ed0       ..__crtGetEnvironmentStringsA 0040aed0 f libc:aw_env.obj
 0001:0000a210       .._setmbcp                 0040b210 f libc:mbctype.obj
 0001:0000a728       .._getmbcp                 0040b728 f libc:mbctype.obj
 0001:0000a734       ..__initmbctable           0040b734 f libc:mbctype.obj
 0001:0000a758       .._ioinit                  0040b758 f libc:ioinit.obj
 0001:0000aad8       .._ioterm                  0040bad8 f libc:ioinit.obj
 0001:0000ab20       .._heap_init               0040bb20 f libc:heapinit.obj
 0001:0000ab70       .._heap_term               0040bb70 f libc:heapinit.obj
 0001:0000abb4       .._FF_MSGBANNER            0040bbb4 f libc:crt0msg.obj
 0001:0000ac38       .._NMSG_WRITE              0040bc38 f libc:crt0msg.obj
 0001:0000af34       .._GET_RTERRMSG            0040bf34 f libc:crt0msg.obj
 0001:0000af88       ..?_set_new_handler@@YAP6AHI@ZP6AHI@Z@Z 0040bf88 f libc:handler.obj
 0001:0000af9c       ..?_query_new_handler@@YAP6AHI@ZXZ 0040bf9c f libc:handler.obj
 0001:0000afa8       .._callnewh                0040bfa8 f libc:handler.obj
 0001:0000b014       .._fpmath                  0040c014 f libc:fpinit.obj
 0001:0000b034       .._fpclear                 0040c034 f libc:fpinit.obj
 0001:0000b038       .._cfltcvt_init            0040c038 f libc:fpinit.obj
 0001:0000b06c       ..__setfflag               0040c06c f libc:fpinit.obj
 0001:0000b080       ..__C_ExecuteExceptionFilter 0040c080   libc:jmpuwind.obj
 0001:0000b0a8       ..__C_ExecuteTerminationHandler 0040c0a8   libc:jmpuwind.obj
 0001:0000b0c0       __NLG_Return2              0040c0c0   libc:jmpuwind.obj
 0001:0000b0d0       ..__jump_unwind            0040c0d0   libc:jmpuwind.obj
 0001:0000b100       .._NLG_Notify              0040c100 f libc:exsup.obj
 0001:0000b110       __NLG_Dispatch             0040c110   libc:exsup.obj
 0001:0000b114       ..wcslen                   0040c114 f libc:wcslen.obj
 0001:0000b13c       ..__crtMessageBoxA         0040c13c f libc:crtmbox.obj
 0001:0000b2d8       ..strncpy                  0040c2d8 f libc:strncpy.obj
 0001:0000b34c       .._forcdecpt               0040c34c f libc:cvt.obj
 0001:0000b420       .._cropzeros               0040c420 f libc:cvt.obj
 0001:0000b4e0       .._positive                0040c4e0 f libc:cvt.obj
 0001:0000b500       .._fassign                 0040c500 f libc:cvt.obj
 0001:0000b5b4       .._cftoe                   0040c5b4 f libc:cvt.obj
 0001:0000b804       .._cftof                   0040c804 f libc:cvt.obj
 0001:0000b994       .._cftog                   0040c994 f libc:cvt.obj
 0001:0000bb10       .._cfltcvt                 0040cb10 f libc:cvt.obj
 0001:0000bbcc       .._isctype                 0040cbcc f libc:isctype.obj
 0001:0000bc9c       .._tolower                 0040cc9c f libc:tolower.obj
 0001:0000bca4       ..tolower                  0040cca4 f libc:tolower.obj
 0001:0000be18       .._ZeroTail                0040ce18 f libc:intrncvt.obj
 0001:0000beb4       .._IncMan                  0040ceb4 f libc:intrncvt.obj
 0001:0000bf64       .._RoundMan                0040cf64 f libc:intrncvt.obj
 0001:0000c04c       .._CopyMan                 0040d04c f libc:intrncvt.obj
 0001:0000c068       .._FillZeroMan             0040d068 f libc:intrncvt.obj
 0001:0000c07c       .._IsZeroMan               0040d07c f libc:intrncvt.obj
 0001:0000c0b8       .._ShrMan                  0040d0b8 f libc:intrncvt.obj
 0001:0000c188       .._ld12cvt                 0040d188 f libc:intrncvt.obj
 0001:0000c3b0       .._ld12tod                 0040d3b0 f libc:intrncvt.obj
 0001:0000c3d8       .._ld12tof                 0040d3d8 f libc:intrncvt.obj
 0001:0000c400       .._ld12told                0040d400 f libc:intrncvt.obj
 0001:0000c4e4       .._atodbl                  0040d4e4 f libc:intrncvt.obj
 0001:0000c53c       .._atoldbl                 0040d53c f libc:intrncvt.obj
 0001:0000c594       .._atoflt                  0040d594 f libc:intrncvt.obj
 0001:0000c5ec       .._fptostr                 0040d5ec f libc:_fptostr.obj
 0001:0000c6c0       .._fltout                  0040d6c0 f libc:cfout.obj
 0001:0000c7b0       ..__dtold                  0040d7b0 f libc:cfout.obj
 0001:0000c890       ..memmove                  0040d890 f libc:memcpyp.obj
 0001:0000c948       ..memcpy                   0040d948 f libc:memcpyp.obj
 0001:0000c9f0       .._fptrap                  0040d9f0 f libc:crt0fp.obj
 0001:0000ca18       ..__crtGetStringTypeW      0040da18 f libc:aw_str.obj
 0001:0000ccf4       ..__crtGetStringTypeA      0040dcf4 f libc:aw_str.obj
 0001:0000cf2c       ..__crtLCMapStringW        0040df2c f libc:aw_map.obj
 0001:0000d348       ..__crtLCMapStringA        0040e348 f libc:aw_map.obj
 0001:0000d77c       ..__addl                   0040e77c f libc:mantold.obj
 0001:0000d7a0       ..__add_12                 0040e7a0 f libc:mantold.obj
 0001:0000d838       ..__shl_12                 0040e838 f libc:mantold.obj
 0001:0000d870       ..__shr_12                 0040e870 f libc:mantold.obj
 0001:0000d8a8       ..__mtold12                0040e8a8 f libc:mantold.obj
 0001:0000d9d8       ..__strgtold12             0040e9d8 f libc:strgtold.obj
 0001:0000e544       ..__STRINGTOLD             0040f544 f libc:strgtold.obj
 0001:0000e5a8       ..$I10_OUTPUT              0040f5a8 f libc:x10fout.obj
 0001:0000eb34       ..calloc                   0040fb34 f libc:calloc.obj
 0001:0000ebe8       ..__ld12mul                0040fbe8 f libc:tenpow.obj
 0001:0000f028       ..__multtenpow12           00410028 f libc:tenpow.obj
 0001:0000f128       ..OutputDebugStringA       00410128 f kernel32:KERNEL32.dll
 0001:0000f140       ..GetLastError             00410140 f kernel32:KERNEL32.dll
 0001:0000f158       ..GetModuleHandleA         00410158 f kernel32:KERNEL32.dll
 0001:0000f170       ..GetStartupInfoA          00410170 f kernel32:KERNEL32.dll
 0001:0000f188       ..GetCommandLineA          00410188 f kernel32:KERNEL32.dll
 0001:0000f1a0       ..GetVersion               004101a0 f kernel32:KERNEL32.dll
 0001:0000f1b8       ..HeapFree                 004101b8 f kernel32:KERNEL32.dll
 0001:0000f1d0       ..HeapAlloc                004101d0 f kernel32:KERNEL32.dll
 0001:0000f1e8       ..ExitProcess              004101e8 f kernel32:KERNEL32.dll
 0001:0000f200       ..GetCurrentProcess        00410200 f kernel32:KERNEL32.dll
 0001:0000f218       ..TerminateProcess         00410218 f kernel32:KERNEL32.dll
 0001:0000f230       ..RtlUnwind                00410230 f kernel32:KERNEL32.dll
 0001:0000f248       ..UnhandledExceptionFilter 00410248 f kernel32:KERNEL32.dll
 0001:0000f260       ..GetModuleFileNameA       00410260 f kernel32:KERNEL32.dll
 0001:0000f278       ..FreeEnvironmentStringsA  00410278 f kernel32:KERNEL32.dll
 0001:0000f290       ..MultiByteToWideChar      00410290 f kernel32:KERNEL32.dll
 0001:0000f2a8       ..FreeEnvironmentStringsW  004102a8 f kernel32:KERNEL32.dll
 0001:0000f2c0       ..GetEnvironmentStrings    004102c0 f kernel32:KERNEL32.dll
 0001:0000f2d8       ..GetEnvironmentStringsW   004102d8 f kernel32:KERNEL32.dll
 0001:0000f2f0       ..WideCharToMultiByte      004102f0 f kernel32:KERNEL32.dll
 0001:0000f308       ..GetCPInfo                00410308 f kernel32:KERNEL32.dll
 0001:0000f320       ..GetACP                   00410320 f kernel32:KERNEL32.dll
 0001:0000f338       ..GetOEMCP                 00410338 f kernel32:KERNEL32.dll
 0001:0000f350       ..SetHandleCount           00410350 f kernel32:KERNEL32.dll
 0001:0000f368       ..GetStdHandle             00410368 f kernel32:KERNEL32.dll
 0001:0000f380       ..GetFileType              00410380 f kernel32:KERNEL32.dll
 0001:0000f398       ..HeapCreate               00410398 f kernel32:KERNEL32.dll
 0001:0000f3b0       ..HeapDestroy              004103b0 f kernel32:KERNEL32.dll
 0001:0000f3c8       ..WriteFile                004103c8 f kernel32:KERNEL32.dll
 0001:0000f3e0       ..GetProcAddress           004103e0 f kernel32:KERNEL32.dll
 0001:0000f3f8       ..LoadLibraryA             004103f8 f kernel32:KERNEL32.dll
 0001:0000f410       ..GetStringTypeA           00410410 f kernel32:KERNEL32.dll
 0001:0000f428       ..GetStringTypeW           00410428 f kernel32:KERNEL32.dll
 0001:0000f440       ..LCMapStringA             00410440 f kernel32:KERNEL32.dll
 0001:0000f458       ..LCMapStringW             00410458 f kernel32:KERNEL32.dll
 0001:0000f470       ..GetUserNameA             00410470 f advapi32:ADVAPI32.dll
 0001:0000f488       ..PostQuitMessage          00410488 f user32:USER32.dll
 0001:0000f4a0       ..wsprintfA                004104a0 f user32:USER32.dll
 0001:0000f4b8       ..UpdateWindow             004104b8 f user32:USER32.dll
 0001:0000f4d0       ..ShowWindow               004104d0 f user32:USER32.dll
 0001:0000f4e8       ..GetSystemMetrics         004104e8 f user32:USER32.dll
 0001:0000f500       ..DefWindowProcA           00410500 f user32:USER32.dll
 0001:0000f518       ..WinHelpA                 00410518 f user32:USER32.dll
 0001:0000f530       ..GetMenuState             00410530 f user32:USER32.dll
 0001:0000f548       ..CheckMenuItem            00410548 f user32:USER32.dll
 0001:0000f560       ..PostMessageA             00410560 f user32:USER32.dll
 0001:0000f578       ..GetMenu                  00410578 f user32:USER32.dll
 0001:0000f590       ..ReleaseDC                00410590 f user32:USER32.dll
 0001:0000f5a8       ..GetDC                    004105a8 f user32:USER32.dll
 0001:0000f5c0       ..RegisterClassA           004105c0 f user32:USER32.dll
 0001:0000f5d8       ..RegisterClassExA         004105d8 f user32:USER32.dll
 0001:0000f5f0       ..LoadImageA               004105f0 f user32:USER32.dll
 0001:0000f608       ..LoadIconA                00410608 f user32:USER32.dll
 0001:0000f620       ..LoadCursorA              00410620 f user32:USER32.dll
 0001:0000f638       ..MessageBoxA              00410638 f user32:USER32.dll
 0001:0000f650       ..LoadStringA              00410650 f user32:USER32.dll
 0001:0000f668       ..DispatchMessageA         00410668 f user32:USER32.dll
 0001:0000f680       ..TranslateMessage         00410680 f user32:USER32.dll
 0001:0000f698       ..TranslateAcceleratorA    00410698 f user32:USER32.dll
 0001:0000f6b0       ..GetMessageA              004106b0 f user32:USER32.dll
 0001:0000f6c8       ..LoadAcceleratorsA        004106c8 f user32:USER32.dll
 0001:0000f6e0       ..GetTextMetricsA          004106e0 f gdi32:GDI32.dll
 0001:0000f6f8       ..?UcToAnsi@@YAJPAGPADH@Z  004106f8 f apputil:apputil.obj
 0001:0000f808       ..A_StringFromGUID2        00410808 f apputil:apputil.obj
 0001:0000f9bc       ..A_WriteFmtUserTypeStg    004109bc f apputil:apputil.obj
 0001:0000fa8c       ..A_StgIsStorageFile       00410a8c f apputil:apputil.obj
 0001:0000fb48       ..A_StgCreateDocfile       00410b48 f apputil:apputil.obj
 0001:0000fc38       ..A_StgOpenStorage         00410c38 f apputil:apputil.obj
 0001:0000fd38       ..?lRandom@@YAKXZ          00410d38 f apputil:apputil.obj
 0001:0000fd90       ..?CreateColorScalePalette@@YAPAXPAXH@Z 00410d90 f apputil:apputil.obj
 0001:000101e8       ..?PaintWindow@@YAXPAXH@Z  004111e8 f apputil:apputil.obj
 0001:0001080c       ..?FileExist@@YAHPAD@Z     0041180c f apputil:apputil.obj
 0001:000108cc       ..?MakeFamilyPath@@YAHPAXPAD1@Z 004118cc f apputil:apputil.obj
 0001:00010a4c       ..?CmdExec@@YAHPAD@Z       00411a4c f apputil:apputil.obj
 0001:00010b68       ..?ReadMe@@YAXPAX0@Z       00411b68 f apputil:apputil.obj
 0001:00010ccc       ..?ReadMeFile@@YAXPAXPAD@Z 00411ccc f apputil:apputil.obj
 0001:00010e0c       ..?ReadSource@@YAXPAXPAUtagOFNA@@@Z 00411e0c f apputil:apputil.obj
 0001:00010f94       ..?OutputDebugFmt@@YAXPADZZ 00411f94 f apputil:apputil.obj
 0001:00011044       ..?GetErrorMsg@@YAHJPADI@Z 00412044 f apputil:apputil.obj
 0001:00011168       ..WindowProc               00412168 f apputil:apputil.obj
 0001:00011368       ..?Create@CVirWindow@@QAAPAXPAD0KHHHHPAX11@Z 00412368 f apputil:apputil.obj
 0001:00011430       ..DialogProc               00412430 f apputil:apputil.obj
 0001:00011568       ..?ShowDialog@CVirDialog@@UAAHPAXPAD0@Z 00412568 f apputil:apputil.obj
 0001:000115fc       ..?DialogProc@CAboutBox@@UAAHPAXIIJ@Z 004125fc f apputil:apputil.obj
 0001:0001177c       ..?Init@CMsgBox@@QAAHPAX0@Z 0041277c f apputil:apputil.obj
 0001:000117cc       ..?Error@CMsgBox@@QAAHPAD@Z 004127cc f apputil:apputil.obj
 0001:00011850       ..?ErrorID@CMsgBox@@QAAHI@Z 00412850 f apputil:apputil.obj
 0001:00011924       ..?Note@CMsgBox@@QAAHPAD@Z 00412924 f apputil:apputil.obj
 0001:000119a8       ..?NoteID@CMsgBox@@QAAHI@Z 004129a8 f apputil:apputil.obj
 0001:00011a7c       ..?NoteFmt@CMsgBox@@QAAHPADZZ 00412a7c f apputil:apputil.obj
 0001:00011b64       ..?NoteFmtID@CMsgBox@@QAAHIZZ 00412b64 f apputil:apputil.obj
 0001:00011c90       ..?Create@CMsgLog@@QAAHPAX0H@Z 00412c90 f apputil:apputil.obj
 0001:00011e68       ..?Logging@CMsgLog@@QAAHH@Z 00412e68 f apputil:apputil.obj
 0001:00011eb4       ..?Msg@CMsgLog@@QAAHPAD@Z  00412eb4 f apputil:apputil.obj
 0001:00012018       ..?MsgFmt@CMsgLog@@QAAHPADZZ 00413018 f apputil:apputil.obj
 0001:000121d8       ..?MsgID@CMsgLog@@QAAHH@Z  004131d8 f apputil:apputil.obj
 0001:00012278       ..?MsgFmtID@CMsgLog@@QAAHHZZ 00413278 f apputil:apputil.obj
 0001:00012374       ..?Resize@CMsgLog@@QAAHHH@Z 00413374 f apputil:apputil.obj
 0001:00012410       ..?Clear@CMsgLog@@QAAHXZ   00413410 f apputil:apputil.obj
 0001:00012480       ..?Copy@CMsgLog@@QAAHXZ    00413480 f apputil:apputil.obj
 0001:000127f8       ..?CreateServerLog@CSendLog@@QAAHPAX0H@Z 004137f8 f apputil:apputil.obj
 0001:0001299c       ..?SetClient@CSendLog@@QAAHPAX00@Z 0041399c f apputil:apputil.obj
 0001:00012a28       ..?LogToServer@CSendLog@@QAAHH@Z 00413a28 f apputil:apputil.obj
 0001:00012a74       ..?Msg@CSendLog@@QAAHPAD@Z 00413a74 f apputil:apputil.obj
 0001:00012c94       ..?MsgFmt@CSendLog@@QAAHPADZZ 00413c94 f apputil:apputil.obj
 0001:00012d50       ..?MsgID@CSendLog@@QAAHH@Z 00413d50 f apputil:apputil.obj
 0001:00012df0       ..?MsgFmtID@CSendLog@@QAAHHZZ 00413df0 f apputil:apputil.obj
 0001:00012eec       ..?Resize@CSendLog@@QAAHHH@Z 00413eec f apputil:apputil.obj
 0001:00012f88       ..?Clear@CSendLog@@QAAHXZ  00413f88 f apputil:apputil.obj
 0001:00012ff8       ..?Copy@CSendLog@@QAAHXZ   00413ff8 f apputil:apputil.obj
 0001:00013370       ..ComObjInitMsgLog         00414370 f comobj:comobj.dll
 0001:00013388       ..ComObjAboutBox           00414388 f comobj:comobj.dll
 0001:000133a0       ..CreateCruiseCar          004143a0 f comobj:comobj.dll
 0001:000133b8       ..CreateUtilityCar         004143b8 f comobj:comobj.dll
 0001:000133d0       ..CreateCar                004143d0 f comobj:comobj.dll
 0001:000133e8       ..CoTaskMemFree            004143e8 f ole32:ole32.dll
 0001:00013400       ..StringFromGUID2          00414400 f ole32:ole32.dll
 0001:00013418       ..CoGetMalloc              00414418 f ole32:ole32.dll
 0001:00013430       ..WriteFmtUserTypeStg      00414430 f ole32:ole32.dll
 0001:00013448       ..StgIsStorageFile         00414448 f ole32:ole32.dll
 0001:00013460       ..StgCreateDocfile         00414460 f ole32:ole32.dll
 0001:00013478       ..StgOpenStorage           00414478 f ole32:ole32.dll
 0001:00013490       .._splitpath               00414490 f libc:splitpat.obj
 0001:00013698       ..memset                   00414698 f libc:memsetp.obj
 0001:00013738       .._mbsnbcpy                00414738 f libc:mbsnbcpy.obj
 0001:0001383c       ..GlobalFree               0041483c f kernel32:KERNEL32.dll
 0001:00013854       ..GlobalUnlock             00414854 f kernel32:KERNEL32.dll
 0001:0001386c       ..GlobalLock               0041486c f kernel32:KERNEL32.dll
 0001:00013884       ..GlobalAlloc              00414884 f kernel32:KERNEL32.dll
 0001:0001389c       ..CloseHandle              0041489c f kernel32:KERNEL32.dll
 0001:000138b4       ..CreateFileA              004148b4 f kernel32:KERNEL32.dll
 0001:000138cc       ..lstrcatA                 004148cc f kernel32:KERNEL32.dll
 0001:000138e4       ..lstrcpyA                 004148e4 f kernel32:KERNEL32.dll
 0001:000138fc       ..CreateProcessA           004148fc f kernel32:KERNEL32.dll
 0001:00013914       ..FormatMessageA           00414914 f kernel32:KERNEL32.dll
 0001:0001392c       ..lstrlenA                 0041492c f kernel32:KERNEL32.dll
 0001:00013944       ..EndPaint                 00414944 f user32:USER32.dll
 0001:0001395c       ..FillRect                 0041495c f user32:USER32.dll
 0001:00013974       ..SetRect                  00414974 f user32:USER32.dll
 0001:0001398c       ..GetClientRect            0041498c f user32:USER32.dll
 0001:000139a4       ..BeginPaint               004149a4 f user32:USER32.dll
 0001:000139bc       ..wvsprintfA               004149bc f user32:USER32.dll
 0001:000139d4       ..SetWindowLongA           004149d4 f user32:USER32.dll
 0001:000139ec       ..GetWindowLongA           004149ec f user32:USER32.dll
 0001:00013a04       ..CreateWindowExA          00414a04 f user32:USER32.dll
 0001:00013a1c       ..DialogBoxParamA          00414a1c f user32:USER32.dll
 0001:00013a34       ..InvalidateRect           00414a34 f user32:USER32.dll
 0001:00013a4c       ..EndDialog                00414a4c f user32:USER32.dll
 0001:00013a64       ..GetDlgItem               00414a64 f user32:USER32.dll
 0001:00013a7c       ..SetFocus                 00414a7c f user32:USER32.dll
 0001:00013a94       ..IsWindow                 00414a94 f user32:USER32.dll
 0001:00013aac       ..SendMessageA             00414aac f user32:USER32.dll
 0001:00013ac4       ..MoveWindow               00414ac4 f user32:USER32.dll
 0001:00013adc       ..CloseClipboard           00414adc f user32:USER32.dll
 0001:00013af4       ..SetClipboardData         00414af4 f user32:USER32.dll
 0001:00013b0c       ..EmptyClipboard           00414b0c f user32:USER32.dll
 0001:00013b24       ..OpenClipboard            00414b24 f user32:USER32.dll
 0001:00013b3c       ..CreatePalette            00414b3c f gdi32:GDI32.dll
 0001:00013b54       ..GetDeviceCaps            00414b54 f gdi32:GDI32.dll
 0001:00013b6c       ..DeleteObject             00414b6c f gdi32:GDI32.dll
 0001:00013b84       ..CreateSolidBrush         00414b84 f gdi32:GDI32.dll
 0001:00013b9c       ..SetViewportOrgEx         00414b9c f gdi32:GDI32.dll
 0001:00013bb4       ..SetViewportExtEx         00414bb4 f gdi32:GDI32.dll
 0001:00013bcc       ..SetWindowExtEx           00414bcc f gdi32:GDI32.dll
 0001:00013be4       ..RealizePalette           00414be4 f gdi32:GDI32.dll
 0001:00013bfc       ..SelectPalette            00414bfc f gdi32:GDI32.dll
 0001:00013c14       ..SetMapMode               00414c14 f gdi32:GDI32.dll
 0001:00013c2c       ..GetOpenFileNameA         00414c2c f comdlg32:comdlg32.dll
 0002:00000058       IID_ICar                   00415058   comuser.obj
 0002:00000068       IID_IUtility               00415068   comuser.obj
 0002:00000078       IID_ICruise                00415078   comuser.obj
 0002:00000088       IID_ISample                00415088   comuser.obj
 0002:00000098       CLSID_DllCar               00415098   comuser.obj
 0002:000000a8       CLSID_DllUtilityCar        004150a8   comuser.obj
 0002:000000b8       CLSID_DllCruiseCar         004150b8   comuser.obj
 0002:000000c8       CLSID_DllCarSample         004150c8   comuser.obj
 0002:000000d8       CLSID_LicCruiseCar         004150d8   comuser.obj
 0002:000000e8       CLSID_LicCarSample         004150e8   comuser.obj
 0002:000000f8       CLSID_LocCar               004150f8   comuser.obj
 0002:00000108       CLSID_LocUtilityCar        00415108   comuser.obj
 0002:00000118       CLSID_LocCruiseCar         00415118   comuser.obj
 0002:00000128       CLSID_AptCar               00415128   comuser.obj
 0002:00000138       CLSID_AptUtilityCar        00415138   comuser.obj
 0002:00000148       CLSID_AptCruiseCar         00415148   comuser.obj
 0002:00000158       ??0CMainWindow@@QAA@XZ     00415158   comuser.obj
 0002:00000160       ?WindowProc@CMainWindow@@MAAJIIJ@Z 00415160   comuser.obj
 0002:00000168       ??1CMainWindow@@UAA@XZ     00415168   comuser.obj
 0002:00000170       ?InitInstance@CMainWindow@@QAAHPAXH@Z 00415170   comuser.obj
 0002:00000178       ?GetInterface@CMainWindow@@QAAHPAUIUnknown@@ABU_GUID@@PAPAX@Z 00415178   comuser.obj
 0002:00000180       ?DoMenu@CMainWindow@@AAAJIJ@Z 00415180   comuser.obj
 0002:00000188       ?UnicodeOk@@YAHXZ          00415188   comuser.obj
 0002:00000190       ?InitApplication@@YAHPAX@Z 00415190   comuser.obj
 0002:00000198       WinMain                    00415198   comuser.obj
 0002:000001a0       ??_GCMainWindow@@UAAPAXI@Z 004151a0   comuser.obj
 0002:000001a0       ??_ECMainWindow@@UAAPAXI@Z 004151a0   comuser.obj
 0002:000001a8       ??_7CMainWindow@@6B@       004151a8   comuser.obj
 0002:000001b0       ??_ECVirWindow@@UAAPAXI@Z  004151b0   comuser.obj
 0002:000001b0       ??_GCVirWindow@@UAAPAXI@Z  004151b0   comuser.obj
 0002:000001b8       ??0CVirWindow@@QAA@XZ      004151b8   comuser.obj
 0002:000001c0       ??_7CVirWindow@@6B@        004151c0   comuser.obj
 0002:000001c8       ??1CVirWindow@@UAA@XZ      004151c8   comuser.obj
 0002:000001d0       ??0CMsgBox@@QAA@XZ         004151d0   comuser.obj
 0002:000001d8       ??0CMsgLog@@QAA@XZ         004151d8   comuser.obj
 0002:000001e0       ??_ECAboutBox@@UAAPAXI@Z   004151e0   comuser.obj
 0002:000001e0       ??_GCAboutBox@@UAAPAXI@Z   004151e0   comuser.obj
 0002:000001e8       ??0CAboutBox@@QAA@XZ       004151e8   comuser.obj
 0002:000001f0       ??_7CAboutBox@@6B@         004151f0   comuser.obj
 0002:000001fc       ??1CAboutBox@@UAA@XZ       004151fc   comuser.obj
 0002:00000204       ??_GCVirDialog@@UAAPAXI@Z  00415204   comuser.obj
 0002:00000204       ??_ECVirDialog@@UAAPAXI@Z  00415204   comuser.obj
 0002:0000020c       ??1CVirDialog@@UAA@XZ      0041520c   comuser.obj
 0002:00000218       ??_7CVirDialog@@6B@        00415218   comuser.obj
 0002:00000224       ??0CVirDialog@@QAA@XZ      00415224   comuser.obj
 0002:0000022c       ?GetHwnd@CVirWindow@@QAAPAXXZ 0041522c   comuser.obj
 0002:00000238       ??0COUtilityCruiseCar@@QAA@PAUIUnknown@@@Z 00415238   utcrucar.obj
 0002:00000240       ?QueryInterface@COUtilityCruiseCar@@UAAJABU_GUID@@PAPAX@Z 00415240   utcrucar.obj
 0002:00000248       ?AddRef@COUtilityCruiseCar@@UAAKXZ 00415248   utcrucar.obj
 0002:00000250       ?Release@COUtilityCruiseCar@@UAAKXZ 00415250   utcrucar.obj
 0002:00000258       ??1COUtilityCruiseCar@@QAA@XZ 00415258   utcrucar.obj
 0002:00000260       ?Init@COUtilityCruiseCar@@QAAJXZ 00415260   utcrucar.obj
 0002:00000268       ??0CImpIUtility@COUtilityCruiseCar@@QAA@PAV1@PAUIUnknown@@@Z 00415268   utcrucar.obj
 0002:00000270       ?QueryInterface@CImpIUtility@COUtilityCruiseCar@@UAAJABU_GUID@@PAPAX@Z 00415270   utcrucar.obj
 0002:00000278       ?AddRef@CImpIUtility@COUtilityCruiseCar@@UAAKXZ 00415278   utcrucar.obj
 0002:00000280       ?Release@CImpIUtility@COUtilityCruiseCar@@UAAKXZ 00415280   utcrucar.obj
 0002:00000288       ?Offroad@CImpIUtility@COUtilityCruiseCar@@UAAJF@Z 00415288   utcrucar.obj
 0002:00000290       ?Winch@CImpIUtility@COUtilityCruiseCar@@UAAJF@Z 00415290   utcrucar.obj
 0002:00000298       ??1CImpIUtility@COUtilityCruiseCar@@QAA@XZ 00415298   utcrucar.obj
 0002:000002a0       ?CreateUtilityCruiseCar@@YAJPAUIUnknown@@ABU_GUID@@PAPAX@Z 004152a0   utcrucar.obj
 0002:000002a8       ??_7COUtilityCruiseCar@@6B@ 004152a8   utcrucar.obj
 0002:000002b4       ??0IUnknown@@QAA@XZ        004152b4   utcrucar.obj
 0002:000002c0       ??_7IUnknown@@6B@          004152c0   utcrucar.obj
 0002:000002cc       ??8@YAHABU_GUID@@0@Z       004152cc   utcrucar.obj
 0002:000002d4       ??_GCOUtilityCruiseCar@@QAAPAXI@Z 004152d4   utcrucar.obj
 0002:000002e0       ??_7CImpIUtility@COUtilityCruiseCar@@6B@ 004152e0   utcrucar.obj
 0002:000002f4       ??0IUtility@@QAA@XZ        004152f4   utcrucar.obj
 0002:00000300       ??_7IUtility@@6B@          00415300   utcrucar.obj
 0002:00000314       ??9@YAHABU_GUID@@0@Z       00415314   utcrucar.obj
 0002:00000320       CoUninitialize             00415320   ole32:ole32.dll
 0002:00000328       CoInitialize               00415328   ole32:ole32.dll
 0002:00000330       IID_IUnknown               00415330   uuid:unknwn_i_guid0.obj
 0002:00000340       _purecall                  00415340   libc:purevirt.obj
 0002:00000348       ??3@YAXPAX@Z               00415348   libc:delete.obj
 0002:00000350       ??2@YAPAXI@Z               00415350   libc:new.obj
 0002:00000358       WinMainCRTStartup          00415358   libc:wincrt0.obj
 0002:00000360       _amsg_exit                 00415360   libc:wincrt0.obj
 0002:00000368       free                       00415368   libc:free.obj
 0002:00000370       malloc                     00415370   libc:malloc.obj
 0002:00000378       _nh_malloc                 00415378   libc:malloc.obj
 0002:00000380       _heap_alloc                00415380   libc:malloc.obj
 0002:00000388       _cinit                     00415388   libc:crt0dat.obj
 0002:00000390       exit                       00415390   libc:crt0dat.obj
 0002:00000398       _exit                      00415398   libc:crt0dat.obj
 0002:000003a0       _cexit                     004153a0   libc:crt0dat.obj
 0002:000003a8       _c_exit                    004153a8   libc:crt0dat.obj
 0002:000003b0       __C_specific_handler       004153b0   libc:chandler.obj
 0002:000003b8       _XcptFilter                004153b8   libc:winxfltr.obj
 0002:000003c0       _ismbbkalnum               004153c0   libc:ismbbyte.obj
 0002:000003c8       _ismbbkprint               004153c8   libc:ismbbyte.obj
 0002:000003d0       _ismbbkpunct               004153d0   libc:ismbbyte.obj
 0002:000003d8       _ismbbalnum                004153d8   libc:ismbbyte.obj
 0002:000003e0       _ismbbalpha                004153e0   libc:ismbbyte.obj
 0002:000003e8       _ismbbgraph                004153e8   libc:ismbbyte.obj
 0002:000003f0       _ismbbprint                004153f0   libc:ismbbyte.obj
 0002:000003f8       _ismbbpunct                004153f8   libc:ismbbyte.obj
 0002:00000400       _ismbblead                 00415400   libc:ismbbyte.obj
 0002:00000408       _ismbbtrail                00415408   libc:ismbbyte.obj
 0002:00000410       _ismbbkana                 00415410   libc:ismbbyte.obj
 0002:00000418       _setenvp                   00415418   libc:stdenvp.obj
 0002:00000420       _setargv                   00415420   libc:stdargv.obj
 0002:00000428       __crtGetEnvironmentStringsW 00415428   libc:aw_env.obj
 0002:00000430       __crtGetEnvironmentStringsA 00415430   libc:aw_env.obj
 0002:00000438       _setmbcp                   00415438   libc:mbctype.obj
 0002:00000440       _getmbcp                   00415440   libc:mbctype.obj
 0002:00000448       __initmbctable             00415448   libc:mbctype.obj
 0002:00000450       _ioinit                    00415450   libc:ioinit.obj
 0002:00000458       _ioterm                    00415458   libc:ioinit.obj
 0002:00000460       _heap_init                 00415460   libc:heapinit.obj
 0002:00000468       _heap_term                 00415468   libc:heapinit.obj
 0002:00000470       ??_C@_0P@GGKG@runtime?5error?5?$AA@ 00415470   libc:crt0msg.obj
 0002:00000480       ??_C@_02PIMC@?$AN?6?$AA@   00415480   libc:crt0msg.obj
 0002:00000488       ??_C@_0O@DELO@TLOSS?5error?$AN?6?$AA@ 00415488   libc:crt0msg.obj
 0002:00000498       ??_C@_0N@OMLL@SING?5error?$AN?6?$AA@ 00415498   libc:crt0msg.obj
 0002:000004a8       ??_C@_0P@OJAK@DOMAIN?5error?$AN?6?$AA@ 004154a8   libc:crt0msg.obj
 0002:000004b8       ??_C@_0DF@ECGN@R6027?$AN?6?9?5not?5enough?5space?5for?5lo@ 004154b8   libc:crt0msg.obj
 0002:000004f0       ??_C@_0DF@FKAC@R6026?$AN?6?9?5not?5enough?5space?5for?5st@ 004154f0   libc:crt0msg.obj
 0002:00000528       ??_C@_0CG@DPMN@R6025?$AN?6?9?5pure?5virtual?5function?5c@ 00415528   libc:crt0msg.obj
 0002:00000550       ??_C@_0DF@CKIP@R6024?$AN?6?9?5not?5enough?5space?5for?5_o@ 00415550   libc:crt0msg.obj
 0002:00000588       ??_C@_0CJ@GGOE@R6019?$AN?6?9?5unable?5to?5open?5console?5@ 00415588   libc:crt0msg.obj
 0002:000005b8       ??_C@_0CB@LBOB@R6018?$AN?6?9?5unexpected?5heap?5error?$AN?6@ 004155b8   libc:crt0msg.obj
 0002:000005e0       ??_C@_0CN@FPEG@R6017?$AN?6?9?5unexpected?5multithread?5@ 004155e0   libc:crt0msg.obj
 0002:00000610       ??_C@_0CM@OBIC@R6016?$AN?6?9?5not?5enough?5space?5for?5th@ 00415610   libc:crt0msg.obj
 0002:00000640       ??_C@_0CB@HPAL@?$AN?6abnormal?5program?5termination?$AN?6@ 00415640   libc:crt0msg.obj
 0002:00000668       ??_C@_0CM@JOOB@R6009?$AN?6?9?5not?5enough?5space?5for?5en@ 00415668   libc:crt0msg.obj
 0002:00000698       ??_C@_0CK@OIBL@R6008?$AN?6?9?5not?5enough?5space?5for?5ar@ 00415698   libc:crt0msg.obj
 0002:000006c8       ??_C@_0CF@LKPB@R6002?$AN?6?9?5floating?5point?5not?5load@ 004156c8   libc:crt0msg.obj
 0002:000006f0       _FF_MSGBANNER              004156f0   libc:crt0msg.obj
 0002:000006f8       _NMSG_WRITE                004156f8   libc:crt0msg.obj
 0002:00000700       ??_C@_0CF@JPDF@Microsoft?5Visual?5C?$CL?$CL?5Runtime?5Lib@ 00415700   libc:crt0msg.obj
 0002:00000728       ??_C@_02JJJH@?6?6?$AA@     00415728   libc:crt0msg.obj
 0002:00000730       ??_C@_0BK@DEOK@Runtime?5Error?$CB?6?6Program?3?5?$AA@ 00415730   libc:crt0msg.obj
 0002:00000750       ??_C@_03NAME@?4?4?4?$AA@   00415750   libc:crt0msg.obj
 0002:00000758       ??_C@_0BH@NNCD@?$DMprogram?5name?5unknown?$DO?$AA@ 00415758   libc:crt0msg.obj
 0002:00000770       _GET_RTERRMSG              00415770   libc:crt0msg.obj
 0002:00000778       ?_set_new_handler@@YAP6AHI@ZP6AHI@Z@Z 00415778   libc:handler.obj
 0002:00000780       ?_query_new_handler@@YAP6AHI@ZXZ 00415780   libc:handler.obj
 0002:00000788       _callnewh                  00415788   libc:handler.obj
 0002:00000790       _fpclear                   00415790   libc:fpinit.obj
 0002:00000798       _fpmath                    00415798   libc:fpinit.obj
 0002:000007a0       _cfltcvt_init              004157a0   libc:fpinit.obj
 0002:000007a8       __setfflag                 004157a8   libc:fpinit.obj
 0002:000007b0       wcslen                     004157b0   libc:wcslen.obj
 0002:000007b8       __crtMessageBoxA           004157b8   libc:crtmbox.obj
 0002:000007c0       ??_C@_0BD@NJFP@GetLastActivePopup?$AA@ 004157c0   libc:crtmbox.obj
 0002:000007d8       ??_C@_0BA@GILI@GetActiveWindow?$AA@ 004157d8   libc:crtmbox.obj
 0002:000007e8       ??_C@_0M@PKCK@MessageBoxA?$AA@ 004157e8   libc:crtmbox.obj
 0002:000007f8       ??_C@_0L@HKL@user32?4dll?$AA@ 004157f8   libc:crtmbox.obj
 0002:00000804       strncpy                    00415804   libc:strncpy.obj
 0002:0000080c       _forcdecpt                 0041580c   libc:cvt.obj
 0002:00000814       _cropzeros                 00415814   libc:cvt.obj
 0002:00000828       _positive                  00415828   libc:cvt.obj
 0002:00000830       _fassign                   00415830   libc:cvt.obj
 0002:00000838       _cftoe                     00415838   libc:cvt.obj
 0002:00000840       ??_C@_05OFLO@e?$CL000?$AA@ 00415840   libc:cvt.obj
 0002:00000848       _cftof                     00415848   libc:cvt.obj
 0002:00000850       _cftog                     00415850   libc:cvt.obj
 0002:00000858       _cfltcvt                   00415858   libc:cvt.obj
 0002:00000860       _isctype                   00415860   libc:isctype.obj
 0002:00000868       _tolower                   00415868   libc:tolower.obj
 0002:00000870       tolower                    00415870   libc:tolower.obj
 0002:00000878       _ZeroTail                  00415878   libc:intrncvt.obj
 0002:00000880       _IncMan                    00415880   libc:intrncvt.obj
 0002:00000888       _RoundMan                  00415888   libc:intrncvt.obj
 0002:00000890       _CopyMan                   00415890   libc:intrncvt.obj
 0002:00000898       _FillZeroMan               00415898   libc:intrncvt.obj
 0002:000008a0       _IsZeroMan                 004158a0   libc:intrncvt.obj
 0002:000008a8       _ShrMan                    004158a8   libc:intrncvt.obj
 0002:000008b0       _ld12cvt                   004158b0   libc:intrncvt.obj
 0002:000008b8       _ld12tod                   004158b8   libc:intrncvt.obj
 0002:000008c0       _ld12tof                   004158c0   libc:intrncvt.obj
 0002:000008c8       _ld12told                  004158c8   libc:intrncvt.obj
 0002:000008d0       _atodbl                    004158d0   libc:intrncvt.obj
 0002:000008d8       _atoldbl                   004158d8   libc:intrncvt.obj
 0002:000008e0       _atoflt                    004158e0   libc:intrncvt.obj
 0002:000008e8       _fptostr                   004158e8   libc:_fptostr.obj
 0002:000008f0       _fltout                    004158f0   libc:cfout.obj
 0002:000008f8       __dtold                    004158f8   libc:cfout.obj
 0002:00000900       memmove                    00415900   libc:memcpyp.obj
 0002:00000908       memcpy                     00415908   libc:memcpyp.obj
 0002:00000910       _fptrap                    00415910   libc:crt0fp.obj
 0002:00000918       __crtGetStringTypeW        00415918   libc:aw_str.obj
 0002:00000920       ??_C@_01A@?$AA?$AA@        00415920   libc:aw_str.obj
 0002:00000928       ??_C@_13A@?$AA?$AA?$AA?$AA?$AA?$AA?$AA?$AA@ 00415928   libc:aw_str.obj
 0002:0000092c       __crtGetStringTypeA        0041592c   libc:aw_str.obj
 0002:00000934       __crtLCMapStringW          00415934   libc:aw_map.obj
 0002:0000093c       __crtLCMapStringA          0041593c   libc:aw_map.obj
 0002:00000944       __addl                     00415944   libc:mantold.obj
 0002:0000094c       __add_12                   0041594c   libc:mantold.obj
 0002:00000954       __shl_12                   00415954   libc:mantold.obj
 0002:0000095c       __shr_12                   0041595c   libc:mantold.obj
 0002:00000964       __mtold12                  00415964   libc:mantold.obj
 0002:0000096c       __strgtold12               0041596c   libc:strgtold.obj
 0002:00000974       __STRINGTOLD               00415974   libc:strgtold.obj
 0002:0000097c       $I10_OUTPUT                0041597c   libc:x10fout.obj
 0002:00000988       ??_C@_06PAPI@1?$CDQNAN?$AA@ 00415988   libc:x10fout.obj
 0002:00000990       ??_C@_05BGNL@1?$CDINF?$AA@ 00415990   libc:x10fout.obj
 0002:00000998       ??_C@_05EDPF@1?$CDIND?$AA@ 00415998   libc:x10fout.obj
 0002:000009a0       ??_C@_06LKFM@1?$CDSNAN?$AA@ 004159a0   libc:x10fout.obj
 0002:000009a8       calloc                     004159a8   libc:calloc.obj
 0002:000009b0       __ld12mul                  004159b0   libc:tenpow.obj
 0002:000009b8       __multtenpow12             004159b8   libc:tenpow.obj
 0002:000009c0       OutputDebugStringA         004159c0   kernel32:KERNEL32.dll
 0002:000009c8       GetLastError               004159c8   kernel32:KERNEL32.dll
 0002:000009d0       GetModuleHandleA           004159d0   kernel32:KERNEL32.dll
 0002:000009d8       GetStartupInfoA            004159d8   kernel32:KERNEL32.dll
 0002:000009e0       GetCommandLineA            004159e0   kernel32:KERNEL32.dll
 0002:000009e8       GetVersion                 004159e8   kernel32:KERNEL32.dll
 0002:000009f0       HeapFree                   004159f0   kernel32:KERNEL32.dll
 0002:000009f8       HeapAlloc                  004159f8   kernel32:KERNEL32.dll
 0002:00000a00       ExitProcess                00415a00   kernel32:KERNEL32.dll
 0002:00000a08       GetCurrentProcess          00415a08   kernel32:KERNEL32.dll
 0002:00000a10       TerminateProcess           00415a10   kernel32:KERNEL32.dll
 0002:00000a18       RtlUnwind                  00415a18   kernel32:KERNEL32.dll
 0002:00000a20       UnhandledExceptionFilter   00415a20   kernel32:KERNEL32.dll
 0002:00000a28       GetModuleFileNameA         00415a28   kernel32:KERNEL32.dll
 0002:00000a30       FreeEnvironmentStringsA    00415a30   kernel32:KERNEL32.dll
 0002:00000a38       MultiByteToWideChar        00415a38   kernel32:KERNEL32.dll
 0002:00000a40       FreeEnvironmentStringsW    00415a40   kernel32:KERNEL32.dll
 0002:00000a48       GetEnvironmentStrings      00415a48   kernel32:KERNEL32.dll
 0002:00000a50       GetEnvironmentStringsW     00415a50   kernel32:KERNEL32.dll
 0002:00000a58       WideCharToMultiByte        00415a58   kernel32:KERNEL32.dll
 0002:00000a60       GetCPInfo                  00415a60   kernel32:KERNEL32.dll
 0002:00000a68       GetACP                     00415a68   kernel32:KERNEL32.dll
 0002:00000a70       GetOEMCP                   00415a70   kernel32:KERNEL32.dll
 0002:00000a78       SetHandleCount             00415a78   kernel32:KERNEL32.dll
 0002:00000a80       GetStdHandle               00415a80   kernel32:KERNEL32.dll
 0002:00000a88       GetFileType                00415a88   kernel32:KERNEL32.dll
 0002:00000a90       HeapCreate                 00415a90   kernel32:KERNEL32.dll
 0002:00000a98       HeapDestroy                00415a98   kernel32:KERNEL32.dll
 0002:00000aa0       WriteFile                  00415aa0   kernel32:KERNEL32.dll
 0002:00000aa8       GetProcAddress             00415aa8   kernel32:KERNEL32.dll
 0002:00000ab0       LoadLibraryA               00415ab0   kernel32:KERNEL32.dll
 0002:00000ab8       GetStringTypeA             00415ab8   kernel32:KERNEL32.dll
 0002:00000ac0       GetStringTypeW             00415ac0   kernel32:KERNEL32.dll
 0002:00000ac8       LCMapStringA               00415ac8   kernel32:KERNEL32.dll
 0002:00000ad0       LCMapStringW               00415ad0   kernel32:KERNEL32.dll
 0002:00000ad8       GetUserNameA               00415ad8   advapi32:ADVAPI32.dll
 0002:00000ae0       PostQuitMessage            00415ae0   user32:USER32.dll
 0002:00000ae8       wsprintfA                  00415ae8   user32:USER32.dll
 0002:00000af0       UpdateWindow               00415af0   user32:USER32.dll
 0002:00000af8       ShowWindow                 00415af8   user32:USER32.dll
 0002:00000b00       GetSystemMetrics           00415b00   user32:USER32.dll
 0002:00000b08       DefWindowProcA             00415b08   user32:USER32.dll
 0002:00000b10       WinHelpA                   00415b10   user32:USER32.dll
 0002:00000b18       GetMenuState               00415b18   user32:USER32.dll
 0002:00000b20       CheckMenuItem              00415b20   user32:USER32.dll
 0002:00000b28       PostMessageA               00415b28   user32:USER32.dll
 0002:00000b30       GetMenu                    00415b30   user32:USER32.dll
 0002:00000b38       ReleaseDC                  00415b38   user32:USER32.dll
 0002:00000b40       GetDC                      00415b40   user32:USER32.dll
 0002:00000b48       RegisterClassA             00415b48   user32:USER32.dll
 0002:00000b50       RegisterClassExA           00415b50   user32:USER32.dll
 0002:00000b58       LoadImageA                 00415b58   user32:USER32.dll
 0002:00000b60       LoadIconA                  00415b60   user32:USER32.dll
 0002:00000b68       LoadCursorA                00415b68   user32:USER32.dll
 0002:00000b70       MessageBoxA                00415b70   user32:USER32.dll
 0002:00000b78       LoadStringA                00415b78   user32:USER32.dll
 0002:00000b80       DispatchMessageA           00415b80   user32:USER32.dll
 0002:00000b88       TranslateMessage           00415b88   user32:USER32.dll
 0002:00000b90       TranslateAcceleratorA      00415b90   user32:USER32.dll
 0002:00000b98       GetMessageA                00415b98   user32:USER32.dll
 0002:00000ba0       LoadAcceleratorsA          00415ba0   user32:USER32.dll
 0002:00000ba8       GetTextMetricsA            00415ba8   gdi32:GDI32.dll
 0002:00000bb0       ?UcToAnsi@@YAJPAGPADH@Z    00415bb0   apputil:apputil.obj
 0002:00000bb8       A_StringFromGUID2          00415bb8   apputil:apputil.obj
 0002:00000bc0       A_WriteFmtUserTypeStg      00415bc0   apputil:apputil.obj
 0002:00000bc8       A_StgIsStorageFile         00415bc8   apputil:apputil.obj
 0002:00000bd0       A_StgCreateDocfile         00415bd0   apputil:apputil.obj
 0002:00000bd8       A_StgOpenStorage           00415bd8   apputil:apputil.obj
 0002:00000be0       ?lRandom@@YAKXZ            00415be0   apputil:apputil.obj
 0002:00000be8       ?CreateColorScalePalette@@YAPAXPAXH@Z 00415be8   apputil:apputil.obj
 0002:00000bf0       ?PaintWindow@@YAXPAXH@Z    00415bf0   apputil:apputil.obj
 0002:00000bf8       ?FileExist@@YAHPAD@Z       00415bf8   apputil:apputil.obj
 0002:00000c00       ?MakeFamilyPath@@YAHPAXPAD1@Z 00415c00   apputil:apputil.obj
 0002:00000c08       ?CmdExec@@YAHPAD@Z         00415c08   apputil:apputil.obj
 0002:00000c10       ?ReadMe@@YAXPAX0@Z         00415c10   apputil:apputil.obj
 0002:00000c18       ?ReadMeFile@@YAXPAXPAD@Z   00415c18   apputil:apputil.obj
 0002:00000c20       ?ReadSource@@YAXPAXPAUtagOFNA@@@Z 00415c20   apputil:apputil.obj
 0002:00000c28       ?OutputDebugFmt@@YAXPADZZ  00415c28   apputil:apputil.obj
 0002:00000c30       ?GetErrorMsg@@YAHJPADI@Z   00415c30   apputil:apputil.obj
 0002:00000c38       WindowProc                 00415c38   apputil:apputil.obj
 0002:00000c40       ?Create@CVirWindow@@QAAPAXPAD0KHHHHPAX11@Z 00415c40   apputil:apputil.obj
 0002:00000c48       DialogProc                 00415c48   apputil:apputil.obj
 0002:00000c50       ?ShowDialog@CVirDialog@@UAAHPAXPAD0@Z 00415c50   apputil:apputil.obj
 0002:00000c58       ?DialogProc@CAboutBox@@UAAHPAXIIJ@Z 00415c58   apputil:apputil.obj
 0002:00000c60       ?Init@CMsgBox@@QAAHPAX0@Z  00415c60   apputil:apputil.obj
 0002:00000c68       ?Error@CMsgBox@@QAAHPAD@Z  00415c68   apputil:apputil.obj
 0002:00000c70       ?ErrorID@CMsgBox@@QAAHI@Z  00415c70   apputil:apputil.obj
 0002:00000c78       ?Note@CMsgBox@@QAAHPAD@Z   00415c78   apputil:apputil.obj
 0002:00000c80       ?NoteID@CMsgBox@@QAAHI@Z   00415c80   apputil:apputil.obj
 0002:00000c88       ?NoteFmt@CMsgBox@@QAAHPADZZ 00415c88   apputil:apputil.obj
 0002:00000c90       ?NoteFmtID@CMsgBox@@QAAHIZZ 00415c90   apputil:apputil.obj
 0002:00000c98       ?Create@CMsgLog@@QAAHPAX0H@Z 00415c98   apputil:apputil.obj
 0002:00000ca0       ?Logging@CMsgLog@@QAAHH@Z  00415ca0   apputil:apputil.obj
 0002:00000ca8       ?Msg@CMsgLog@@QAAHPAD@Z    00415ca8   apputil:apputil.obj
 0002:00000cb0       ?MsgFmt@CMsgLog@@QAAHPADZZ 00415cb0   apputil:apputil.obj
 0002:00000cb8       ?MsgID@CMsgLog@@QAAHH@Z    00415cb8   apputil:apputil.obj
 0002:00000cc0       ?MsgFmtID@CMsgLog@@QAAHHZZ 00415cc0   apputil:apputil.obj
 0002:00000cc8       ?Resize@CMsgLog@@QAAHHH@Z  00415cc8   apputil:apputil.obj
 0002:00000cd0       ?Clear@CMsgLog@@QAAHXZ     00415cd0   apputil:apputil.obj
 0002:00000cd8       ?Copy@CMsgLog@@QAAHXZ      00415cd8   apputil:apputil.obj
 0002:00000ce0       ?CreateServerLog@CSendLog@@QAAHPAX0H@Z 00415ce0   apputil:apputil.obj
 0002:00000ce8       ?SetClient@CSendLog@@QAAHPAX00@Z 00415ce8   apputil:apputil.obj
 0002:00000cf0       ?LogToServer@CSendLog@@QAAHH@Z 00415cf0   apputil:apputil.obj
 0002:00000cf8       ?Msg@CSendLog@@QAAHPAD@Z   00415cf8   apputil:apputil.obj
 0002:00000d00       ?MsgFmt@CSendLog@@QAAHPADZZ 00415d00   apputil:apputil.obj
 0002:00000d08       ?MsgID@CSendLog@@QAAHH@Z   00415d08   apputil:apputil.obj
 0002:00000d10       ?MsgFmtID@CSendLog@@QAAHHZZ 00415d10   apputil:apputil.obj
 0002:00000d18       ?Resize@CSendLog@@QAAHHH@Z 00415d18   apputil:apputil.obj
 0002:00000d20       ?Clear@CSendLog@@QAAHXZ    00415d20   apputil:apputil.obj
 0002:00000d28       ?Copy@CSendLog@@QAAHXZ     00415d28   apputil:apputil.obj
 0002:00000d30       ComObjInitMsgLog           00415d30   comobj:comobj.dll
 0002:00000d38       ComObjAboutBox             00415d38   comobj:comobj.dll
 0002:00000d40       CreateCruiseCar            00415d40   comobj:comobj.dll
 0002:00000d48       CreateUtilityCar           00415d48   comobj:comobj.dll
 0002:00000d50       CreateCar                  00415d50   comobj:comobj.dll
 0002:00000d58       CoTaskMemFree              00415d58   ole32:ole32.dll
 0002:00000d60       StringFromGUID2            00415d60   ole32:ole32.dll
 0002:00000d68       CoGetMalloc                00415d68   ole32:ole32.dll
 0002:00000d70       WriteFmtUserTypeStg        00415d70   ole32:ole32.dll
 0002:00000d78       StgIsStorageFile           00415d78   ole32:ole32.dll
 0002:00000d80       StgCreateDocfile           00415d80   ole32:ole32.dll
 0002:00000d88       StgOpenStorage             00415d88   ole32:ole32.dll
 0002:00000d90       _splitpath                 00415d90   libc:splitpat.obj
 0002:00000d98       memset                     00415d98   libc:memsetp.obj
 0002:00000da0       _mbsnbcpy                  00415da0   libc:mbsnbcpy.obj
 0002:00000da8       GlobalFree                 00415da8   kernel32:KERNEL32.dll
 0002:00000db0       GlobalUnlock               00415db0   kernel32:KERNEL32.dll
 0002:00000db8       GlobalLock                 00415db8   kernel32:KERNEL32.dll
 0002:00000dc0       GlobalAlloc                00415dc0   kernel32:KERNEL32.dll
 0002:00000dc8       CloseHandle                00415dc8   kernel32:KERNEL32.dll
 0002:00000dd0       CreateFileA                00415dd0   kernel32:KERNEL32.dll
 0002:00000dd8       lstrcatA                   00415dd8   kernel32:KERNEL32.dll
 0002:00000de0       lstrcpyA                   00415de0   kernel32:KERNEL32.dll
 0002:00000de8       CreateProcessA             00415de8   kernel32:KERNEL32.dll
 0002:00000df0       FormatMessageA             00415df0   kernel32:KERNEL32.dll
 0002:00000df8       lstrlenA                   00415df8   kernel32:KERNEL32.dll
 0002:00000e00       EndPaint                   00415e00   user32:USER32.dll
 0002:00000e08       FillRect                   00415e08   user32:USER32.dll
 0002:00000e10       SetRect                    00415e10   user32:USER32.dll
 0002:00000e18       GetClientRect              00415e18   user32:USER32.dll
 0002:00000e20       BeginPaint                 00415e20   user32:USER32.dll
 0002:00000e28       wvsprintfA                 00415e28   user32:USER32.dll
 0002:00000e30       SetWindowLongA             00415e30   user32:USER32.dll
 0002:00000e38       GetWindowLongA             00415e38   user32:USER32.dll
 0002:00000e40       CreateWindowExA            00415e40   user32:USER32.dll
 0002:00000e48       DialogBoxParamA            00415e48   user32:USER32.dll
 0002:00000e50       InvalidateRect             00415e50   user32:USER32.dll
 0002:00000e58       EndDialog                  00415e58   user32:USER32.dll
 0002:00000e60       GetDlgItem                 00415e60   user32:USER32.dll
 0002:00000e68       SetFocus                   00415e68   user32:USER32.dll
 0002:00000e70       IsWindow                   00415e70   user32:USER32.dll
 0002:00000e78       SendMessageA               00415e78   user32:USER32.dll
 0002:00000e80       MoveWindow                 00415e80   user32:USER32.dll
 0002:00000e88       CloseClipboard             00415e88   user32:USER32.dll
 0002:00000e90       SetClipboardData           00415e90   user32:USER32.dll
 0002:00000e98       EmptyClipboard             00415e98   user32:USER32.dll
 0002:00000ea0       OpenClipboard              00415ea0   user32:USER32.dll
 0002:00000ea8       CreatePalette              00415ea8   gdi32:GDI32.dll
 0002:00000eb0       GetDeviceCaps              00415eb0   gdi32:GDI32.dll
 0002:00000eb8       DeleteObject               00415eb8   gdi32:GDI32.dll
 0002:00000ec0       CreateSolidBrush           00415ec0   gdi32:GDI32.dll
 0002:00000ec8       SetViewportOrgEx           00415ec8   gdi32:GDI32.dll
 0002:00000ed0       SetViewportExtEx           00415ed0   gdi32:GDI32.dll
 0002:00000ed8       SetWindowExtEx             00415ed8   gdi32:GDI32.dll
 0002:00000ee0       RealizePalette             00415ee0   gdi32:GDI32.dll
 0002:00000ee8       SelectPalette              00415ee8   gdi32:GDI32.dll
 0002:00000ef0       SetMapMode                 00415ef0   gdi32:GDI32.dll
 0002:00000ef8       GetOpenFileNameA           00415ef8   comdlg32:comdlg32.dll
 0003:00000000       __xc_a                     00416000   libc:crt0init.obj
 0003:00000008       __xc_z                     00416008   libc:crt0init.obj
 0003:00000010       __xi_a                     00416010   libc:crt0init.obj
 0003:00000018       __xi_z                     00416018   libc:crt0init.obj
 0003:00000020       __xp_a                     00416020   libc:crt0init.obj
 0003:00000028       __xp_z                     00416028   libc:crt0init.obj
 0003:00000030       __xt_a                     00416030   libc:crt0init.obj
 0003:00000038       __xt_z                     00416038   libc:crt0init.obj
 0003:00001ca0       _aenvptr                   00417ca0   libc:wincrt0.obj
 0003:00001ca4       _wenvptr                   00417ca4   libc:wincrt0.obj
 0003:00001ca8       _aexit_rtn                 00417ca8   libc:wincrt0.obj
 0003:00001cac       __error_mode               00417cac   libc:wincrt0.obj
 0003:00001cb0       __app_type                 00417cb0   libc:wincrt0.obj
 0003:00001cb8       errno                      00417cb8   libc:crt0dat.obj
 0003:00001cbc       _doserrno                  00417cbc   libc:crt0dat.obj
 0003:00001cc0       _umaskval                  00417cc0   libc:crt0dat.obj
 0003:00001cc4       _osver                     00417cc4   libc:crt0dat.obj
 0003:00001cc8       _winver                    00417cc8   libc:crt0dat.obj
 0003:00001ccc       _winmajor                  00417ccc   libc:crt0dat.obj
 0003:00001cd0       _winminor                  00417cd0   libc:crt0dat.obj
 0003:00001cd4       __argc                     00417cd4   libc:crt0dat.obj
 0003:00001cd8       __argv                     00417cd8   libc:crt0dat.obj
 0003:00001cdc       __wargv                    00417cdc   libc:crt0dat.obj
 0003:00001ce0       _environ                   00417ce0   libc:crt0dat.obj
 0003:00001ce4       __initenv                  00417ce4   libc:crt0dat.obj
 0003:00001ce8       _wenviron                  00417ce8   libc:crt0dat.obj
 0003:00001cec       __winitenv                 00417cec   libc:crt0dat.obj
 0003:00001cf0       _pgmptr                    00417cf0   libc:crt0dat.obj
 0003:00001cf4       _wpgmptr                   00417cf4   libc:crt0dat.obj
 0003:00001cf8       _exitflag                  00417cf8   libc:crt0dat.obj
 0003:00001cfc       _C_Termination_Done        00417cfc   libc:crt0dat.obj
 0003:00001d00       _C_Exit_Done               00417d00   libc:crt0dat.obj
 0003:00001d08       _XcptActTab                00417d08   libc:winxfltr.obj
 0003:00001d80       _First_FPE_Indx            00417d80   libc:winxfltr.obj
 0003:00001d84       _Num_FPE                   00417d84   libc:winxfltr.obj
 0003:00001d88       _XcptActTabCount           00417d88   libc:winxfltr.obj
 0003:00001d8c       _fpecode                   00417d8c   libc:winxfltr.obj
 0003:00001d90       _pxcptinfoptrs             00417d90   libc:winxfltr.obj
 0003:00001da0       _mbctype                   00417da0   libc:mbctype.obj
 0003:00001ea4       __mbcodepage               00417ea4   libc:mbctype.obj
 0003:00001ea8       __mblcid                   00417ea8   libc:mbctype.obj
 0003:00001eb0       __mbulinfo                 00417eb0   libc:mbctype.obj
 0003:00001fb8       __badioinfo                00417fb8   libc:ioinit.obj
 0003:00001fc0       _amblksiz                  00417fc0   libc:heapinit.obj
 0003:00002050       _adbgmsg                   00418050   libc:crt0msg.obj
 0003:00002058       _newmode                   00418058   libc:_newmode.obj
 0003:00002060       _fltused                   00418060   libc:fpinit.obj
 0003:00002064       _ldused                    00418064   libc:fpinit.obj
 0003:00002068       __fastflag                 00418068   libc:fpinit.obj
 0003:0000206c       _FPinit                    0041806c   libc:fpinit.obj
 0003:00002070       _FPmtinit                  00418070   libc:fpinit.obj
 0003:00002074       _FPmtterm                  00418074   libc:fpinit.obj
 0003:00002078       __NLG_Destination          00418078   libc:exsup.obj
 0003:00002088       _pctype                    00418088   libc:ctype.obj
 0003:0000208c       _pwctype                   0041808c   libc:ctype.obj
 0003:00002090       _ctype                     00418090   libc:ctype.obj
 0003:00002298       __lc_handle                00418298   libc:nlsdata2.obj
 0003:000022b0       __lc_codepage              004182b0   libc:nlsdata2.obj
 0003:000022d8       _cfltcvt_tab               004182d8   libc:cmiscdat.obj
 0003:000022f0       __mb_cur_max               004182f0   libc:nlsdata1.obj
 0003:000022f4       __decimal_point            004182f4   libc:nlsdata1.obj
 0003:000022f8       __decimal_point_length     004182f8   libc:nlsdata1.obj
 0003:00002340       _pow10pos                  00418340   libc:constpow.obj
 0003:000024a0       _pow10neg                  004184a0   libc:constpow.obj
 0003:000027a0       ?g_pMsgLog@@3PAVCMsgLog@@A 004187a0   comuser.obj
 0003:000028b0       ?_pnhHeap@@3P6AHI@ZA       004188b0   libc:handler.obj
 0003:000028f0       _crtheap                   004188f0   <common>
 0003:00002900       __pioinfo                  00418900   <common>
 0003:00002a00       _nhandle                   00418a00   <common>
 0003:00002a04       __onexitend                00418a04   <common>
 0003:00002a08       __onexitbegin              00418a08   <common>
 0003:00002a0c       _acmdln                    00418a0c   <common>
 0005:00000000       __IMPORT_DESCRIPTOR_ole32  0041b000   ole32:ole32.dll
 0005:00000014       __IMPORT_DESCRIPTOR_KERNEL32 0041b014   kernel32:KERNEL32.dll
 0005:00000028       __IMPORT_DESCRIPTOR_ADVAPI32 0041b028   advapi32:ADVAPI32.dll
 0005:0000003c       __IMPORT_DESCRIPTOR_USER32 0041b03c   user32:USER32.dll
 0005:00000050       __IMPORT_DESCRIPTOR_GDI32  0041b050   gdi32:GDI32.dll
 0005:00000064       __IMPORT_DESCRIPTOR_comobj 0041b064   comobj:comobj.dll
 0005:00000078       __IMPORT_DESCRIPTOR_comdlg32 0041b078   comdlg32:comdlg32.dll
 0005:0000008c       __NULL_IMPORT_DESCRIPTOR   0041b08c   ole32:ole32.dll
 0005:00000610       __imp_GetUserNameA         0041b610   advapi32:ADVAPI32.dll
 0005:00000614       \177ADVAPI32_NULL_THUNK_DATA 0041b614   advapi32:ADVAPI32.dll
 0005:00000618       __imp_SelectPalette        0041b618   gdi32:GDI32.dll
 0005:0000061c       __imp_SetMapMode           0041b61c   gdi32:GDI32.dll
 0005:00000620       __imp_GetTextMetricsA      0041b620   gdi32:GDI32.dll
 0005:00000624       __imp_RealizePalette       0041b624   gdi32:GDI32.dll
 0005:00000628       __imp_SetWindowExtEx       0041b628   gdi32:GDI32.dll
 0005:0000062c       __imp_SetViewportExtEx     0041b62c   gdi32:GDI32.dll
 0005:00000630       __imp_SetViewportOrgEx     0041b630   gdi32:GDI32.dll
 0005:00000634       __imp_CreateSolidBrush     0041b634   gdi32:GDI32.dll
 0005:00000638       __imp_DeleteObject         0041b638   gdi32:GDI32.dll
 0005:0000063c       __imp_GetDeviceCaps        0041b63c   gdi32:GDI32.dll
 0005:00000640       __imp_CreatePalette        0041b640   gdi32:GDI32.dll
 0005:00000644       \177GDI32_NULL_THUNK_DATA  0041b644   gdi32:GDI32.dll
 0005:00000648       __imp_UnhandledExceptionFilter 0041b648   kernel32:KERNEL32.dll
 0005:0000064c       __imp_GetModuleFileNameA   0041b64c   kernel32:KERNEL32.dll
 0005:00000650       __imp_FreeEnvironmentStringsA 0041b650   kernel32:KERNEL32.dll
 0005:00000654       __imp_MultiByteToWideChar  0041b654   kernel32:KERNEL32.dll
 0005:00000658       __imp_RtlUnwind            0041b658   kernel32:KERNEL32.dll
 0005:0000065c       __imp_FreeEnvironmentStringsW 0041b65c   kernel32:KERNEL32.dll
 0005:00000660       __imp_GetEnvironmentStrings 0041b660   kernel32:KERNEL32.dll
 0005:00000664       __imp_GetEnvironmentStringsW 0041b664   kernel32:KERNEL32.dll
 0005:00000668       __imp_WideCharToMultiByte  0041b668   kernel32:KERNEL32.dll
 0005:0000066c       __imp_GetCPInfo            0041b66c   kernel32:KERNEL32.dll
 0005:00000670       __imp_GetACP               0041b670   kernel32:KERNEL32.dll
 0005:00000674       __imp_ExitProcess          0041b674   kernel32:KERNEL32.dll
 0005:00000678       __imp_GetCurrentProcess    0041b678   kernel32:KERNEL32.dll
 0005:0000067c       __imp_TerminateProcess     0041b67c   kernel32:KERNEL32.dll
 0005:00000680       __imp_GetFileType          0041b680   kernel32:KERNEL32.dll
 0005:00000684       __imp_HeapCreate           0041b684   kernel32:KERNEL32.dll
 0005:00000688       __imp_HeapDestroy          0041b688   kernel32:KERNEL32.dll
 0005:0000068c       __imp_WriteFile            0041b68c   kernel32:KERNEL32.dll
 0005:00000690       __imp_GetProcAddress       0041b690   kernel32:KERNEL32.dll
 0005:00000694       __imp_LoadLibraryA         0041b694   kernel32:KERNEL32.dll
 0005:00000698       __imp_GetStringTypeA       0041b698   kernel32:KERNEL32.dll
 0005:0000069c       __imp_GetStringTypeW       0041b69c   kernel32:KERNEL32.dll
 0005:000006a0       __imp_LCMapStringA         0041b6a0   kernel32:KERNEL32.dll
 0005:000006a4       __imp_LCMapStringW         0041b6a4   kernel32:KERNEL32.dll
 0005:000006a8       __imp_GetLastError         0041b6a8   kernel32:KERNEL32.dll
 0005:000006ac       __imp_OutputDebugStringA   0041b6ac   kernel32:KERNEL32.dll
 0005:000006b0       __imp_HeapAlloc            0041b6b0   kernel32:KERNEL32.dll
 0005:000006b4       __imp_GlobalLock           0041b6b4   kernel32:KERNEL32.dll
 0005:000006b8       __imp_CloseHandle          0041b6b8   kernel32:KERNEL32.dll
 0005:000006bc       __imp_HeapFree             0041b6bc   kernel32:KERNEL32.dll
 0005:000006c0       __imp_GetVersion           0041b6c0   kernel32:KERNEL32.dll
 0005:000006c4       __imp_GetCommandLineA      0041b6c4   kernel32:KERNEL32.dll
 0005:000006c8       __imp_GetStartupInfoA      0041b6c8   kernel32:KERNEL32.dll
 0005:000006cc       __imp_GetModuleHandleA     0041b6cc   kernel32:KERNEL32.dll
 0005:000006d0       __imp_GetStdHandle         0041b6d0   kernel32:KERNEL32.dll
 0005:000006d4       __imp_GetOEMCP             0041b6d4   kernel32:KERNEL32.dll
 0005:000006d8       __imp_SetHandleCount       0041b6d8   kernel32:KERNEL32.dll
 0005:000006dc       __imp_GlobalAlloc          0041b6dc   kernel32:KERNEL32.dll
 0005:000006e0       __imp_GlobalFree           0041b6e0   kernel32:KERNEL32.dll
 0005:000006e4       __imp_CreateFileA          0041b6e4   kernel32:KERNEL32.dll
 0005:000006e8       __imp_GlobalUnlock         0041b6e8   kernel32:KERNEL32.dll
 0005:000006ec       __imp_lstrcpyA             0041b6ec   kernel32:KERNEL32.dll
 0005:000006f0       __imp_CreateProcessA       0041b6f0   kernel32:KERNEL32.dll
 0005:000006f4       __imp_lstrcatA             0041b6f4   kernel32:KERNEL32.dll
 0005:000006f8       __imp_FormatMessageA       0041b6f8   kernel32:KERNEL32.dll
 0005:000006fc       __imp_lstrlenA             0041b6fc   kernel32:KERNEL32.dll
 0005:00000700       \177KERNEL32_NULL_THUNK_DATA 0041b700   kernel32:KERNEL32.dll
 0005:00000704       __imp_TranslateMessage     0041b704   user32:USER32.dll
 0005:00000708       __imp_DispatchMessageA     0041b708   user32:USER32.dll
 0005:0000070c       __imp_GetMessageA          0041b70c   user32:USER32.dll
 0005:00000710       __imp_LoadAcceleratorsA    0041b710   user32:USER32.dll
 0005:00000714       __imp_LoadStringA          0041b714   user32:USER32.dll
 0005:00000718       __imp_ReleaseDC            0041b718   user32:USER32.dll
 0005:0000071c       __imp_LoadIconA            0041b71c   user32:USER32.dll
 0005:00000720       __imp_CheckMenuItem        0041b720   user32:USER32.dll
 0005:00000724       __imp_GetMenuState         0041b724   user32:USER32.dll
 0005:00000728       __imp_WinHelpA             0041b728   user32:USER32.dll
 0005:0000072c       __imp_DefWindowProcA       0041b72c   user32:USER32.dll
 0005:00000730       __imp_GetSystemMetrics     0041b730   user32:USER32.dll
 0005:00000734       __imp_ShowWindow           0041b734   user32:USER32.dll
 0005:00000738       __imp_PostQuitMessage      0041b738   user32:USER32.dll
 0005:0000073c       __imp_MessageBoxA          0041b73c   user32:USER32.dll
 0005:00000740       __imp_LoadCursorA          0041b740   user32:USER32.dll
 0005:00000744       __imp_RegisterClassA       0041b744   user32:USER32.dll
 0005:00000748       __imp_LoadImageA           0041b748   user32:USER32.dll
 0005:0000074c       __imp_RegisterClassExA     0041b74c   user32:USER32.dll
 0005:00000750       __imp_GetMenu              0041b750   user32:USER32.dll
 0005:00000754       __imp_GetDC                0041b754   user32:USER32.dll
 0005:00000758       __imp_PostMessageA         0041b758   user32:USER32.dll
 0005:0000075c       __imp_wsprintfA            0041b75c   user32:USER32.dll
 0005:00000760       __imp_UpdateWindow         0041b760   user32:USER32.dll
 0005:00000764       __imp_TranslateAcceleratorA 0041b764   user32:USER32.dll
 0005:00000768       __imp_SetFocus             0041b768   user32:USER32.dll
 0005:0000076c       __imp_IsWindow             0041b76c   user32:USER32.dll
 0005:00000770       __imp_EndDialog            0041b770   user32:USER32.dll
 0005:00000774       __imp_GetDlgItem           0041b774   user32:USER32.dll
 0005:00000778       __imp_CreateWindowExA      0041b778   user32:USER32.dll
 0005:0000077c       __imp_OpenClipboard        0041b77c   user32:USER32.dll
 0005:00000780       __imp_EndPaint             0041b780   user32:USER32.dll
 0005:00000784       __imp_FillRect             0041b784   user32:USER32.dll
 0005:00000788       __imp_SetRect              0041b788   user32:USER32.dll
 0005:0000078c       __imp_GetClientRect        0041b78c   user32:USER32.dll
 0005:00000790       __imp_BeginPaint           0041b790   user32:USER32.dll
 0005:00000794       __imp_wvsprintfA           0041b794   user32:USER32.dll
 0005:00000798       __imp_SetWindowLongA       0041b798   user32:USER32.dll
 0005:0000079c       __imp_GetWindowLongA       0041b79c   user32:USER32.dll
 0005:000007a0       __imp_EmptyClipboard       0041b7a0   user32:USER32.dll
 0005:000007a4       __imp_DialogBoxParamA      0041b7a4   user32:USER32.dll
 0005:000007a8       __imp_InvalidateRect       0041b7a8   user32:USER32.dll
 0005:000007ac       __imp_CloseClipboard       0041b7ac   user32:USER32.dll
 0005:000007b0       __imp_MoveWindow           0041b7b0   user32:USER32.dll
 0005:000007b4       __imp_SendMessageA         0041b7b4   user32:USER32.dll
 0005:000007b8       __imp_SetClipboardData     0041b7b8   user32:USER32.dll
 0005:000007bc       \177USER32_NULL_THUNK_DATA 0041b7bc   user32:USER32.dll
 0005:000007c0       __imp_GetOpenFileNameA     0041b7c0   comdlg32:comdlg32.dll
 0005:000007c4       \177comdlg32_NULL_THUNK_DATA 0041b7c4   comdlg32:comdlg32.dll
 0005:000007c8       __imp_ComObjAboutBox       0041b7c8   comobj:comobj.dll
 0005:000007cc       __imp_CreateCruiseCar      0041b7cc   comobj:comobj.dll
 0005:000007d0       __imp_ComObjInitMsgLog     0041b7d0   comobj:comobj.dll
 0005:000007d4       __imp_CreateCar            0041b7d4   comobj:comobj.dll
 0005:000007d8       __imp_CreateUtilityCar     0041b7d8   comobj:comobj.dll
 0005:000007dc       \177comobj_NULL_THUNK_DATA 0041b7dc   comobj:comobj.dll
 0005:000007e0       __imp_CoTaskMemFree        0041b7e0   ole32:ole32.dll
 0005:000007e4       __imp_StringFromGUID2      0041b7e4   ole32:ole32.dll
 0005:000007e8       __imp_CoGetMalloc          0041b7e8   ole32:ole32.dll
 0005:000007ec       __imp_WriteFmtUserTypeStg  0041b7ec   ole32:ole32.dll
 0005:000007f0       __imp_StgOpenStorage       0041b7f0   ole32:ole32.dll
 0005:000007f4       __imp_CoUninitialize       0041b7f4   ole32:ole32.dll
 0005:000007f8       __imp_CoInitialize         0041b7f8   ole32:ole32.dll
 0005:000007fc       __imp_StgIsStorageFile     0041b7fc   ole32:ole32.dll
 0005:00000800       __imp_StgCreateDocfile     0041b800   ole32:ole32.dll
 0005:00000804       \177ole32_NULL_THUNK_DATA  0041b804   ole32:ole32.dll
 0006:00000000       memcmp                     0041d000   libc:memcmpp.obj
 0006:00000008       __C_ExecuteExceptionFilter 0041d008   libc:jmpuwind.obj
 0006:00000010       __C_ExecuteTerminationHandler 0041d010   libc:jmpuwind.obj
 0006:00000018       __jump_unwind              0041d018   libc:jmpuwind.obj
 0005:00008298       .toc                       00423298   <linker-defined>

 entry point at        0002:00000358

 Static symbols

 0001:0000d2f8       ..wcsncnt                  0040e2f8 f libc:aw_map.obj
 0001:0000d730       ..strncnt                  0040e730 f libc:aw_map.obj
 0001:0000baa8       .._cftoe_g                 0040caa8 f libc:cvt.obj
 0001:0000badc       .._cftof_g                 0040cadc f libc:cvt.obj
 0001:0000bb6c       .._shift                   0040cb6c f libc:cvt.obj
 0001:0000a540       ..getSystemCP              0040b540 f libc:mbctype.obj
 0001:0000a604       ..CPtoLCID                 0040b604 f libc:mbctype.obj
 0001:0000a6cc       ..setSBCS                  0040b6cc f libc:mbctype.obj
 0001:00009718       ..parse_cmdline            0040a718 f libc:stdargv.obj
 0001:0000946c       ..x_ismbbtype              0040a46c f libc:ismbbyte.obj
 0001:00009238       ..xcptlookup               0040a238 f libc:winxfltr.obj
 0001:00008bb0       ..doexit                   00409bb0 f libc:crt0dat.obj
 0001:00008ce0       .._initterm                00409ce0 f libc:crt0dat.obj

 Offset   Rva+Base   Publics by TOC Offset

  8000    0041b298   ??_7COUtilityCruiseCar@@6B@
  8004    0041b29c   ?g_pMsgLog@@3PAVCMsgLog@@A
  800c    0041b2a4   __imp_wsprintfA
  8010    0041b2a8   __imp_OutputDebugStringA
  8014    0041b2ac   __imp_CreateCruiseCar
  8018    0041b2b0   IID_IUnknown
  801c    0041b2b4   IID_IUtility
  8020    0041b2b8   IID_ICar
  8024    0041b2bc   IID_ICruise
  8028    0041b2c0   ??_7CImpIUtility@COUtilityCruiseCar@@6B@
  802c    0041b2c4   ??_7IUnknown@@6B@
  8030    0041b2c8   ??_7IUtility@@6B@
  8034    0041b2cc   ??_7CMainWindow@@6B@
  803c    0041b2d4   __imp_PostQuitMessage
  8040    0041b2d8   __imp_GetSystemMetrics
  8044    0041b2dc   __imp_ShowWindow
  8048    0041b2e0   __imp_UpdateWindow
  804c    0041b2e4   __imp_ComObjInitMsgLog
  8050    0041b2e8   __imp_GetMenu
  8054    0041b2ec   __imp_PostMessageA
  8058    0041b2f0   __imp_CreateCar
  805c    0041b2f4   __imp_CheckMenuItem
  8060    0041b2f8   __imp_CreateUtilityCar
  8064    0041b2fc   __imp_GetMenuState
  8068    0041b300   __imp_WinHelpA
  806c    0041b304   __imp_ComObjAboutBox
  8070    0041b308   __imp_DefWindowProcA
  8074    0041b30c   __imp_GetDC
  8078    0041b310   __imp_GetTextMetricsA
  807c    0041b314   __imp_ReleaseDC
  8080    0041b318   __imp_GetUserNameA
  8084    0041b31c   __imp_GetLastError
  8088    0041b320   WindowProc
  808c    0041b324   __imp_LoadCursorA
  8090    0041b328   __imp_LoadIconA
  8094    0041b32c   __imp_LoadImageA
  8098    0041b330   __imp_RegisterClassExA
  809c    0041b334   __imp_RegisterClassA
  80a0    0041b338   __imp_CoInitialize
  80a4    0041b33c   __imp_LoadAcceleratorsA
  80a8    0041b340   __imp_GetMessageA
  80ac    0041b344   __imp_TranslateAcceleratorA
  80b0    0041b348   __imp_TranslateMessage
  80b4    0041b34c   __imp_DispatchMessageA
  80b8    0041b350   __imp_LoadStringA
  80bc    0041b354   __imp_MessageBoxA
  80c0    0041b358   __imp_CoUninitialize
  80c4    0041b35c   ??_7CVirWindow@@6B@
  80c8    0041b360   ??_7CAboutBox@@6B@
  80cc    0041b364   ??_7CVirDialog@@6B@
  80d0    0041b368   __mbcodepage
  80d4    0041b36c   _mbctype
  80d8    0041b370   _pow10pos
  80dc    0041b374   _pow10neg
  80e0    0041b378   _crtheap
  80e4    0041b37c   _newmode
  80e8    0041b380   __imp_HeapAlloc
  80ec    0041b384   ??_C@_06LKFM@1?$CDSNAN?$AA@
  80f0    0041b388   ??_C@_05EDPF@1?$CDIND?$AA@
  80f4    0041b38c   ??_C@_05BGNL@1?$CDINF?$AA@
  80f8    0041b390   ??_C@_06PAPI@1?$CDQNAN?$AA@
  80fc    0041b394   __decimal_point
  8100    0041b398   __mb_cur_max
  8104    0041b39c   _pctype
  810c    0041b3a4   __imp_LCMapStringW
  8110    0041b3a8   ??_C@_13A@?$AA?$AA?$AA?$AA?$AA?$AA?$AA?$AA@
  8114    0041b3ac   __imp_LCMapStringA
  8118    0041b3b0   ??_C@_01A@?$AA?$AA@
  811c    0041b3b4   __lc_codepage
  8120    0041b3b8   __imp_WideCharToMultiByte
  8124    0041b3bc   __imp_MultiByteToWideChar
  812c    0041b3c4   __imp_GetStringTypeW
  8130    0041b3c8   __imp_GetStringTypeA
  8134    0041b3cc   __lc_handle
  814c    0041b3e4   ??_C@_05OFLO@e?$CL000?$AA@
  8154    0041b3ec   ??_C@_0L@HKL@user32?4dll?$AA@
  8158    0041b3f0   __imp_LoadLibraryA
  815c    0041b3f4   ??_C@_0M@PKCK@MessageBoxA?$AA@
  8160    0041b3f8   __imp_GetProcAddress
  8164    0041b3fc   ??_C@_0BA@GILI@GetActiveWindow?$AA@
  8168    0041b400   ??_C@_0BD@NJFP@GetLastActivePopup?$AA@
  816c    0041b404   __NLG_Destination
  8170    0041b408   _cfltcvt_tab
  8174    0041b40c   _cfltcvt
  8178    0041b410   _cropzeros
  817c    0041b414   _fassign
  8180    0041b418   _forcdecpt
  8184    0041b41c   _positive
  8188    0041b420   __fastflag
  818c    0041b424   ?_pnhHeap@@3P6AHI@ZA
  8190    0041b428   __error_mode
  8194    0041b42c   __app_type
  8198    0041b430   _adbgmsg
  81a0    0041b438   __imp_GetModuleFileNameA
  81a4    0041b43c   ??_C@_0BH@NNCD@?$DMprogram?5name?5unknown?$DO?$AA@
  81a8    0041b440   ??_C@_03NAME@?4?4?4?$AA@
  81ac    0041b444   ??_C@_0BK@DEOK@Runtime?5Error?$CB?6?6Program?3?5?$AA@
  81b0    0041b448   ??_C@_02JJJH@?6?6?$AA@
  81b4    0041b44c   ??_C@_0CF@JPDF@Microsoft?5Visual?5C?$CL?$CL?5Runtime?5Lib@
  81b8    0041b450   __pioinfo
  81bc    0041b454   __imp_GetStdHandle
  81c0    0041b458   __imp_WriteFile
  81c4    0041b45c   __imp_HeapCreate
  81c8    0041b460   __imp_HeapDestroy
  81cc    0041b464   _nhandle
  81d0    0041b468   __imp_GetStartupInfoA
  81d4    0041b46c   __imp_GetFileType
  81d8    0041b470   __imp_SetHandleCount
  81e0    0041b478   __mbulinfo
  81e4    0041b47c   __mblcid
  81e8    0041b480   __imp_GetCPInfo
  81ec    0041b484   __imp_GetOEMCP
  81f0    0041b488   __imp_GetACP
  81f8    0041b490   __imp_GetEnvironmentStringsW
  81fc    0041b494   __imp_GetEnvironmentStrings
  8200    0041b498   __imp_FreeEnvironmentStringsW
  8204    0041b49c   __imp_FreeEnvironmentStringsA
  820c    0041b4a4   _acmdln
  8210    0041b4a8   _pgmptr
  8214    0041b4ac   __argc
  8218    0041b4b0   __argv
  821c    0041b4b4   _aenvptr
  8220    0041b4b8   _environ
  8224    0041b4bc   _ctype
  8228    0041b4c0   _pxcptinfoptrs
  822c    0041b4c4   _Num_FPE
  8230    0041b4c8   _First_FPE_Indx
  8234    0041b4cc   _XcptActTab
  8238    0041b4d0   _fpecode
  823c    0041b4d4   __imp_UnhandledExceptionFilter
  8240    0041b4d8   _XcptActTabCount
  8244    0041b4dc   __imp_RtlUnwind
  8248    0041b4e0   __xi_a
  824c    0041b4e4   __xi_z
  8250    0041b4e8   __xc_a
  8254    0041b4ec   __xc_z
  8258    0041b4f0   _C_Exit_Done
  825c    0041b4f4   __imp_TerminateProcess
  8260    0041b4f8   __imp_GetCurrentProcess
  8264    0041b4fc   _C_Termination_Done
  8268    0041b500   _exitflag
  826c    0041b504   __onexitbegin
  8270    0041b508   __onexitend
  8274    0041b50c   __xp_a
  8278    0041b510   __xp_z
  827c    0041b514   __xt_a
  8280    0041b518   __xt_z
  8284    0041b51c   __imp_ExitProcess
  8288    0041b520   __imp_HeapFree
  828c    0041b524   __imp_GetVersion
  8290    0041b528   _osver
  8294    0041b52c   _winminor
  8298    0041b530   _winmajor
  829c    0041b534   _winver
  82a0    0041b538   __imp_GetCommandLineA
  82a4    0041b53c   __imp_GetModuleHandleA
  82a8    0041b540   _aexit_rtn
  82ac    0041b544   __imp_CoGetMalloc
  82b0    0041b548   __imp_StringFromGUID2
  82b4    0041b54c   __imp_CoTaskMemFree
  82b8    0041b550   __imp_WriteFmtUserTypeStg
  82bc    0041b554   __imp_StgIsStorageFile
  82c0    0041b558   __imp_StgCreateDocfile
  82c4    0041b55c   __imp_StgOpenStorage
  82cc    0041b564   __imp_GetDeviceCaps
  82d0    0041b568   __imp_GlobalAlloc
  82d4    0041b56c   __imp_GlobalLock
  82d8    0041b570   __imp_CreatePalette
  82dc    0041b574   __imp_GlobalUnlock
  82e0    0041b578   __imp_GlobalFree
  82e4    0041b57c   __imp_BeginPaint
  82e8    0041b580   __imp_GetClientRect
  82ec    0041b584   __imp_SetMapMode
  82f0    0041b588   __imp_SelectPalette
  82f4    0041b58c   __imp_RealizePalette
  82f8    0041b590   __imp_SetWindowExtEx
  82fc    0041b594   __imp_SetViewportExtEx
  8300    0041b598   __imp_SetViewportOrgEx
  8304    0041b59c   __imp_CreateSolidBrush
  8308    0041b5a0   __imp_SetRect
  830c    0041b5a4   __imp_FillRect
  8310    0041b5a8   __imp_DeleteObject
  8314    0041b5ac   __imp_EndPaint
  8318    0041b5b0   __imp_CreateFileA
  831c    0041b5b4   __imp_CloseHandle
  8320    0041b5b8   __imp_lstrcpyA
  8324    0041b5bc   __imp_lstrcatA
  8328    0041b5c0   __imp_CreateProcessA
  832c    0041b5c4   __imp_wvsprintfA
  8330    0041b5c8   __imp_FormatMessageA
  8334    0041b5cc   __imp_GetWindowLongA
  8338    0041b5d0   __imp_SetWindowLongA
  833c    0041b5d4   __imp_CreateWindowExA
  8340    0041b5d8   __imp_DialogBoxParamA
  8344    0041b5dc   DialogProc
  8348    0041b5e0   __imp_GetDlgItem
  834c    0041b5e4   __imp_SetFocus
  8350    0041b5e8   __imp_EndDialog
  8354    0041b5ec   __imp_InvalidateRect
  8358    0041b5f0   __imp_IsWindow
  835c    0041b5f4   __imp_SendMessageA
  8360    0041b5f8   __imp_MoveWindow
  8364    0041b5fc   __imp_OpenClipboard
  8368    0041b600   __imp_EmptyClipboard
  836c    0041b604   __imp_SetClipboardData
  8370    0041b608   __imp_CloseClipboard
  8374    0041b60c   __imp_lstrlenA

